#Build: Fabric Compiler 2022.2-SP6.4, Build 146967, Jan 31 01:39 2024
#Install: C:\pango\PDS_2022.2-SP6.4\bin
#Application name: pds_shell.exe
#OS: Windows 10 10.0.22631
#Hostname: DESKTOP-VB8TKRO
Generated by Fabric Compiler (version 2022.2-SP6.4 build 146967) at Wed Jul  8 23:22:19 2026
Compiling verification operator library.
Compiling common defs.
Compiling prim grid devices.
Compiling gate devices.
Compiling gate operators.
Building architecture model.
Loading device packaging model.
pnr strategy configuration : 
strategy name : 0
Building architecture floorplan logic view.
Constraint check start.
Executing : def_port {hd_sda} LOC=J14 VCCIO=3.3 IOSTANDARD=LVCMOS33 DRIVE=8 SLEW=SLOW NONE=TRUE
C: ConstraintEditor-2002: [C:/Users/Datou21/Desktop/PDS/back1/cnn_usb_copy/prj_pds/device_map/hdmi_loop.pcf(line number: 3)] | Port hd_sda has been placed at location J14, whose type is share pin.
Executing : def_port {hd_sda} LOC=J14 VCCIO=3.3 IOSTANDARD=LVCMOS33 DRIVE=8 SLEW=SLOW NONE=TRUE successfully
Executing : def_port {mem_dq[0]} LOC=G5 VCCIO=1.5 IOSTANDARD=HSTL15_I DRIVE=8 SLEW=SLOW NONE=TRUE
Executing : def_port {mem_dq[0]} LOC=G5 VCCIO=1.5 IOSTANDARD=HSTL15_I DRIVE=8 SLEW=SLOW NONE=TRUE successfully
Executing : def_port {mem_dq[1]} LOC=J6 VCCIO=1.5 IOSTANDARD=HSTL15_I DRIVE=8 SLEW=SLOW NONE=TRUE
C: ConstraintEditor-2002: [C:/Users/Datou21/Desktop/PDS/back1/cnn_usb_copy/prj_pds/device_map/hdmi_loop.pcf(line number: 5)] | Port mem_dq[1] has been placed at location J6, whose type is share pin.
Executing : def_port {mem_dq[1]} LOC=J6 VCCIO=1.5 IOSTANDARD=HSTL15_I DRIVE=8 SLEW=SLOW NONE=TRUE successfully
Executing : def_port {mem_dq[2]} LOC=F5 VCCIO=1.5 IOSTANDARD=HSTL15_I DRIVE=8 SLEW=SLOW NONE=TRUE
Executing : def_port {mem_dq[2]} LOC=F5 VCCIO=1.5 IOSTANDARD=HSTL15_I DRIVE=8 SLEW=SLOW NONE=TRUE successfully
Executing : def_port {mem_dq[3]} LOC=L8 VCCIO=1.5 IOSTANDARD=HSTL15_I DRIVE=8 SLEW=SLOW NONE=TRUE
C: ConstraintEditor-2002: [C:/Users/Datou21/Desktop/PDS/back1/cnn_usb_copy/prj_pds/device_map/hdmi_loop.pcf(line number: 7)] | Port mem_dq[3] has been placed at location L8, whose type is share pin.
Executing : def_port {mem_dq[3]} LOC=L8 VCCIO=1.5 IOSTANDARD=HSTL15_I DRIVE=8 SLEW=SLOW NONE=TRUE successfully
Executing : def_port {mem_dq[4]} LOC=G4 VCCIO=1.5 IOSTANDARD=HSTL15_I DRIVE=8 SLEW=SLOW NONE=TRUE
Executing : def_port {mem_dq[4]} LOC=G4 VCCIO=1.5 IOSTANDARD=HSTL15_I DRIVE=8 SLEW=SLOW NONE=TRUE successfully
Executing : def_port {mem_dq[5]} LOC=K7 VCCIO=1.5 IOSTANDARD=HSTL15_I DRIVE=8 SLEW=SLOW NONE=TRUE
C: ConstraintEditor-2002: [C:/Users/Datou21/Desktop/PDS/back1/cnn_usb_copy/prj_pds/device_map/hdmi_loop.pcf(line number: 9)] | Port mem_dq[5] has been placed at location K7, whose type is share pin.
Executing : def_port {mem_dq[5]} LOC=K7 VCCIO=1.5 IOSTANDARD=HSTL15_I DRIVE=8 SLEW=SLOW NONE=TRUE successfully
Executing : def_port {mem_dq[6]} LOC=F4 VCCIO=1.5 IOSTANDARD=HSTL15_I DRIVE=8 SLEW=SLOW NONE=TRUE
Executing : def_port {mem_dq[6]} LOC=F4 VCCIO=1.5 IOSTANDARD=HSTL15_I DRIVE=8 SLEW=SLOW NONE=TRUE successfully
Executing : def_port {mem_dq[7]} LOC=J5 VCCIO=1.5 IOSTANDARD=HSTL15_I DRIVE=8 SLEW=SLOW NONE=TRUE
C: ConstraintEditor-2002: [C:/Users/Datou21/Desktop/PDS/back1/cnn_usb_copy/prj_pds/device_map/hdmi_loop.pcf(line number: 11)] | Port mem_dq[7] has been placed at location J5, whose type is share pin.
Executing : def_port {mem_dq[7]} LOC=J5 VCCIO=1.5 IOSTANDARD=HSTL15_I DRIVE=8 SLEW=SLOW NONE=TRUE successfully
Executing : def_port {mem_dq[8]} LOC=H6 VCCIO=1.5 IOSTANDARD=HSTL15_I DRIVE=8 SLEW=SLOW NONE=TRUE
C: ConstraintEditor-2002: [C:/Users/Datou21/Desktop/PDS/back1/cnn_usb_copy/prj_pds/device_map/hdmi_loop.pcf(line number: 12)] | Port mem_dq[8] has been placed at location H6, whose type is share pin.
Executing : def_port {mem_dq[8]} LOC=H6 VCCIO=1.5 IOSTANDARD=HSTL15_I DRIVE=8 SLEW=SLOW NONE=TRUE successfully
Executing : def_port {mem_dq[9]} LOC=F8 VCCIO=1.5 IOSTANDARD=HSTL15_I DRIVE=8 SLEW=SLOW NONE=TRUE
Executing : def_port {mem_dq[9]} LOC=F8 VCCIO=1.5 IOSTANDARD=HSTL15_I DRIVE=8 SLEW=SLOW NONE=TRUE successfully
Executing : def_port {mem_dq[10]} LOC=H8 VCCIO=1.5 IOSTANDARD=HSTL15_I DRIVE=8 SLEW=SLOW NONE=TRUE
C: ConstraintEditor-2002: [C:/Users/Datou21/Desktop/PDS/back1/cnn_usb_copy/prj_pds/device_map/hdmi_loop.pcf(line number: 14)] | Port mem_dq[10] has been placed at location H8, whose type is share pin.
Executing : def_port {mem_dq[10]} LOC=H8 VCCIO=1.5 IOSTANDARD=HSTL15_I DRIVE=8 SLEW=SLOW NONE=TRUE successfully
Executing : def_port {mem_dq[11]} LOC=D6 VCCIO=1.5 IOSTANDARD=HSTL15_I DRIVE=8 SLEW=SLOW NONE=TRUE
C: ConstraintEditor-2002: [C:/Users/Datou21/Desktop/PDS/back1/cnn_usb_copy/prj_pds/device_map/hdmi_loop.pcf(line number: 15)] | Port mem_dq[11] has been placed at location D6, whose type is share pin.
Executing : def_port {mem_dq[11]} LOC=D6 VCCIO=1.5 IOSTANDARD=HSTL15_I DRIVE=8 SLEW=SLOW NONE=TRUE successfully
Executing : def_port {mem_dq[12]} LOC=G8 VCCIO=1.5 IOSTANDARD=HSTL15_I DRIVE=8 SLEW=SLOW NONE=TRUE
C: ConstraintEditor-2002: [C:/Users/Datou21/Desktop/PDS/back1/cnn_usb_copy/prj_pds/device_map/hdmi_loop.pcf(line number: 16)] | Port mem_dq[12] has been placed at location G8, whose type is share pin.
Executing : def_port {mem_dq[12]} LOC=G8 VCCIO=1.5 IOSTANDARD=HSTL15_I DRIVE=8 SLEW=SLOW NONE=TRUE successfully
Executing : def_port {mem_dq[13]} LOC=E6 VCCIO=1.5 IOSTANDARD=HSTL15_I DRIVE=8 SLEW=SLOW NONE=TRUE
C: ConstraintEditor-2002: [C:/Users/Datou21/Desktop/PDS/back1/cnn_usb_copy/prj_pds/device_map/hdmi_loop.pcf(line number: 17)] | Port mem_dq[13] has been placed at location E6, whose type is share pin.
Executing : def_port {mem_dq[13]} LOC=E6 VCCIO=1.5 IOSTANDARD=HSTL15_I DRIVE=8 SLEW=SLOW NONE=TRUE successfully
Executing : def_port {mem_dq[14]} LOC=H9 VCCIO=1.5 IOSTANDARD=HSTL15_I DRIVE=8 SLEW=SLOW NONE=TRUE
Executing : def_port {mem_dq[14]} LOC=H9 VCCIO=1.5 IOSTANDARD=HSTL15_I DRIVE=8 SLEW=SLOW NONE=TRUE successfully
Executing : def_port {mem_dq[15]} LOC=G6 VCCIO=1.5 IOSTANDARD=HSTL15_I DRIVE=8 SLEW=SLOW NONE=TRUE
C: ConstraintEditor-2002: [C:/Users/Datou21/Desktop/PDS/back1/cnn_usb_copy/prj_pds/device_map/hdmi_loop.pcf(line number: 19)] | Port mem_dq[15] has been placed at location G6, whose type is share pin.
Executing : def_port {mem_dq[15]} LOC=G6 VCCIO=1.5 IOSTANDARD=HSTL15_I DRIVE=8 SLEW=SLOW NONE=TRUE successfully
Executing : def_port {mem_dq[16]} LOC=C4 VCCIO=1.5 IOSTANDARD=HSTL15_I DRIVE=8 SLEW=SLOW NONE=TRUE
Executing : def_port {mem_dq[16]} LOC=C4 VCCIO=1.5 IOSTANDARD=HSTL15_I DRIVE=8 SLEW=SLOW NONE=TRUE successfully
Executing : def_port {mem_dq[17]} LOC=D4 VCCIO=1.5 IOSTANDARD=HSTL15_I DRIVE=8 SLEW=SLOW NONE=TRUE
Executing : def_port {mem_dq[17]} LOC=D4 VCCIO=1.5 IOSTANDARD=HSTL15_I DRIVE=8 SLEW=SLOW NONE=TRUE successfully
Executing : def_port {mem_dq[18]} LOC=A4 VCCIO=1.5 IOSTANDARD=HSTL15_I DRIVE=8 SLEW=SLOW NONE=TRUE
Executing : def_port {mem_dq[18]} LOC=A4 VCCIO=1.5 IOSTANDARD=HSTL15_I DRIVE=8 SLEW=SLOW NONE=TRUE successfully
Executing : def_port {mem_dq[19]} LOC=E3 VCCIO=1.5 IOSTANDARD=HSTL15_I DRIVE=8 SLEW=SLOW NONE=TRUE
Executing : def_port {mem_dq[19]} LOC=E3 VCCIO=1.5 IOSTANDARD=HSTL15_I DRIVE=8 SLEW=SLOW NONE=TRUE successfully
Executing : def_port {mem_dq[20]} LOC=C3 VCCIO=1.5 IOSTANDARD=HSTL15_I DRIVE=8 SLEW=SLOW NONE=TRUE
Executing : def_port {mem_dq[20]} LOC=C3 VCCIO=1.5 IOSTANDARD=HSTL15_I DRIVE=8 SLEW=SLOW NONE=TRUE successfully
Executing : def_port {mem_dq[21]} LOC=F3 VCCIO=1.5 IOSTANDARD=HSTL15_I DRIVE=8 SLEW=SLOW NONE=TRUE
Executing : def_port {mem_dq[21]} LOC=F3 VCCIO=1.5 IOSTANDARD=HSTL15_I DRIVE=8 SLEW=SLOW NONE=TRUE successfully
Executing : def_port {mem_dq[22]} LOC=B4 VCCIO=1.5 IOSTANDARD=HSTL15_I DRIVE=8 SLEW=SLOW NONE=TRUE
Executing : def_port {mem_dq[22]} LOC=B4 VCCIO=1.5 IOSTANDARD=HSTL15_I DRIVE=8 SLEW=SLOW NONE=TRUE successfully
Executing : def_port {mem_dq[23]} LOC=D3 VCCIO=1.5 IOSTANDARD=HSTL15_I DRIVE=8 SLEW=SLOW NONE=TRUE
Executing : def_port {mem_dq[23]} LOC=D3 VCCIO=1.5 IOSTANDARD=HSTL15_I DRIVE=8 SLEW=SLOW NONE=TRUE successfully
Executing : def_port {mem_dq[24]} LOC=F2 VCCIO=1.5 IOSTANDARD=HSTL15_I DRIVE=8 SLEW=SLOW NONE=TRUE
Executing : def_port {mem_dq[24]} LOC=F2 VCCIO=1.5 IOSTANDARD=HSTL15_I DRIVE=8 SLEW=SLOW NONE=TRUE successfully
Executing : def_port {mem_dq[25]} LOC=D1 VCCIO=1.5 IOSTANDARD=HSTL15_I DRIVE=8 SLEW=SLOW NONE=TRUE
Executing : def_port {mem_dq[25]} LOC=D1 VCCIO=1.5 IOSTANDARD=HSTL15_I DRIVE=8 SLEW=SLOW NONE=TRUE successfully
Executing : def_port {mem_dq[26]} LOC=G1 VCCIO=1.5 IOSTANDARD=HSTL15_I DRIVE=8 SLEW=SLOW NONE=TRUE
Executing : def_port {mem_dq[26]} LOC=G1 VCCIO=1.5 IOSTANDARD=HSTL15_I DRIVE=8 SLEW=SLOW NONE=TRUE successfully
Executing : def_port {mem_dq[27]} LOC=A2 VCCIO=1.5 IOSTANDARD=HSTL15_I DRIVE=8 SLEW=SLOW NONE=TRUE
Executing : def_port {mem_dq[27]} LOC=A2 VCCIO=1.5 IOSTANDARD=HSTL15_I DRIVE=8 SLEW=SLOW NONE=TRUE successfully
Executing : def_port {mem_dq[28]} LOC=E1 VCCIO=1.5 IOSTANDARD=HSTL15_I DRIVE=8 SLEW=SLOW NONE=TRUE
Executing : def_port {mem_dq[28]} LOC=E1 VCCIO=1.5 IOSTANDARD=HSTL15_I DRIVE=8 SLEW=SLOW NONE=TRUE successfully
Executing : def_port {mem_dq[29]} LOC=A3 VCCIO=1.5 IOSTANDARD=HSTL15_I DRIVE=8 SLEW=SLOW NONE=TRUE
Executing : def_port {mem_dq[29]} LOC=A3 VCCIO=1.5 IOSTANDARD=HSTL15_I DRIVE=8 SLEW=SLOW NONE=TRUE successfully
Executing : def_port {mem_dq[30]} LOC=G2 VCCIO=1.5 IOSTANDARD=HSTL15_I DRIVE=8 SLEW=SLOW NONE=TRUE
Executing : def_port {mem_dq[30]} LOC=G2 VCCIO=1.5 IOSTANDARD=HSTL15_I DRIVE=8 SLEW=SLOW NONE=TRUE successfully
Executing : def_port {mem_dq[31]} LOC=C2 VCCIO=1.5 IOSTANDARD=HSTL15_I DRIVE=8 SLEW=SLOW NONE=TRUE
Executing : def_port {mem_dq[31]} LOC=C2 VCCIO=1.5 IOSTANDARD=HSTL15_I DRIVE=8 SLEW=SLOW NONE=TRUE successfully
Executing : def_port {mem_dqs[0]} LOC=J4 VCCIO=1.5 IOSTANDARD=HSTL15D_I DRIVE=8 SLEW=SLOW NONE=TRUE
C: ConstraintEditor-2002: [C:/Users/Datou21/Desktop/PDS/back1/cnn_usb_copy/prj_pds/device_map/hdmi_loop.pcf(line number: 36)] | Port mem_dqs[0] has been placed at location J4, whose type is share pin.
Executing : def_port {mem_dqs[0]} LOC=J4 VCCIO=1.5 IOSTANDARD=HSTL15D_I DRIVE=8 SLEW=SLOW NONE=TRUE successfully
Executing : def_port {mem_dqs[1]} LOC=H7 VCCIO=1.5 IOSTANDARD=HSTL15D_I DRIVE=8 SLEW=SLOW NONE=TRUE
C: ConstraintEditor-2002: [C:/Users/Datou21/Desktop/PDS/back1/cnn_usb_copy/prj_pds/device_map/hdmi_loop.pcf(line number: 37)] | Port mem_dqs[1] has been placed at location H7, whose type is share pin.
Executing : def_port {mem_dqs[1]} LOC=H7 VCCIO=1.5 IOSTANDARD=HSTL15D_I DRIVE=8 SLEW=SLOW NONE=TRUE successfully
Executing : def_port {mem_dqs[2]} LOC=B5 VCCIO=1.5 IOSTANDARD=HSTL15D_I DRIVE=8 SLEW=SLOW NONE=TRUE
Executing : def_port {mem_dqs[2]} LOC=B5 VCCIO=1.5 IOSTANDARD=HSTL15D_I DRIVE=8 SLEW=SLOW NONE=TRUE successfully
Executing : def_port {mem_dqs[3]} LOC=C1 VCCIO=1.5 IOSTANDARD=HSTL15D_I DRIVE=8 SLEW=SLOW NONE=TRUE
Executing : def_port {mem_dqs[3]} LOC=C1 VCCIO=1.5 IOSTANDARD=HSTL15D_I DRIVE=8 SLEW=SLOW NONE=TRUE successfully
Executing : def_port {mem_dqs_n[0]} LOC=H4 VCCIO=1.5 IOSTANDARD=HSTL15D_I DRIVE=8 SLEW=SLOW NONE=TRUE
C: ConstraintEditor-2002: [C:/Users/Datou21/Desktop/PDS/back1/cnn_usb_copy/prj_pds/device_map/hdmi_loop.pcf(line number: 40)] | Port mem_dqs_n[0] has been placed at location H4, whose type is share pin.
Executing : def_port {mem_dqs_n[0]} LOC=H4 VCCIO=1.5 IOSTANDARD=HSTL15D_I DRIVE=8 SLEW=SLOW NONE=TRUE successfully
Executing : def_port {mem_dqs_n[1]} LOC=G7 VCCIO=1.5 IOSTANDARD=HSTL15D_I DRIVE=8 SLEW=SLOW NONE=TRUE
C: ConstraintEditor-2002: [C:/Users/Datou21/Desktop/PDS/back1/cnn_usb_copy/prj_pds/device_map/hdmi_loop.pcf(line number: 41)] | Port mem_dqs_n[1] has been placed at location G7, whose type is share pin.
Executing : def_port {mem_dqs_n[1]} LOC=G7 VCCIO=1.5 IOSTANDARD=HSTL15D_I DRIVE=8 SLEW=SLOW NONE=TRUE successfully
Executing : def_port {mem_dqs_n[2]} LOC=A5 VCCIO=1.5 IOSTANDARD=HSTL15D_I DRIVE=8 SLEW=SLOW NONE=TRUE
Executing : def_port {mem_dqs_n[2]} LOC=A5 VCCIO=1.5 IOSTANDARD=HSTL15D_I DRIVE=8 SLEW=SLOW NONE=TRUE successfully
Executing : def_port {mem_dqs_n[3]} LOC=B1 VCCIO=1.5 IOSTANDARD=HSTL15D_I DRIVE=8 SLEW=SLOW NONE=TRUE
Executing : def_port {mem_dqs_n[3]} LOC=B1 VCCIO=1.5 IOSTANDARD=HSTL15D_I DRIVE=8 SLEW=SLOW NONE=TRUE successfully
Executing : def_port {ddr_init_done} LOC=C18 VCCIO=3.3 IOSTANDARD=LVCMOS33 DRIVE=8 SLEW=FAST PULLUP=TRUE
Executing : def_port {ddr_init_done} LOC=C18 VCCIO=3.3 IOSTANDARD=LVCMOS33 DRIVE=8 SLEW=FAST PULLUP=TRUE successfully
Executing : def_port {hd_scl} LOC=J15 VCCIO=3.3 IOSTANDARD=LVCMOS33 DRIVE=8 SLEW=SLOW NONE=TRUE
C: ConstraintEditor-2002: [C:/Users/Datou21/Desktop/PDS/back1/cnn_usb_copy/prj_pds/device_map/hdmi_loop.pcf(line number: 45)] | Port hd_scl has been placed at location J15, whose type is share pin.
Executing : def_port {hd_scl} LOC=J15 VCCIO=3.3 IOSTANDARD=LVCMOS33 DRIVE=8 SLEW=SLOW NONE=TRUE successfully
Executing : def_port {led_int} LOC=A20 VCCIO=3.3 IOSTANDARD=LVCMOS33 DRIVE=8 SLEW=SLOW NONE=TRUE
Executing : def_port {led_int} LOC=A20 VCCIO=3.3 IOSTANDARD=LVCMOS33 DRIVE=8 SLEW=SLOW NONE=TRUE successfully
Executing : def_port {mem_a[0]} LOC=J1 VCCIO=1.5 IOSTANDARD=HSTL15_I DRIVE=8 SLEW=SLOW NONE=TRUE
Executing : def_port {mem_a[0]} LOC=J1 VCCIO=1.5 IOSTANDARD=HSTL15_I DRIVE=8 SLEW=SLOW NONE=TRUE successfully
Executing : def_port {mem_a[1]} LOC=L3 VCCIO=1.5 IOSTANDARD=HSTL15_I DRIVE=8 SLEW=SLOW NONE=TRUE
Executing : def_port {mem_a[1]} LOC=L3 VCCIO=1.5 IOSTANDARD=HSTL15_I DRIVE=8 SLEW=SLOW NONE=TRUE successfully
Executing : def_port {mem_a[2]} LOC=L2 VCCIO=1.5 IOSTANDARD=HSTL15_I DRIVE=8 SLEW=SLOW NONE=TRUE
Executing : def_port {mem_a[2]} LOC=L2 VCCIO=1.5 IOSTANDARD=HSTL15_I DRIVE=8 SLEW=SLOW NONE=TRUE successfully
Executing : def_port {mem_a[3]} LOC=P3 VCCIO=1.5 IOSTANDARD=HSTL15_I DRIVE=8 SLEW=SLOW NONE=TRUE
Executing : def_port {mem_a[3]} LOC=P3 VCCIO=1.5 IOSTANDARD=HSTL15_I DRIVE=8 SLEW=SLOW NONE=TRUE successfully
Executing : def_port {mem_a[4]} LOC=T2 VCCIO=1.5 IOSTANDARD=HSTL15_I DRIVE=8 SLEW=SLOW NONE=TRUE
Executing : def_port {mem_a[4]} LOC=T2 VCCIO=1.5 IOSTANDARD=HSTL15_I DRIVE=8 SLEW=SLOW NONE=TRUE successfully
Executing : def_port {mem_a[5]} LOC=M1 VCCIO=1.5 IOSTANDARD=HSTL15_I DRIVE=8 SLEW=SLOW NONE=TRUE
Executing : def_port {mem_a[5]} LOC=M1 VCCIO=1.5 IOSTANDARD=HSTL15_I DRIVE=8 SLEW=SLOW NONE=TRUE successfully
Executing : def_port {mem_a[6]} LOC=U1 VCCIO=1.5 IOSTANDARD=HSTL15_I DRIVE=8 SLEW=SLOW NONE=TRUE
Executing : def_port {mem_a[6]} LOC=U1 VCCIO=1.5 IOSTANDARD=HSTL15_I DRIVE=8 SLEW=SLOW NONE=TRUE successfully
Executing : def_port {mem_a[7]} LOC=K1 VCCIO=1.5 IOSTANDARD=HSTL15_I DRIVE=8 SLEW=SLOW NONE=TRUE
Executing : def_port {mem_a[7]} LOC=K1 VCCIO=1.5 IOSTANDARD=HSTL15_I DRIVE=8 SLEW=SLOW NONE=TRUE successfully
Executing : def_port {mem_a[8]} LOC=U2 VCCIO=1.5 IOSTANDARD=HSTL15_I DRIVE=8 SLEW=SLOW NONE=TRUE
Executing : def_port {mem_a[8]} LOC=U2 VCCIO=1.5 IOSTANDARD=HSTL15_I DRIVE=8 SLEW=SLOW NONE=TRUE successfully
Executing : def_port {mem_a[9]} LOC=K2 VCCIO=1.5 IOSTANDARD=HSTL15_I DRIVE=8 SLEW=SLOW NONE=TRUE
Executing : def_port {mem_a[9]} LOC=K2 VCCIO=1.5 IOSTANDARD=HSTL15_I DRIVE=8 SLEW=SLOW NONE=TRUE successfully
Executing : def_port {mem_a[10]} LOC=T3 VCCIO=1.5 IOSTANDARD=HSTL15_I DRIVE=8 SLEW=SLOW NONE=TRUE
Executing : def_port {mem_a[10]} LOC=T3 VCCIO=1.5 IOSTANDARD=HSTL15_I DRIVE=8 SLEW=SLOW NONE=TRUE successfully
Executing : def_port {mem_a[11]} LOC=P1 VCCIO=1.5 IOSTANDARD=HSTL15_I DRIVE=8 SLEW=SLOW NONE=TRUE
Executing : def_port {mem_a[11]} LOC=P1 VCCIO=1.5 IOSTANDARD=HSTL15_I DRIVE=8 SLEW=SLOW NONE=TRUE successfully
Executing : def_port {mem_a[12]} LOC=T4 VCCIO=1.5 IOSTANDARD=HSTL15_I DRIVE=8 SLEW=SLOW NONE=TRUE
Executing : def_port {mem_a[12]} LOC=T4 VCCIO=1.5 IOSTANDARD=HSTL15_I DRIVE=8 SLEW=SLOW NONE=TRUE successfully
Executing : def_port {mem_a[13]} LOC=M2 VCCIO=1.5 IOSTANDARD=HSTL15_I DRIVE=8 SLEW=SLOW NONE=TRUE
Executing : def_port {mem_a[13]} LOC=M2 VCCIO=1.5 IOSTANDARD=HSTL15_I DRIVE=8 SLEW=SLOW NONE=TRUE successfully
Executing : def_port {mem_a[14]} LOC=N1 VCCIO=1.5 IOSTANDARD=HSTL15_I DRIVE=8 SLEW=SLOW NONE=TRUE
Executing : def_port {mem_a[14]} LOC=N1 VCCIO=1.5 IOSTANDARD=HSTL15_I DRIVE=8 SLEW=SLOW NONE=TRUE successfully
Executing : def_port {mem_ba[0]} LOC=P4 VCCIO=1.5 IOSTANDARD=HSTL15_I DRIVE=8 SLEW=SLOW NONE=TRUE
Executing : def_port {mem_ba[0]} LOC=P4 VCCIO=1.5 IOSTANDARD=HSTL15_I DRIVE=8 SLEW=SLOW NONE=TRUE successfully
Executing : def_port {mem_ba[1]} LOC=R2 VCCIO=1.5 IOSTANDARD=HSTL15_I DRIVE=8 SLEW=SLOW NONE=TRUE
Executing : def_port {mem_ba[1]} LOC=R2 VCCIO=1.5 IOSTANDARD=HSTL15_I DRIVE=8 SLEW=SLOW NONE=TRUE successfully
Executing : def_port {mem_ba[2]} LOC=T5 VCCIO=1.5 IOSTANDARD=HSTL15_I DRIVE=8 SLEW=SLOW NONE=TRUE
Executing : def_port {mem_ba[2]} LOC=T5 VCCIO=1.5 IOSTANDARD=HSTL15_I DRIVE=8 SLEW=SLOW NONE=TRUE successfully
Executing : def_port {mem_cas_n} LOC=T7 VCCIO=1.5 IOSTANDARD=HSTL15_I DRIVE=8 SLEW=SLOW NONE=TRUE
Executing : def_port {mem_cas_n} LOC=T7 VCCIO=1.5 IOSTANDARD=HSTL15_I DRIVE=8 SLEW=SLOW NONE=TRUE successfully
Executing : def_port {mem_ck} LOC=U6 VCCIO=1.5 IOSTANDARD=HSTL15D_I DRIVE=8 SLEW=SLOW NONE=TRUE
Executing : def_port {mem_ck} LOC=U6 VCCIO=1.5 IOSTANDARD=HSTL15D_I DRIVE=8 SLEW=SLOW NONE=TRUE successfully
Executing : def_port {mem_ck_n} LOC=U5 VCCIO=1.5 IOSTANDARD=HSTL15D_I DRIVE=8 SLEW=SLOW NONE=TRUE
Executing : def_port {mem_ck_n} LOC=U5 VCCIO=1.5 IOSTANDARD=HSTL15D_I DRIVE=8 SLEW=SLOW NONE=TRUE successfully
Executing : def_port {mem_cke} LOC=R1 VCCIO=1.5 IOSTANDARD=HSTL15_I DRIVE=8 SLEW=SLOW NONE=TRUE
Executing : def_port {mem_cke} LOC=R1 VCCIO=1.5 IOSTANDARD=HSTL15_I DRIVE=8 SLEW=SLOW NONE=TRUE successfully
Executing : def_port {mem_cs_n} LOC=N4 VCCIO=1.5 IOSTANDARD=HSTL15_I DRIVE=8 SLEW=SLOW NONE=TRUE
Executing : def_port {mem_cs_n} LOC=N4 VCCIO=1.5 IOSTANDARD=HSTL15_I DRIVE=8 SLEW=SLOW NONE=TRUE successfully
Executing : def_port {mem_dm[0]} LOC=K6 VCCIO=1.5 IOSTANDARD=HSTL15_I DRIVE=8 SLEW=SLOW NONE=TRUE
C: ConstraintEditor-2002: [C:/Users/Datou21/Desktop/PDS/back1/cnn_usb_copy/prj_pds/device_map/hdmi_loop.pcf(line number: 70)] | Port mem_dm[0] has been placed at location K6, whose type is share pin.
Executing : def_port {mem_dm[0]} LOC=K6 VCCIO=1.5 IOSTANDARD=HSTL15_I DRIVE=8 SLEW=SLOW NONE=TRUE successfully
Executing : def_port {mem_dm[1]} LOC=F7 VCCIO=1.5 IOSTANDARD=HSTL15_I DRIVE=8 SLEW=SLOW NONE=TRUE
Executing : def_port {mem_dm[1]} LOC=F7 VCCIO=1.5 IOSTANDARD=HSTL15_I DRIVE=8 SLEW=SLOW NONE=TRUE successfully
Executing : def_port {mem_dm[2]} LOC=D5 VCCIO=1.5 IOSTANDARD=HSTL15_I DRIVE=8 SLEW=SLOW NONE=TRUE
Executing : def_port {mem_dm[2]} LOC=D5 VCCIO=1.5 IOSTANDARD=HSTL15_I DRIVE=8 SLEW=SLOW NONE=TRUE successfully
Executing : def_port {mem_dm[3]} LOC=E2 VCCIO=1.5 IOSTANDARD=HSTL15_I DRIVE=8 SLEW=SLOW NONE=TRUE
Executing : def_port {mem_dm[3]} LOC=E2 VCCIO=1.5 IOSTANDARD=HSTL15_I DRIVE=8 SLEW=SLOW NONE=TRUE successfully
Executing : def_port {mem_odt} LOC=H2 VCCIO=1.5 IOSTANDARD=HSTL15_I DRIVE=8 SLEW=SLOW NONE=TRUE
Executing : def_port {mem_odt} LOC=H2 VCCIO=1.5 IOSTANDARD=HSTL15_I DRIVE=8 SLEW=SLOW NONE=TRUE successfully
Executing : def_port {mem_ras_n} LOC=P6 VCCIO=1.5 IOSTANDARD=HSTL15_I DRIVE=8 SLEW=SLOW NONE=TRUE
Executing : def_port {mem_ras_n} LOC=P6 VCCIO=1.5 IOSTANDARD=HSTL15_I DRIVE=8 SLEW=SLOW NONE=TRUE successfully
Executing : def_port {mem_rst_n} LOC=H1 VCCIO=1.5 IOSTANDARD=HSTL15_I DRIVE=8 SLEW=SLOW NONE=TRUE
Executing : def_port {mem_rst_n} LOC=H1 VCCIO=1.5 IOSTANDARD=HSTL15_I DRIVE=8 SLEW=SLOW NONE=TRUE successfully
Executing : def_port {mem_we_n} LOC=T8 VCCIO=1.5 IOSTANDARD=HSTL15_I DRIVE=8 SLEW=SLOW NONE=TRUE
Executing : def_port {mem_we_n} LOC=T8 VCCIO=1.5 IOSTANDARD=HSTL15_I DRIVE=8 SLEW=SLOW NONE=TRUE successfully
Executing : def_port {rstn_out} LOC=G25 VCCIO=3.3 IOSTANDARD=LVCMOS33 DRIVE=8 SLEW=SLOW NONE=TRUE
C: ConstraintEditor-2002: [C:/Users/Datou21/Desktop/PDS/back1/cnn_usb_copy/prj_pds/device_map/hdmi_loop.pcf(line number: 78)] | Port rstn_out has been placed at location G25, whose type is share pin.
Executing : def_port {rstn_out} LOC=G25 VCCIO=3.3 IOSTANDARD=LVCMOS33 DRIVE=8 SLEW=SLOW NONE=TRUE successfully
Executing : def_port {tmds_clk_n} LOC=N22 VCCIO=2.5 IOSTANDARD=LVDS25 DRIVE=3.5 NONE=TRUE
Executing : def_port {tmds_clk_n} LOC=N22 VCCIO=2.5 IOSTANDARD=LVDS25 DRIVE=3.5 NONE=TRUE successfully
Executing : def_port {tmds_clk_p} LOC=N21 VCCIO=2.5 IOSTANDARD=LVDS25 DRIVE=3.5 NONE=TRUE
Executing : def_port {tmds_clk_p} LOC=N21 VCCIO=2.5 IOSTANDARD=LVDS25 DRIVE=3.5 NONE=TRUE successfully
Executing : def_port {tmds_data_n[0]} LOC=P25 VCCIO=2.5 IOSTANDARD=LVDS25 DRIVE=3.5 NONE=TRUE
C: ConstraintEditor-2002: [C:/Users/Datou21/Desktop/PDS/back1/cnn_usb_copy/prj_pds/device_map/hdmi_loop.pcf(line number: 81)] | Port tmds_data_n[0] has been placed at location P25, whose type is share pin.
Executing : def_port {tmds_data_n[0]} LOC=P25 VCCIO=2.5 IOSTANDARD=LVDS25 DRIVE=3.5 NONE=TRUE successfully
Executing : def_port {tmds_data_n[1]} LOC=P24 VCCIO=2.5 IOSTANDARD=LVDS25 DRIVE=3.5 NONE=TRUE
C: ConstraintEditor-2002: [C:/Users/Datou21/Desktop/PDS/back1/cnn_usb_copy/prj_pds/device_map/hdmi_loop.pcf(line number: 82)] | Port tmds_data_n[1] has been placed at location P24, whose type is share pin.
Executing : def_port {tmds_data_n[1]} LOC=P24 VCCIO=2.5 IOSTANDARD=LVDS25 DRIVE=3.5 NONE=TRUE successfully
Executing : def_port {tmds_data_n[2]} LOC=N24 VCCIO=2.5 IOSTANDARD=LVDS25 DRIVE=3.5 NONE=TRUE
C: ConstraintEditor-2002: [C:/Users/Datou21/Desktop/PDS/back1/cnn_usb_copy/prj_pds/device_map/hdmi_loop.pcf(line number: 83)] | Port tmds_data_n[2] has been placed at location N24, whose type is share pin.
Executing : def_port {tmds_data_n[2]} LOC=N24 VCCIO=2.5 IOSTANDARD=LVDS25 DRIVE=3.5 NONE=TRUE successfully
Executing : def_port {tmds_data_p[0]} LOC=R25 VCCIO=2.5 IOSTANDARD=LVDS25 DRIVE=3.5 NONE=TRUE
C: ConstraintEditor-2002: [C:/Users/Datou21/Desktop/PDS/back1/cnn_usb_copy/prj_pds/device_map/hdmi_loop.pcf(line number: 84)] | Port tmds_data_p[0] has been placed at location R25, whose type is share pin.
Executing : def_port {tmds_data_p[0]} LOC=R25 VCCIO=2.5 IOSTANDARD=LVDS25 DRIVE=3.5 NONE=TRUE successfully
Executing : def_port {tmds_data_p[1]} LOC=P23 VCCIO=2.5 IOSTANDARD=LVDS25 DRIVE=3.5 NONE=TRUE
C: ConstraintEditor-2002: [C:/Users/Datou21/Desktop/PDS/back1/cnn_usb_copy/prj_pds/device_map/hdmi_loop.pcf(line number: 85)] | Port tmds_data_p[1] has been placed at location P23, whose type is share pin.
Executing : def_port {tmds_data_p[1]} LOC=P23 VCCIO=2.5 IOSTANDARD=LVDS25 DRIVE=3.5 NONE=TRUE successfully
Executing : def_port {tmds_data_p[2]} LOC=N23 VCCIO=2.5 IOSTANDARD=LVDS25 DRIVE=3.5 NONE=TRUE
C: ConstraintEditor-2002: [C:/Users/Datou21/Desktop/PDS/back1/cnn_usb_copy/prj_pds/device_map/hdmi_loop.pcf(line number: 86)] | Port tmds_data_p[2] has been placed at location N23, whose type is share pin.
Executing : def_port {tmds_data_p[2]} LOC=N23 VCCIO=2.5 IOSTANDARD=LVDS25 DRIVE=3.5 NONE=TRUE successfully
Executing : def_port {b_in[0]} LOC=L18 VCCIO=3.3 IOSTANDARD=LVCMOS33 NONE=TRUE
C: ConstraintEditor-2002: [C:/Users/Datou21/Desktop/PDS/back1/cnn_usb_copy/prj_pds/device_map/hdmi_loop.pcf(line number: 87)] | Port b_in[0] has been placed at location L18, whose type is share pin.
Executing : def_port {b_in[0]} LOC=L18 VCCIO=3.3 IOSTANDARD=LVCMOS33 NONE=TRUE successfully
Executing : def_port {b_in[1]} LOC=L17 VCCIO=3.3 IOSTANDARD=LVCMOS33 NONE=TRUE
C: ConstraintEditor-2002: [C:/Users/Datou21/Desktop/PDS/back1/cnn_usb_copy/prj_pds/device_map/hdmi_loop.pcf(line number: 88)] | Port b_in[1] has been placed at location L17, whose type is share pin.
Executing : def_port {b_in[1]} LOC=L17 VCCIO=3.3 IOSTANDARD=LVCMOS33 NONE=TRUE successfully
Executing : def_port {b_in[2]} LOC=H18 VCCIO=3.3 IOSTANDARD=LVCMOS33 NONE=TRUE
C: ConstraintEditor-2002: [C:/Users/Datou21/Desktop/PDS/back1/cnn_usb_copy/prj_pds/device_map/hdmi_loop.pcf(line number: 89)] | Port b_in[2] has been placed at location H18, whose type is share pin.
Executing : def_port {b_in[2]} LOC=H18 VCCIO=3.3 IOSTANDARD=LVCMOS33 NONE=TRUE successfully
Executing : def_port {b_in[3]} LOC=J18 VCCIO=3.3 IOSTANDARD=LVCMOS33 NONE=TRUE
C: ConstraintEditor-2002: [C:/Users/Datou21/Desktop/PDS/back1/cnn_usb_copy/prj_pds/device_map/hdmi_loop.pcf(line number: 90)] | Port b_in[3] has been placed at location J18, whose type is share pin.
Executing : def_port {b_in[3]} LOC=J18 VCCIO=3.3 IOSTANDARD=LVCMOS33 NONE=TRUE successfully
Executing : def_port {b_in[4]} LOC=J21 VCCIO=3.3 IOSTANDARD=LVCMOS33 NONE=TRUE
Executing : def_port {b_in[4]} LOC=J21 VCCIO=3.3 IOSTANDARD=LVCMOS33 NONE=TRUE successfully
Executing : def_port {b_in[5]} LOC=H23 VCCIO=3.3 IOSTANDARD=LVCMOS33 NONE=TRUE
Executing : def_port {b_in[5]} LOC=H23 VCCIO=3.3 IOSTANDARD=LVCMOS33 NONE=TRUE successfully
Executing : def_port {b_in[6]} LOC=J23 VCCIO=3.3 IOSTANDARD=LVCMOS33 NONE=TRUE
Executing : def_port {b_in[6]} LOC=J23 VCCIO=3.3 IOSTANDARD=LVCMOS33 NONE=TRUE successfully
Executing : def_port {b_in[7]} LOC=H24 VCCIO=3.3 IOSTANDARD=LVCMOS33 NONE=TRUE
C: ConstraintEditor-2002: [C:/Users/Datou21/Desktop/PDS/back1/cnn_usb_copy/prj_pds/device_map/hdmi_loop.pcf(line number: 94)] | Port b_in[7] has been placed at location H24, whose type is share pin.
Executing : def_port {b_in[7]} LOC=H24 VCCIO=3.3 IOSTANDARD=LVCMOS33 NONE=TRUE successfully
Executing : def_port {clk_n} LOC=N2 VCCIO=1.5 IOSTANDARD=HSTL15D_I NONE=TRUE
Executing : def_port {clk_n} LOC=N2 VCCIO=1.5 IOSTANDARD=HSTL15D_I NONE=TRUE successfully
Executing : def_port {clk_p} LOC=N3 VCCIO=1.5 IOSTANDARD=HSTL15D_I NONE=TRUE
Executing : def_port {clk_p} LOC=N3 VCCIO=1.5 IOSTANDARD=HSTL15D_I NONE=TRUE successfully
Executing : def_port {de_in} LOC=M16 VCCIO=3.3 IOSTANDARD=LVCMOS33 NONE=TRUE
Executing : def_port {de_in} LOC=M16 VCCIO=3.3 IOSTANDARD=LVCMOS33 NONE=TRUE successfully
Executing : def_port {g_in[0]} LOC=J24 VCCIO=3.3 IOSTANDARD=LVCMOS33 NONE=TRUE
C: ConstraintEditor-2002: [C:/Users/Datou21/Desktop/PDS/back1/cnn_usb_copy/prj_pds/device_map/hdmi_loop.pcf(line number: 98)] | Port g_in[0] has been placed at location J24, whose type is share pin.
Executing : def_port {g_in[0]} LOC=J24 VCCIO=3.3 IOSTANDARD=LVCMOS33 NONE=TRUE successfully
Executing : def_port {g_in[1]} LOC=K23 VCCIO=3.3 IOSTANDARD=LVCMOS33 NONE=TRUE
C: ConstraintEditor-2002: [C:/Users/Datou21/Desktop/PDS/back1/cnn_usb_copy/prj_pds/device_map/hdmi_loop.pcf(line number: 99)] | Port g_in[1] has been placed at location K23, whose type is share pin.
Executing : def_port {g_in[1]} LOC=K23 VCCIO=3.3 IOSTANDARD=LVCMOS33 NONE=TRUE successfully
Executing : def_port {g_in[2]} LOC=K22 VCCIO=3.3 IOSTANDARD=LVCMOS33 NONE=TRUE
C: ConstraintEditor-2002: [C:/Users/Datou21/Desktop/PDS/back1/cnn_usb_copy/prj_pds/device_map/hdmi_loop.pcf(line number: 100)] | Port g_in[2] has been placed at location K22, whose type is share pin.
Executing : def_port {g_in[2]} LOC=K22 VCCIO=3.3 IOSTANDARD=LVCMOS33 NONE=TRUE successfully
Executing : def_port {g_in[3]} LOC=J16 VCCIO=3.3 IOSTANDARD=LVCMOS33 NONE=TRUE
C: ConstraintEditor-2002: [C:/Users/Datou21/Desktop/PDS/back1/cnn_usb_copy/prj_pds/device_map/hdmi_loop.pcf(line number: 101)] | Port g_in[3] has been placed at location J16, whose type is share pin.
Executing : def_port {g_in[3]} LOC=J16 VCCIO=3.3 IOSTANDARD=LVCMOS33 NONE=TRUE successfully
Executing : def_port {g_in[4]} LOC=K15 VCCIO=3.3 IOSTANDARD=LVCMOS33 NONE=TRUE
C: ConstraintEditor-2002: [C:/Users/Datou21/Desktop/PDS/back1/cnn_usb_copy/prj_pds/device_map/hdmi_loop.pcf(line number: 102)] | Port g_in[4] has been placed at location K15, whose type is share pin.
Executing : def_port {g_in[4]} LOC=K15 VCCIO=3.3 IOSTANDARD=LVCMOS33 NONE=TRUE successfully
Executing : def_port {g_in[5]} LOC=K17 VCCIO=3.3 IOSTANDARD=LVCMOS33 NONE=TRUE
C: ConstraintEditor-2002: [C:/Users/Datou21/Desktop/PDS/back1/cnn_usb_copy/prj_pds/device_map/hdmi_loop.pcf(line number: 103)] | Port g_in[5] has been placed at location K17, whose type is share pin.
Executing : def_port {g_in[5]} LOC=K17 VCCIO=3.3 IOSTANDARD=LVCMOS33 NONE=TRUE successfully
Executing : def_port {g_in[6]} LOC=K16 VCCIO=3.3 IOSTANDARD=LVCMOS33 NONE=TRUE
C: ConstraintEditor-2002: [C:/Users/Datou21/Desktop/PDS/back1/cnn_usb_copy/prj_pds/device_map/hdmi_loop.pcf(line number: 104)] | Port g_in[6] has been placed at location K16, whose type is share pin.
Executing : def_port {g_in[6]} LOC=K16 VCCIO=3.3 IOSTANDARD=LVCMOS33 NONE=TRUE successfully
Executing : def_port {g_in[7]} LOC=L15 VCCIO=3.3 IOSTANDARD=LVCMOS33 NONE=TRUE
C: ConstraintEditor-2002: [C:/Users/Datou21/Desktop/PDS/back1/cnn_usb_copy/prj_pds/device_map/hdmi_loop.pcf(line number: 105)] | Port g_in[7] has been placed at location L15, whose type is share pin.
Executing : def_port {g_in[7]} LOC=L15 VCCIO=3.3 IOSTANDARD=LVCMOS33 NONE=TRUE successfully
Executing : def_port {hs_in} LOC=M17 VCCIO=3.3 IOSTANDARD=LVCMOS33 NONE=TRUE
C: ConstraintEditor-2001: [C:/Users/Datou21/Desktop/PDS/back1/cnn_usb_copy/prj_pds/device_map/hdmi_loop.pcf(line number: 106)] Object 'hs_in' is dangling, which has no connection. it will be ignored.
Executing : def_port {hs_in} LOC=M17 VCCIO=3.3 IOSTANDARD=LVCMOS33 NONE=TRUE failed
Executing : def_port {pixclk_in} LOC=K21 VCCIO=3.3 IOSTANDARD=LVCMOS33 NONE=TRUE
Executing : def_port {pixclk_in} LOC=K21 VCCIO=3.3 IOSTANDARD=LVCMOS33 NONE=TRUE successfully
Executing : def_port {r_in[0]} LOC=M15 VCCIO=3.3 IOSTANDARD=LVCMOS33 NONE=TRUE
C: ConstraintEditor-2002: [C:/Users/Datou21/Desktop/PDS/back1/cnn_usb_copy/prj_pds/device_map/hdmi_loop.pcf(line number: 108)] | Port r_in[0] has been placed at location M15, whose type is share pin.
Executing : def_port {r_in[0]} LOC=M15 VCCIO=3.3 IOSTANDARD=LVCMOS33 NONE=TRUE successfully
Executing : def_port {r_in[1]} LOC=H19 VCCIO=3.3 IOSTANDARD=LVCMOS33 NONE=TRUE
C: ConstraintEditor-2002: [C:/Users/Datou21/Desktop/PDS/back1/cnn_usb_copy/prj_pds/device_map/hdmi_loop.pcf(line number: 109)] | Port r_in[1] has been placed at location H19, whose type is share pin.
Executing : def_port {r_in[1]} LOC=H19 VCCIO=3.3 IOSTANDARD=LVCMOS33 NONE=TRUE successfully
Executing : def_port {r_in[2]} LOC=J19 VCCIO=3.3 IOSTANDARD=LVCMOS33 NONE=TRUE
C: ConstraintEditor-2002: [C:/Users/Datou21/Desktop/PDS/back1/cnn_usb_copy/prj_pds/device_map/hdmi_loop.pcf(line number: 110)] | Port r_in[2] has been placed at location J19, whose type is share pin.
Executing : def_port {r_in[2]} LOC=J19 VCCIO=3.3 IOSTANDARD=LVCMOS33 NONE=TRUE successfully
Executing : def_port {r_in[3]} LOC=J20 VCCIO=3.3 IOSTANDARD=LVCMOS33 NONE=TRUE
C: ConstraintEditor-2002: [C:/Users/Datou21/Desktop/PDS/back1/cnn_usb_copy/prj_pds/device_map/hdmi_loop.pcf(line number: 111)] | Port r_in[3] has been placed at location J20, whose type is share pin.
Executing : def_port {r_in[3]} LOC=J20 VCCIO=3.3 IOSTANDARD=LVCMOS33 NONE=TRUE successfully
Executing : def_port {r_in[4]} LOC=K20 VCCIO=3.3 IOSTANDARD=LVCMOS33 NONE=TRUE
C: ConstraintEditor-2002: [C:/Users/Datou21/Desktop/PDS/back1/cnn_usb_copy/prj_pds/device_map/hdmi_loop.pcf(line number: 112)] | Port r_in[4] has been placed at location K20, whose type is share pin.
Executing : def_port {r_in[4]} LOC=K20 VCCIO=3.3 IOSTANDARD=LVCMOS33 NONE=TRUE successfully
Executing : def_port {r_in[5]} LOC=G21 VCCIO=3.3 IOSTANDARD=LVCMOS33 NONE=TRUE
Executing : def_port {r_in[5]} LOC=G21 VCCIO=3.3 IOSTANDARD=LVCMOS33 NONE=TRUE successfully
Executing : def_port {r_in[6]} LOC=G20 VCCIO=3.3 IOSTANDARD=LVCMOS33 NONE=TRUE
Executing : def_port {r_in[6]} LOC=G20 VCCIO=3.3 IOSTANDARD=LVCMOS33 NONE=TRUE successfully
Executing : def_port {r_in[7]} LOC=H22 VCCIO=3.3 IOSTANDARD=LVCMOS33 NONE=TRUE
Executing : def_port {r_in[7]} LOC=H22 VCCIO=3.3 IOSTANDARD=LVCMOS33 NONE=TRUE successfully
Executing : def_port {rst_n} LOC=C22 VCCIO=3.3 IOSTANDARD=LVCMOS33 NONE=TRUE
Executing : def_port {rst_n} LOC=C22 VCCIO=3.3 IOSTANDARD=LVCMOS33 NONE=TRUE successfully
Executing : def_port {sys_clk} LOC=D18 VCCIO=3.3 IOSTANDARD=LVCMOS33 NONE=TRUE
Executing : def_port {sys_clk} LOC=D18 VCCIO=3.3 IOSTANDARD=LVCMOS33 NONE=TRUE successfully
Executing : def_port {vs_in} LOC=M14 VCCIO=3.3 IOSTANDARD=LVCMOS33 NONE=TRUE
Executing : def_port {vs_in} LOC=M14 VCCIO=3.3 IOSTANDARD=LVCMOS33 NONE=TRUE successfully
Executing : def_inst_site {u_ddr_video_delay_sync/u_ddr3_test/u_ddrphy_top/ddrphy_reset_ctrl/ddrphy_ioclk_gate[0]/opit_0_inv} CLMA_717_672 FF3
Executing : def_inst_site {u_ddr_video_delay_sync/u_ddr3_test/u_ddrphy_top/ddrphy_reset_ctrl/ddrphy_ioclk_gate[0]/opit_0_inv} CLMA_717_672 FF3 successfully
Executing : def_inst_site {u_ddr_video_delay_sync/u_ddr3_test/u_ddrphy_top/ddrphy_reset_ctrl/ddrphy_ioclk_gate[1]/opit_0_inv} CLMA_717_978 FF3
Executing : def_inst_site {u_ddr_video_delay_sync/u_ddr3_test/u_ddrphy_top/ddrphy_reset_ctrl/ddrphy_ioclk_gate[1]/opit_0_inv} CLMA_717_978 FF3 successfully
Executing : def_inst_site {u_ddr_video_delay_sync/u_ddr3_test/u_ddrphy_top/u_ddrphy_cpd/cpd_inst} DDRPHY_CPD_729_772
Executing : def_inst_site {u_ddr_video_delay_sync/u_ddr3_test/u_ddrphy_top/u_ddrphy_cpd/cpd_inst} DDRPHY_CPD_729_772 successfully
Constraint check end.
I: Column Clock Check open.
Read Column Clock Map.

Placement started.
Phase 1 Pre global placement started.
Mapping instance GRS_INST/grs_ccs to CCS_75_622.
Mapping instance u_CORES/u_GTP_SCANCHAIN_PG/scanchain to SCANCHAIN_76_618.
Mapping instance u_ddr_video_delay_sync/u_ddr3_test/u_ddrphy_top/ddrphy_gpll/u_gpll/gpll_inst to GPLL_727_769.
Mapping instance u_ms72/u_gpll/gpll_inst to GPLL_7_1381.
Mapping instance u_pll/u_gpll/gpll_inst to GPLL_7_1075.
Mapping instance u_ddr_video_delay_sync/u_ddr3_test/u_ddrphy_top/ddrphy_slice_top/i_dqs_bank[0].u_ddrphy_ioclkdiv/ddrphy_ioclk_div_inst to DDRPHY_IOCLK_DIV_728_616.
Mapping instance u_ddr_video_delay_sync/u_ddr3_test/u_ddrphy_top/ddrphy_slice_top/i_dqs_bank[0].ddrphy_ppll/u_ppll/ppll_inst to PPLL_727_613.
Mapping instance u_ddr_video_delay_sync/u_ddr3_test/u_ddrphy_top/ddrphy_slice_top/i_ca_group[0].u_ddc_ca/ddc_inst to DDR_PHY_729_769.
Mapping instance u_ddr_video_delay_sync/u_ddr3_test/u_ddrphy_top/ddrphy_slice_top/i_ca_group[1].u_ddc_ca/ddc_inst to DDR_PHY_729_615.
Mapping instance u_ddr_video_delay_sync/u_ddr3_test/u_ddrphy_top/ddrphy_slice_top/i_ca_group[2].u_ddc_ca/ddc_inst to DDR_PHY_729_613.
Mapping instance u_ddr_video_delay_sync/u_ddr3_test/u_ddrphy_top/ddrphy_slice_top/i_dqs_bank[1].u_ddrphy_ioclkdiv/ddrphy_ioclk_div_inst to DDRPHY_IOCLK_DIV_728_922.
Mapping instance u_ddr_video_delay_sync/u_ddr3_test/u_ddrphy_top/ddrphy_slice_top/i_dqs_bank[1].ddrphy_ppll/u_ppll/ppll_inst to PPLL_727_919.
Mapping instance u_ddr_video_delay_sync/u_ddr3_test/u_ddrphy_top/ddrphy_slice_top/i_dqs_group[0].ddrphy_data_slice/u_ddc_dq/ddc_inst_PHY to DDR_PHY_729_1075.
Mapping instance u_ddr_video_delay_sync/u_ddr3_test/u_ddrphy_top/ddrphy_slice_top/i_dqs_group[1].ddrphy_data_slice/u_ddc_dq/ddc_inst_PHY to DDR_PHY_729_1077.
Mapping instance u_ddr_video_delay_sync/u_ddr3_test/u_ddrphy_top/ddrphy_slice_top/i_dqs_group[2].ddrphy_data_slice/u_ddc_dq/ddc_inst_PHY to DDR_PHY_729_921.
Mapping instance u_ddr_video_delay_sync/u_ddr3_test/u_ddrphy_top/ddrphy_slice_top/i_dqs_group[3].ddrphy_data_slice/u_ddc_dq/ddc_inst_PHY to DDR_PHY_729_919.
Phase 1.1 1st GP placement started.
Design Utilization : 32%.
Build SRB system takes 1.62 sec.
Wirelength after clock region global placement is 780038, detour is 1160 and checksum is 7270B22851DE4545.
1st GP placement takes 7.92 sec.

Phase 1.2 Clock placement started.
Mapping instance u_ddr_video_delay_sync/u_ddr3_test/u_ddrphy_top/ddrphy_slice_top/i_dqs_bank[0].u_clkbufr/goprclk to RCKB_723_762.
Mapping instance u_ddr_video_delay_sync/u_ddr3_test/u_ddrphy_top/ddrphy_slice_top/i_dqs_bank[1].u_clkbufr/goprclk to RCKB_723_1068.
Mapping instance u_ddr_video_delay_sync/u_ddr3_test/u_ddrphy_top/u_clkbufm/clkbufm_inst to MRCKB_721_762.
Mapping instance clkbufg_3/gopclkbufg to USCM_383_930.
Mapping instance clkbufg_4/gopclkbufg to USCM_383_933.
Mapping instance u_ddr_video_delay_sync/u_ddr3_test/u_ddrphy_top/u_sysclk_bufg/gopclkbufg to USCM_383_882.
Mapping instance clkbufg_6/gopclkbufg to USCM_383_936.
Mapping instance clkbufg_7/gopclkbufg to USCM_383_939.
Mapping instance u_ddr_video_delay_sync/u_ddr3_test/u_ddrphy_top/rst_clk_gpll/u_gpll/gpll_inst to GPLL_7_769.
Mapping instance u_ddr_video_delay_sync/u_ddr3_test/u_ddrphy_top/u_rst_clk_bufg/gopclkbufg to USCM_383_885.
C: Place-2028: GLOBAL_CLOCK: the driver u_CORES/u_GTP_SCANCHAIN_PG/scanchain fixed at SCANCHAIN_76_618 is unreasonable. Sub-optimal placement for a clock source and a clock buffer.
Mapping instance clkbufg_5/gopclkbufg to USCM_383_888.
Clock placement takes 0.55 sec.

Wirelength after Pre Global Placement is 780038, detour is 1160 and checksum is 7270B22851DE4545.
Pre global placement takes 9.20 sec.

Phase 2 Global placement started.
Phase 2.1 Fixed placement started.
First map gop timing takes 4.05 sec
Init coarse delay table.
Read place coarse delay table takes 0.64 sec.
Placed fixed group with base inst b_in_ibuf[0]/opit_1 on IOLHR_16_1122.
Placed fixed group with base inst b_in_ibuf[1]/opit_1 on IOLHR_16_1128.
Placed fixed group with base inst b_in_ibuf[2]/opit_1 on IOLHR_16_1098.
Placed fixed group with base inst b_in_ibuf[3]/opit_1 on IOLHR_16_1104.
Placed fixed group with base inst b_in_ibuf[4]/opit_1 on IOLHR_16_1074.
Placed fixed group with base inst b_in_ibuf[5]/opit_1 on IOLHR_16_1044.
Placed fixed group with base inst b_in_ibuf[6]/opit_1 on IOLHR_16_1050.
Placed fixed group with base inst b_in_ibuf[7]/opit_1 on IOLHR_16_1020.
Placed fixed group with base inst ddr_init_done_obuf/opit_1 on IOLHR_16_1380.
Placed fixed group with base inst de_in_ibuf/opit_1 on IOLHR_16_1152.
Placed fixed group with base inst g_in_ibuf[0]/opit_1 on IOLHR_16_1026.
Placed fixed group with base inst g_in_ibuf[1]/opit_1 on IOLHR_16_996.
Placed fixed group with base inst g_in_ibuf[2]/opit_1 on IOLHR_16_1002.
Placed fixed group with base inst g_in_ibuf[3]/opit_1 on IOLHR_16_1206.
Placed fixed group with base inst g_in_ibuf[4]/opit_1 on IOLHR_16_1212.
Placed fixed group with base inst g_in_ibuf[5]/opit_1 on IOLHR_16_1182.
Placed fixed group with base inst g_in_ibuf[6]/opit_1 on IOLHR_16_1188.
Placed fixed group with base inst g_in_ibuf[7]/opit_1 on IOLHR_16_1158.
Placed fixed group with base inst hd_scl_obuf/opit_1 on IOLHR_16_1194.
Placed fixed group with base inst led_int_obuf/opit_1 on IOLHR_16_1338.
Placed fixed group with base inst mem_rst_n_obuf/opit_1 on IOLHR_724_792.
Placed fixed group with base inst ms72xx_ctl.iic_sda_tri/opit_1 on IOLHR_16_1200.
Placed fixed group with base inst pixclk_in_ibuf/opit_1 on IOLHR_16_1080.
Placed fixed group with base inst r_in_ibuf[0]/opit_1 on IOLHR_16_1164.
Placed fixed group with base inst r_in_ibuf[1]/opit_1 on IOLHR_16_1134.
Placed fixed group with base inst r_in_ibuf[2]/opit_1 on IOLHR_16_1140.
Placed fixed group with base inst r_in_ibuf[3]/opit_1 on IOLHR_16_1110.
Placed fixed group with base inst r_in_ibuf[4]/opit_1 on IOLHR_16_1116.
Placed fixed group with base inst r_in_ibuf[5]/opit_1 on IOLHR_16_1086.
Placed fixed group with base inst r_in_ibuf[6]/opit_1 on IOLHR_16_1092.
Placed fixed group with base inst r_in_ibuf[7]/opit_1 on IOLHR_16_1056.
Placed fixed group with base inst rgb2tmds/clockserializer/OutputBuffer/opit_2 on IOLHR_16_756.
Placed fixed group with base inst rgb2tmds/encoder[0].dataserializer/OutputBuffer/opit_2 on IOLHR_16_684.
Placed fixed group with base inst rgb2tmds/encoder[1].dataserializer/OutputBuffer/opit_2 on IOLHR_16_708.
Placed fixed group with base inst rgb2tmds/encoder[2].dataserializer/OutputBuffer/opit_2 on IOLHR_16_732.
Placed fixed group with base inst rst_n_ibuf/opit_1 on IOLHR_16_1296.
Placed fixed group with base inst rstn_out_obuf/opit_1 on IOLHR_16_942.
Placed fixed group with base inst sys_clk_ibuf/opit_1 on IOLHR_16_1386.
Placed fixed group with base inst u_ddr_refclk_buf/opit_2 on IOLHR_724_774.
Placed fixed group with base inst u_ddr_video_delay_sync/u_ddr3_test/u_ddrphy_top/ddrphy_slice_top/i_dqs_group[0].ddrphy_data_slice/dq_loop[0].u_iobuf_dq/opit_1 on IOLHR_724_1080.
Placed fixed group with base inst u_ddr_video_delay_sync/u_ddr3_test/u_ddrphy_top/ddrphy_slice_top/i_dqs_group[0].ddrphy_data_slice/dq_loop[1].u_iobuf_dq/opit_1 on IOLHR_724_1140.
Placed fixed group with base inst u_ddr_video_delay_sync/u_ddr3_test/u_ddrphy_top/ddrphy_slice_top/i_dqs_group[0].ddrphy_data_slice/dq_loop[2].u_iobuf_dq/opit_1 on IOLHR_724_1074.
Placed fixed group with base inst u_ddr_video_delay_sync/u_ddr3_test/u_ddrphy_top/ddrphy_slice_top/i_dqs_group[0].ddrphy_data_slice/dq_loop[3].u_iobuf_dq/opit_1 on IOLHR_724_1128.
Placed fixed group with base inst u_ddr_video_delay_sync/u_ddr3_test/u_ddrphy_top/ddrphy_slice_top/i_dqs_group[0].ddrphy_data_slice/dq_loop[4].u_iobuf_dq/opit_1 on IOLHR_724_1092.
Placed fixed group with base inst u_ddr_video_delay_sync/u_ddr3_test/u_ddrphy_top/ddrphy_slice_top/i_dqs_group[0].ddrphy_data_slice/dq_loop[5].u_iobuf_dq/opit_1 on IOLHR_724_1104.
Placed fixed group with base inst u_ddr_video_delay_sync/u_ddr3_test/u_ddrphy_top/ddrphy_slice_top/i_dqs_group[0].ddrphy_data_slice/dq_loop[6].u_iobuf_dq/opit_1 on IOLHR_724_1086.
Placed fixed group with base inst u_ddr_video_delay_sync/u_ddr3_test/u_ddrphy_top/ddrphy_slice_top/i_dqs_group[0].ddrphy_data_slice/dq_loop[7].u_iobuf_dq/opit_1 on IOLHR_724_1134.
Placed fixed group with base inst u_ddr_video_delay_sync/u_ddr3_test/u_ddrphy_top/ddrphy_slice_top/i_dqs_group[0].ddrphy_data_slice/genblk1.u_iobufco_dqs/opit_2 on IOLHR_724_1116.
Placed fixed group with base inst u_ddr_video_delay_sync/u_ddr3_test/u_ddrphy_top/ddrphy_slice_top/i_dqs_group[0].ddrphy_data_slice/u_outbuft_dm/opit_1 on IOLHR_724_1098.
Placed fixed group with base inst u_ddr_video_delay_sync/u_ddr3_test/u_ddrphy_top/ddrphy_slice_top/i_dqs_group[1].ddrphy_data_slice/dq_loop[0].u_iobuf_dq/opit_1 on IOLHR_724_1164.
Placed fixed group with base inst u_ddr_video_delay_sync/u_ddr3_test/u_ddrphy_top/ddrphy_slice_top/i_dqs_group[1].ddrphy_data_slice/dq_loop[1].u_iobuf_dq/opit_1 on IOLHR_724_1176.
Placed fixed group with base inst u_ddr_video_delay_sync/u_ddr3_test/u_ddrphy_top/ddrphy_slice_top/i_dqs_group[1].ddrphy_data_slice/dq_loop[2].u_iobuf_dq/opit_1 on IOLHR_724_1200.
Placed fixed group with base inst u_ddr_video_delay_sync/u_ddr3_test/u_ddrphy_top/ddrphy_slice_top/i_dqs_group[1].ddrphy_data_slice/dq_loop[3].u_iobuf_dq/opit_1 on IOLHR_724_1206.
Placed fixed group with base inst u_ddr_video_delay_sync/u_ddr3_test/u_ddrphy_top/ddrphy_slice_top/i_dqs_group[1].ddrphy_data_slice/dq_loop[4].u_iobuf_dq/opit_1 on IOLHR_724_1194.
Placed fixed group with base inst u_ddr_video_delay_sync/u_ddr3_test/u_ddrphy_top/ddrphy_slice_top/i_dqs_group[1].ddrphy_data_slice/dq_loop[5].u_iobuf_dq/opit_1 on IOLHR_724_1212.
Placed fixed group with base inst u_ddr_video_delay_sync/u_ddr3_test/u_ddrphy_top/ddrphy_slice_top/i_dqs_group[1].ddrphy_data_slice/dq_loop[6].u_iobuf_dq/opit_1 on IOLHR_724_1152.
Placed fixed group with base inst u_ddr_video_delay_sync/u_ddr3_test/u_ddrphy_top/ddrphy_slice_top/i_dqs_group[1].ddrphy_data_slice/dq_loop[7].u_iobuf_dq/opit_1 on IOLHR_724_1158.
Placed fixed group with base inst u_ddr_video_delay_sync/u_ddr3_test/u_ddrphy_top/ddrphy_slice_top/i_dqs_group[1].ddrphy_data_slice/genblk1.u_iobufco_dqs/opit_2 on IOLHR_724_1188.
Placed fixed group with base inst u_ddr_video_delay_sync/u_ddr3_test/u_ddrphy_top/ddrphy_slice_top/i_dqs_group[1].ddrphy_data_slice/u_outbuft_dm/opit_1 on IOLHR_724_1170.
Placed fixed group with base inst u_ddr_video_delay_sync/u_ddr3_test/u_ddrphy_top/ddrphy_slice_top/i_dqs_group[2].ddrphy_data_slice/dq_loop[0].u_iobuf_dq/opit_1 on IOLHR_724_1044.
Placed fixed group with base inst u_ddr_video_delay_sync/u_ddr3_test/u_ddrphy_top/ddrphy_slice_top/i_dqs_group[2].ddrphy_data_slice/dq_loop[1].u_iobuf_dq/opit_1 on IOLHR_724_1050.
Placed fixed group with base inst u_ddr_video_delay_sync/u_ddr3_test/u_ddrphy_top/ddrphy_slice_top/i_dqs_group[2].ddrphy_data_slice/dq_loop[2].u_iobuf_dq/opit_1 on IOLHR_724_1020.
Placed fixed group with base inst u_ddr_video_delay_sync/u_ddr3_test/u_ddrphy_top/ddrphy_slice_top/i_dqs_group[2].ddrphy_data_slice/dq_loop[3].u_iobuf_dq/opit_1 on IOLHR_724_996.
Placed fixed group with base inst u_ddr_video_delay_sync/u_ddr3_test/u_ddrphy_top/ddrphy_slice_top/i_dqs_group[2].ddrphy_data_slice/dq_loop[4].u_iobuf_dq/opit_1 on IOLHR_724_1008.
Placed fixed group with base inst u_ddr_video_delay_sync/u_ddr3_test/u_ddrphy_top/ddrphy_slice_top/i_dqs_group[2].ddrphy_data_slice/dq_loop[5].u_iobuf_dq/opit_1 on IOLHR_724_1002.
Placed fixed group with base inst u_ddr_video_delay_sync/u_ddr3_test/u_ddrphy_top/ddrphy_slice_top/i_dqs_group[2].ddrphy_data_slice/dq_loop[6].u_iobuf_dq/opit_1 on IOLHR_724_1026.
Placed fixed group with base inst u_ddr_video_delay_sync/u_ddr3_test/u_ddrphy_top/ddrphy_slice_top/i_dqs_group[2].ddrphy_data_slice/dq_loop[7].u_iobuf_dq/opit_1 on IOLHR_724_1014.
Placed fixed group with base inst u_ddr_video_delay_sync/u_ddr3_test/u_ddrphy_top/ddrphy_slice_top/i_dqs_group[2].ddrphy_data_slice/genblk1.u_iobufco_dqs/opit_2 on IOLHR_724_1038.
Placed fixed group with base inst u_ddr_video_delay_sync/u_ddr3_test/u_ddrphy_top/ddrphy_slice_top/i_dqs_group[2].ddrphy_data_slice/u_outbuft_dm/opit_1 on IOLHR_724_1056.
Placed fixed group with base inst u_ddr_video_delay_sync/u_ddr3_test/u_ddrphy_top/ddrphy_slice_top/i_dqs_group[3].ddrphy_data_slice/dq_loop[0].u_iobuf_dq/opit_1 on IOLHR_724_954.
Placed fixed group with base inst u_ddr_video_delay_sync/u_ddr3_test/u_ddrphy_top/ddrphy_slice_top/i_dqs_group[3].ddrphy_data_slice/dq_loop[1].u_iobuf_dq/opit_1 on IOLHR_724_936.
Placed fixed group with base inst u_ddr_video_delay_sync/u_ddr3_test/u_ddrphy_top/ddrphy_slice_top/i_dqs_group[3].ddrphy_data_slice/dq_loop[2].u_iobuf_dq/opit_1 on IOLHR_724_924.
Placed fixed group with base inst u_ddr_video_delay_sync/u_ddr3_test/u_ddrphy_top/ddrphy_slice_top/i_dqs_group[3].ddrphy_data_slice/dq_loop[3].u_iobuf_dq/opit_1 on IOLHR_724_972.
Placed fixed group with base inst u_ddr_video_delay_sync/u_ddr3_test/u_ddrphy_top/ddrphy_slice_top/i_dqs_group[3].ddrphy_data_slice/dq_loop[4].u_iobuf_dq/opit_1 on IOLHR_724_942.
Placed fixed group with base inst u_ddr_video_delay_sync/u_ddr3_test/u_ddrphy_top/ddrphy_slice_top/i_dqs_group[3].ddrphy_data_slice/dq_loop[5].u_iobuf_dq/opit_1 on IOLHR_724_978.
Placed fixed group with base inst u_ddr_video_delay_sync/u_ddr3_test/u_ddrphy_top/ddrphy_slice_top/i_dqs_group[3].ddrphy_data_slice/dq_loop[6].u_iobuf_dq/opit_1 on IOLHR_724_930.
Placed fixed group with base inst u_ddr_video_delay_sync/u_ddr3_test/u_ddrphy_top/ddrphy_slice_top/i_dqs_group[3].ddrphy_data_slice/dq_loop[7].u_iobuf_dq/opit_1 on IOLHR_724_990.
Placed fixed group with base inst u_ddr_video_delay_sync/u_ddr3_test/u_ddrphy_top/ddrphy_slice_top/i_dqs_group[3].ddrphy_data_slice/genblk1.u_iobufco_dqs/opit_2 on IOLHR_724_966.
Placed fixed group with base inst u_ddr_video_delay_sync/u_ddr3_test/u_ddrphy_top/ddrphy_slice_top/i_dqs_group[3].ddrphy_data_slice/u_outbuft_dm/opit_1 on IOLHR_724_948.
Placed fixed group with base inst u_ddr_video_delay_sync/u_ddr3_test/u_ddrphy_top/ddrphy_slice_top/i_mem_addr_0[0].u_outbuft_addr0/opit_1 on IOLHR_724_828.
Placed fixed group with base inst u_ddr_video_delay_sync/u_ddr3_test/u_ddrphy_top/ddrphy_slice_top/i_mem_addr_0[1].u_outbuft_addr0/opit_1 on IOLHR_724_822.
Placed fixed group with base inst u_ddr_video_delay_sync/u_ddr3_test/u_ddrphy_top/ddrphy_slice_top/i_mem_addr_0[2].u_outbuft_addr0/opit_1 on IOLHR_724_780.
Placed fixed group with base inst u_ddr_video_delay_sync/u_ddr3_test/u_ddrphy_top/ddrphy_slice_top/i_mem_addr_0[3].u_outbuft_addr0/opit_1 on IOLHR_724_750.
Placed fixed group with base inst u_ddr_video_delay_sync/u_ddr3_test/u_ddrphy_top/ddrphy_slice_top/i_mem_addr_0[4].u_outbuft_addr0/opit_1 on IOLHR_724_708.
Placed fixed group with base inst u_ddr_video_delay_sync/u_ddr3_test/u_ddrphy_top/ddrphy_slice_top/i_mem_addr_0[5].u_outbuft_addr0/opit_1 on IOLHR_724_804.
Placed fixed group with base inst u_ddr_video_delay_sync/u_ddr3_test/u_ddrphy_top/ddrphy_slice_top/i_mem_addr_0[6].u_outbuft_addr0/opit_1 on IOLHR_724_690.
Placed fixed group with base inst u_ddr_video_delay_sync/u_ddr3_test/u_ddrphy_top/ddrphy_slice_top/i_mem_addr_0[7].u_outbuft_addr0/opit_1 on IOLHR_724_834.
Placed fixed group with base inst u_ddr_video_delay_sync/u_ddr3_test/u_ddrphy_top/ddrphy_slice_top/i_mem_addr_0[8].u_outbuft_addr0/opit_1 on IOLHR_724_696.
Placed fixed group with base inst u_ddr_video_delay_sync/u_ddr3_test/u_ddrphy_top/ddrphy_slice_top/i_mem_addr_0[9].u_outbuft_addr0/opit_1 on IOLHR_724_816.
Placed fixed group with base inst u_ddr_video_delay_sync/u_ddr3_test/u_ddrphy_top/ddrphy_slice_top/i_mem_addr_0[10].u_outbuft_addr0/opit_1 on IOLHR_724_714.
Placed fixed group with base inst u_ddr_video_delay_sync/u_ddr3_test/u_ddrphy_top/ddrphy_slice_top/i_mem_addr_0[11].u_outbuft_addr0/opit_1 on IOLHR_724_726.
Placed fixed group with base inst u_ddr_video_delay_sync/u_ddr3_test/u_ddrphy_top/ddrphy_slice_top/i_mem_addr_0[12].u_outbuft_addr0/opit_1 on IOLHR_724_720.
Placed fixed group with base inst u_ddr_video_delay_sync/u_ddr3_test/u_ddrphy_top/ddrphy_slice_top/i_mem_addr_0[13].u_outbuft_addr0/opit_1 on IOLHR_724_786.
Placed fixed group with base inst u_ddr_video_delay_sync/u_ddr3_test/u_ddrphy_top/ddrphy_slice_top/i_mem_addr_0[14].u_outbuft_addr0/opit_1 on IOLHR_724_810.
Placed fixed group with base inst u_ddr_video_delay_sync/u_ddr3_test/u_ddrphy_top/ddrphy_slice_top/k_mem_ba[0].u_outbuft_ba/opit_1 on IOLHR_724_744.
Placed fixed group with base inst u_ddr_video_delay_sync/u_ddr3_test/u_ddrphy_top/ddrphy_slice_top/k_mem_ba[1].u_outbuft_ba/opit_1 on IOLHR_724_702.
Placed fixed group with base inst u_ddr_video_delay_sync/u_ddr3_test/u_ddrphy_top/ddrphy_slice_top/k_mem_ba[2].u_outbuft_ba/opit_1 on IOLHR_724_672.
Placed fixed group with base inst u_ddr_video_delay_sync/u_ddr3_test/u_ddrphy_top/ddrphy_slice_top/u_outbuft_casn/opit_1 on IOLHR_724_618.
Placed fixed group with base inst u_ddr_video_delay_sync/u_ddr3_test/u_ddrphy_top/ddrphy_slice_top/u_outbuft_cke/opit_1 on IOLHR_724_732.
Placed fixed group with base inst u_ddr_video_delay_sync/u_ddr3_test/u_ddrphy_top/ddrphy_slice_top/u_outbuft_csn/opit_1 on IOLHR_724_738.
Placed fixed group with base inst u_ddr_video_delay_sync/u_ddr3_test/u_ddrphy_top/ddrphy_slice_top/u_outbuft_odt/opit_1 on IOLHR_724_798.
Placed fixed group with base inst u_ddr_video_delay_sync/u_ddr3_test/u_ddrphy_top/ddrphy_slice_top/u_outbuft_rasn/opit_1 on IOLHR_724_684.
Placed fixed group with base inst u_ddr_video_delay_sync/u_ddr3_test/u_ddrphy_top/ddrphy_slice_top/u_outbuft_wen/opit_1 on IOLHR_724_624.
Placed fixed group with base inst u_ddr_video_delay_sync/u_ddr3_test/u_ddrphy_top/ddrphy_slice_top/u_outbuftco_ck/opit_3 on IOLHR_724_660.
Placed fixed group with base inst vs_in_ibuf/opit_1 on IOLHR_16_1176.
Placed fixed instance u_ddr_video_delay_sync/u_ddr3_test/u_ddrphy_top/ddrphy_reset_ctrl/ddrphy_ioclk_gate[0]/opit_0_inv on CLMA_717_672.
Placed fixed instance u_ddr_video_delay_sync/u_ddr3_test/u_ddrphy_top/ddrphy_reset_ctrl/ddrphy_ioclk_gate[1]/opit_0_inv on CLMA_717_978.
Placed fixed instance GRS_INST/grs_ccs on CCS_75_622.
Placed fixed instance clkbufg_3/gopclkbufg on USCM_383_930.
Placed fixed instance clkbufg_4/gopclkbufg on USCM_383_933.
Placed fixed instance clkbufg_5/gopclkbufg on USCM_383_888.
Placed fixed instance clkbufg_6/gopclkbufg on USCM_383_936.
Placed fixed instance clkbufg_7/gopclkbufg on USCM_383_939.
Placed fixed instance u_CORES/u_GTP_SCANCHAIN_PG/scanchain on SCANCHAIN_76_618.
Placed fixed instance u_ddr_video_delay_sync/u_ddr3_test/u_ddrphy_top/ddrphy_gpll/u_gpll/gpll_inst on GPLL_727_769.
Placed fixed instance u_ddr_video_delay_sync/u_ddr3_test/u_ddrphy_top/ddrphy_slice_top/i_ca_group[0].u_ddc_ca/ddc_inst on DDR_PHY_729_769.
Placed fixed instance u_ddr_video_delay_sync/u_ddr3_test/u_ddrphy_top/ddrphy_slice_top/i_ca_group[1].u_ddc_ca/ddc_inst on DDR_PHY_729_615.
Placed fixed instance u_ddr_video_delay_sync/u_ddr3_test/u_ddrphy_top/ddrphy_slice_top/i_ca_group[2].u_ddc_ca/ddc_inst on DDR_PHY_729_613.
Placed fixed instance u_ddr_video_delay_sync/u_ddr3_test/u_ddrphy_top/ddrphy_slice_top/i_dqs_bank[0].ddrphy_ppll/u_ppll/ppll_inst on PPLL_727_613.
Placed fixed instance u_ddr_video_delay_sync/u_ddr3_test/u_ddrphy_top/ddrphy_slice_top/i_dqs_bank[0].u_clkbufr/goprclk on RCKB_723_762.
Placed fixed instance u_ddr_video_delay_sync/u_ddr3_test/u_ddrphy_top/ddrphy_slice_top/i_dqs_bank[0].u_ddrphy_ioclkdiv/ddrphy_ioclk_div_inst on DDRPHY_IOCLK_DIV_728_616.
Placed fixed instance u_ddr_video_delay_sync/u_ddr3_test/u_ddrphy_top/ddrphy_slice_top/i_dqs_bank[1].ddrphy_ppll/u_ppll/ppll_inst on PPLL_727_919.
Placed fixed instance u_ddr_video_delay_sync/u_ddr3_test/u_ddrphy_top/ddrphy_slice_top/i_dqs_bank[1].u_clkbufr/goprclk on RCKB_723_1068.
Placed fixed instance u_ddr_video_delay_sync/u_ddr3_test/u_ddrphy_top/ddrphy_slice_top/i_dqs_bank[1].u_ddrphy_ioclkdiv/ddrphy_ioclk_div_inst on DDRPHY_IOCLK_DIV_728_922.
Placed fixed instance u_ddr_video_delay_sync/u_ddr3_test/u_ddrphy_top/ddrphy_slice_top/i_dqs_group[0].ddrphy_data_slice/u_ddc_dq/ddc_inst_PHY on DDR_PHY_729_1075.
Placed fixed instance u_ddr_video_delay_sync/u_ddr3_test/u_ddrphy_top/ddrphy_slice_top/i_dqs_group[1].ddrphy_data_slice/u_ddc_dq/ddc_inst_PHY on DDR_PHY_729_1077.
Placed fixed instance u_ddr_video_delay_sync/u_ddr3_test/u_ddrphy_top/ddrphy_slice_top/i_dqs_group[2].ddrphy_data_slice/u_ddc_dq/ddc_inst_PHY on DDR_PHY_729_921.
Placed fixed instance u_ddr_video_delay_sync/u_ddr3_test/u_ddrphy_top/ddrphy_slice_top/i_dqs_group[3].ddrphy_data_slice/u_ddc_dq/ddc_inst_PHY on DDR_PHY_729_919.
Placed fixed instance u_ddr_video_delay_sync/u_ddr3_test/u_ddrphy_top/rst_clk_gpll/u_gpll/gpll_inst on GPLL_7_769.
Placed fixed instance u_ddr_video_delay_sync/u_ddr3_test/u_ddrphy_top/u_clkbufm/clkbufm_inst on MRCKB_721_762.
Placed fixed instance u_ddr_video_delay_sync/u_ddr3_test/u_ddrphy_top/u_ddrphy_cpd/cpd_inst on DDRPHY_CPD_729_772.
Placed fixed instance u_ddr_video_delay_sync/u_ddr3_test/u_ddrphy_top/u_rst_clk_bufg/gopclkbufg on USCM_383_885.
Placed fixed instance u_ddr_video_delay_sync/u_ddr3_test/u_ddrphy_top/u_sysclk_bufg/gopclkbufg on USCM_383_882.
Placed fixed instance u_ms72/u_gpll/gpll_inst on GPLL_7_1381.
Placed fixed instance u_pll/u_gpll/gpll_inst on GPLL_7_1075.
Placed fixed instance BKCL_auto_0 on BKCL_1_1258.
Placed fixed instance BKCL_auto_1 on BKCL_1_952.
Placed fixed instance BKCL_auto_2 on BKCL_1_646.
Placed fixed instance BKCL_auto_3 on BKCL_733_952.
Placed fixed instance BKCL_auto_4 on BKCL_733_646.
Fixed placement takes 5.73 sec.

Phase 2.2 Process placement started.
I: The IO driver of u_ddr_video_delay_sync/u_ddr3_test/u_ddrphy_top/rst_clk_gpll/u_gpll/gpll_inst(CLKIN1) is not constraint at pllpad, its clock path will pass through SRB.
Process placement takes 0.00 sec.

Phase 2.3 IO placement started.
IO placement takes 0.14 sec.

PBM start.
Total cost after SA planning is 1206057.637377.
SA total time: 6215 msec
PBM of GP end, takes 2.52 sec.
Phase 2.4 2nd GP placement started.
Run super clustering :
	Initial slack -14072.
	8 iterations finished.
	Final slack -6736.
Super clustering done.
Design Utilization : 32%.
I: GP end with result: density(0.054489)
Worst slack after global placement is 119
2nd GP placement takes 23.11 sec.

Wirelength after global placement is 760023, detour is 32 and checksum is 4F076B21FCDE9612.
Global placement takes 31.52 sec.

Phase 3 Post global placement started.
Phase 3.1 Macro cell placement started.
I: Process macros using "Global".
Wirelength after macro cell placement is 1092699, detour is 32 and checksum is 545731A886E52B3D.
Macro cell placement takes 35.09 sec.

PBM start.
PBM of PostGP end, takes 0.00 sec.
Phase 3.2 3rd GP placement started.
Design Utilization : 32%.
I: GP end with result: density(0.000616)
Worst slack after post global placement is 147
3rd GP placement takes 6.77 sec.

Wirelength after post global placement is 957887, detour is 80 and checksum is 9410FA56E6E492FD.
Packing LUT6D started.
I: LUT6D pack result: There are 7079 LUT6 in collection, pack success:308
Packing LUT6D takes 1.31 sec.
Post global placement takes 43.22 sec.

Phase 4 Legalization started.
The average distance in LP is 0.320935.
Wirelength after legalization is 1028459, detour is 80 and checksum is 5A11800C1AFC0AC4.
Legalization takes 0.95 sec.

Phase 5 Timing-driven detailed placement started.
Phase 5.1 Replication placement started.
Worst slack before Replication Place is -1261.
Replication placement takes 2.02 sec.

Wirelength after replication placement is 1028459, detour is 80 and checksum is 5A11800C1AFC0AC4.
Phase 5.2 Swapping placement started.
Worst slack before detailed placement is -1261, TNS before detailed placement is -28458. 
Cost at Swap iteration 0 : -1261, wslk -629, tns -19944, takes 0.41 sec.
    wire length at Swap iteration 0 : last 1031676.00, curr 1031886.00, change rate 0.02%
Cost at DP iteration 0 : -629, wslk -52, tns -332, takes 0.22 sec.
    wire length at DP iteration 0 : last 1031886.00, curr 1033613.00, change rate 0.17%
Cost at Swap iteration 1 : -52, wslk -52, tns -332, takes 0.11 sec.
    wire length at Swap iteration 1 : last 1033613.00, curr 1033683.00, change rate 0.01%
Cost at Swap iteration 2 : -52, wslk -52, tns -318, takes 0.11 sec.
    wire length at Swap iteration 2 : last 1033683.00, curr 1033687.00, change rate 0.00%
Cost at DP iteration 2 : -52, wslk 137, tns 0, takes 0.09 sec.
    wire length at DP iteration 2 : last 1033687.00, curr 1034121.00, change rate 0.04%
Cost at Swap iteration 3 : 137, wslk 137, tns 0, takes 0.06 sec.
    wire length at Swap iteration 3 : last 1034121.00, curr 1034130.00, change rate 0.00%
Cost at Swap iteration 4 : 137, wslk 137, tns 0, takes 0.11 sec.
    wire length at Swap iteration 4 : last 1034130.00, curr 1034155.00, change rate 0.00%
Cost at DP iteration 4 : 137, wslk 138, tns 0, takes 0.06 sec.
    wire length at DP iteration 4 : last 1034155.00, curr 1034110.00, change rate -0.00%
Cost at Swap iteration 5 : 138, wslk 138, tns 0, takes 0.12 sec.
    wire length at Swap iteration 5 : last 1034110.00, curr 1034109.00, change rate -0.00%
Cost at Swap iteration 6 : 138, wslk 138, tns 0, takes 0.09 sec.
    wire length at Swap iteration 6 : last 1034109.00, curr 1034109.00, change rate 0.00%
Cost at DP iteration 6 : 138, wslk 138, tns 0, takes 0.09 sec.
    wire length at DP iteration 6 : last 1034109.00, curr 1034099.00, change rate -0.00%
Cost at Swap iteration 7 : 138, wslk 138, tns 0, takes 0.14 sec.
    wire length at Swap iteration 7 : last 1034099.00, curr 1034099.00, change rate 0.00%
Worst slack after detailed placement is 138, TNS after detailed placement is 0. 
Swapping placement takes 2.84 sec.

Wirelength after detailed placement is 1030922, detour is 80 and checksum is 841D549B5785E8CB.
Timing-driven detailed placement takes 4.94 sec.

I: Replicate Registers:ms72xx_ctl/iic_dri/scl_out/opit_0_inv_1 
I: Replicate Registers:ms72xx_ctl/iic_dri/sda_out/opit_1 
Worst slack is -1735, TNS after placement is -131810.
Placement done.
Total placement takes 98.92 sec.
Finished placement.

Routing started.
Build routing arch for double attribute device.
Enter timing driven router mode.
Route thread size: 5
Building routing graph takes 8.73 sec.
Init coarse delay table.
Read place coarse delay table takes 0.58 sec.
Build SRB system takes 0.73 sec.
Setup STE netlist take 7562 msec.
Dispose control chain take 1073 msec.
Collect const net info take 638 msec.
Worst slack is -1735, TNS before route is -131810.
Total nets for routing: 93745.
Total loads for routing: 328653.
Direct connect net size: 12032
Build all design net take 3786 msec.
Processing design graph takes 13.08 sec.
Delay table total memory: 72.78639603 MB
Route graph total memory: 351.32113361 MB
Route design total memory: 105.02688599 MB
Global routing takes 0.00 sec.
Total 93743 subnets.
Unrouted clock nets at iteration 0 (0.426 sec): 13
Unrouted clock nets at iteration 1 (0.214 sec): 7
Unrouted clock nets at iteration 2 (0.139 sec): 4
Unrouted clock nets at iteration 3 (0.086 sec): 4
Unrouted clock nets at iteration 4 (0.044 sec): 4
Unrouted clock nets at iteration 5 (0.032 sec): 4
Unrouted clock nets at iteration 6 (0.031 sec): 4
Unrouted clock nets at iteration 7 (0.026 sec): 4
Unrouted clock nets at iteration 8 (0.024 sec): 2
Unrouted clock nets at iteration 9 (0.028 sec): 0
Total route nets size: 93705
Pre route takes 26.558 sec
Unrouted general nets at iteration 11 (MT total route time: 5.458 sec): 63121(overused: 281904)
Unrouted general nets at iteration 12 (MT total route time: 4.822 sec): 49693(overused: 192699)
Unrouted general nets at iteration 13 (MT total route time: 4.446 sec): 38829(overused: 130141)
Unrouted general nets at iteration 14 (MT total route time: 3.943 sec): 29954(overused: 91280)
Unrouted general nets at iteration 15 (MT total route time: 3.569 sec): 23590(overused: 66164)
Unrouted general nets at iteration 16 (MT total route time: 2.895 sec): 17757(overused: 51716)
Unrouted general nets at iteration 17 (MT total route time: 2.929 sec): 13615(overused: 39567)
Unrouted general nets at iteration 18 (MT total route time: 2.387 sec): 10703(overused: 30484)
Unrouted general nets at iteration 19 (MT total route time: 2.037 sec): 8526(overused: 23074)
Unrouted general nets at iteration 20 (MT total route time: 1.744 sec): 6834(overused: 18315)
Unrouted general nets at iteration 21 (MT total route time: 1.561 sec): 5521(overused: 14430)
Unrouted general nets at iteration 22 (MT total route time: 1.579 sec): 5108(overused: 13498)
Unrouted general nets at iteration 23 (MT total route time: 1.410 sec): 4513(overused: 11774)
Unrouted general nets at iteration 24 (MT total route time: 1.418 sec): 4194(overused: 11174)
Unrouted general nets at iteration 25 (MT total route time: 1.292 sec): 3648(overused: 9284)
Unrouted general nets at iteration 26 (MT total route time: 1.004 sec): 3148(overused: 7972)
Unrouted general nets at iteration 27 (MT total route time: 0.901 sec): 2794(overused: 6837)
Unrouted general nets at iteration 28 (MT total route time: 1.170 sec): 2697(overused: 6721)
Unrouted general nets at iteration 29 (MT total route time: 0.961 sec): 2413(overused: 6082)
Unrouted general nets at iteration 30 (MT total route time: 1.076 sec): 2207(overused: 5434)
Unrouted general nets at iteration 31 (MT total route time: 1.009 sec): 1978(overused: 4762)
Unrouted general nets at iteration 32 (MT total route time: 0.785 sec): 1878(overused: 4610)
Unrouted general nets at iteration 33 (MT total route time: 0.912 sec): 1744(overused: 4272)
Unrouted general nets at iteration 34 (MT total route time: 0.773 sec): 1548(overused: 3655)
Unrouted general nets at iteration 35 (MT total route time: 0.630 sec): 1342(overused: 3119)
Unrouted general nets at iteration 36 (MT total route time: 0.559 sec): 1246(overused: 2832)
Unrouted general nets at iteration 37 (MT total route time: 0.464 sec): 981(overused: 2075)
Unrouted general nets at iteration 38 (MT total route time: 0.422 sec): 915(overused: 1878)
Unrouted general nets at iteration 39 (MT total route time: 0.400 sec): 784(overused: 1573)
Unrouted general nets at iteration 40 (MT total route time: 0.366 sec): 684(overused: 1482)
Unrouted general nets at iteration 41 (MT total route time: 0.353 sec): 620(overused: 1245)
Unrouted general nets at iteration 42 (MT total route time: 0.339 sec): 601(overused: 1257)
Unrouted general nets at iteration 43 (MT total route time: 0.348 sec): 588(overused: 1271)
Unrouted general nets at iteration 44 (MT total route time: 0.323 sec): 556(overused: 1171)
Unrouted general nets at iteration 45 (MT total route time: 0.371 sec): 537(overused: 1156)
Unrouted general nets at iteration 46 (MT total route time: 0.311 sec): 438(overused: 873)
Unrouted general nets at iteration 47 (MT total route time: 0.308 sec): 379(overused: 772)
Unrouted general nets at iteration 48 (MT total route time: 0.273 sec): 311(overused: 616)
Unrouted general nets at iteration 49 (MT total route time: 0.282 sec): 298(overused: 550)
Unrouted general nets at iteration 50 (MT total route time: 0.244 sec): 282(overused: 500)
Unrouted general nets at iteration 51 (MT total route time: 0.223 sec): 220(overused: 378)
Unrouted general nets at iteration 52 (MT total route time: 0.224 sec): 191(overused: 312)
Unrouted general nets at iteration 53 (MT total route time: 0.222 sec): 162(overused: 270)
Unrouted general nets at iteration 54 (MT total route time: 0.209 sec): 149(overused: 232)
Unrouted general nets at iteration 55 (MT total route time: 0.212 sec): 154(overused: 268)
Unrouted general nets at iteration 56 (MT total route time: 0.208 sec): 140(overused: 238)
Unrouted general nets at iteration 57 (MT total route time: 0.205 sec): 118(overused: 192)
Unrouted general nets at iteration 58 (MT total route time: 0.202 sec): 104(overused: 174)
Unrouted general nets at iteration 59 (MT total route time: 0.186 sec): 70(overused: 117)
Unrouted general nets at iteration 60 (MT total route time: 0.193 sec): 65(overused: 124)
Unrouted general nets at iteration 61 (MT total route time: 0.191 sec): 47(overused: 72)
Unrouted general nets at iteration 62 (MT total route time: 0.183 sec): 29(overused: 44)
Unrouted general nets at iteration 63 (MT total route time: 0.178 sec): 18(overused: 29)
Unrouted general nets at iteration 64 (MT total route time: 0.179 sec): 12(overused: 22)
Unrouted general nets at iteration 65 (MT total route time: 0.173 sec): 4(overused: 8)
Unrouted general nets at iteration 66 (MT total route time: 0.174 sec): 5(overused: 6)
Unrouted general nets at iteration 67 (MT total route time: 0.171 sec): 4(overused: 4)
Unrouted general nets at iteration 68 (MT total route time: 0.166 sec): 4(overused: 4)
Unrouted general nets at iteration 69 (MT total route time: 0.168 sec): 2(overused: 2)
Unrouted general nets at iteration 70 (MT total route time: 0.171 sec): 0(overused: 0)
----General net take 0.223 sec(route net take 0.105 sec, inc cost take 0.118 sec, iter times: 1)
----const net route take 1.347 sec
Unrouted nets at iteration 71 (1.586 sec): 0
Detailed routing takes 135.12 sec.
I: Design net ntclkbufg_2 is routed by general path.
C: Route-2036: The clock path from clkbufg_5/gopclkbufg:CLKOUT to u_CORES/u_debug_core_0/u_Data_Capture_Memory/block_ram.ram_data_0/gopdrm_36k:CLKB[0] is routed by SRB.
I: Design net u_CORES/capt_o is routed by general path.
C: Route-2036: The clock path from u_CORES/u_GTP_SCANCHAIN_PG/scanchain:CAPTUREDR to u_CORES/u_debug_core_0/u_hub_data_decode/id_sample.conf_id[0]/opit_0_inv:CLK is routed by SRB.
I: Design net u_CORES/drck_o is routed by general path.
C: Route-2036: The clock path from u_CORES/u_GTP_SCANCHAIN_PG/scanchain:TCK1 to clkbufg_5/gopclkbufg:CLK is routed by SRB.
Fix violation Finished.
No hold violation.
Hold Violation Fix in router takes 27.84 sec.
Sort Original Nets take 0.129 sec
Build solution node for device pins which were mapped to more than one design pin take 1.586 sec
Total net: 93745, route succeed net: 93745
Generate routing result take 0.137 sec
Handle PERMUX permutation take 2.074 sec
Handle const net take 0.213 sec
Handle route through take 0.054 sec
Handle loads' routing node take 0.403 sec
Used SRB routing arc is 736566.
Finish routing takes 5.73 sec.
Total routing takes 218.06 sec.


Device Utilization Summary :
+-------------------------------------------------------------------------------------+
| Logic Utilization                 | Used      | Available     | Utilization(%)     
+-------------------------------------------------------------------------------------+
| Use of ADC                        | 0         | 1             | 0                  
| Use of ANALOG                     | 0         | 1             | 0                  
| Use of APM                        | 637       | 740           | 87                 
| Use of BKCL                       | 5         | 10            | 50                 
| Use of CCS                        | 1         | 1             | 100                
| Use of CLMA                       | 15595     | 30075         | 52                 
|   FF                              | 66491     | 240600        | 28                 
|   LUT                             | 32134     | 120300        | 27                 
|   LUT-FF pairs                    | 13764     | 120300        | 12                 
| Use of CLMS                       | 4877      | 9875          | 50                 
|   FF                              | 23295     | 79000         | 30                 
|   LUT                             | 10524     | 39500         | 27                 
|   LUT-FF pairs                    | 5244      | 39500         | 14                 
|   Distributed RAM                 | 1741      | 39500         | 5                  
| Use of DDRPHY_CPD                 | 1         | 20            | 5                  
| Use of DDRPHY_IOCLK_DIV           | 2         | 10            | 20                 
| Use of DDR_PHY                    | 7         | 40            | 18                 
| Use of DRM                        | 253       | 415           | 61                 
| Use of GCLK_INBUF_SYN             | 0         | 40            | 0                  
| Use of GPLL                       | 4         | 10            | 40                 
| Use of GSEB                       | 0         | 512           | 0                  
| Use of HARD0                      | 5476      | 25050         | 22                 
| Use of HCKB                       | 27        | 120           | 23                 
|  HCKB dataused                    | 0         | 120           | 0                  
| Use of HCKMUX_TEST                | 0         | 10            | 0                  
| Use of HSSTLP                     | 0         | 2             | 0                  
| Use of IO                         | 115       | 400           | 29                 
|   IOBD                            | 60        | 192           | 32                 
|   IOBS                            | 55        | 208           | 27                 
| Use of IOCKB                      | 0         | 40            | 0                  
| Use of IOCKMUX_TEST               | 0         | 10            | 0                  
| Use of IOLHR                      | 114       | 500           | 23                 
| Use of KEYRAM                     | 0         | 1             | 0                  
| Use of MFG_TEST                   | 0         | 1             | 0                  
| Use of MRCKB                      | 1         | 20            | 5                  
| Use of MRCKMUX_TEST               | 0         | 10            | 0                  
| Use of MRPOSTMUX_TEST             | 0         | 10            | 0                  
| Use of PCIE                       | 0         | 1             | 0                  
| Use of PCKMUX_TEST                | 0         | 20            | 0                  
| Use of PLLMRMUX_TEST              | 0         | 10            | 0                  
| Use of PLLREFMUX_TEST             | 0         | 10            | 0                  
| Use of POSTGMUXLR_TEST            | 0         | 4             | 0                  
| Use of PPLL                       | 2         | 10            | 20                 
| Use of PREGMUXC_TEST              | 0         | 3             | 0                  
| Use of PREGMUXC_X16_200H_TEST     | 0         | 4             | 0                  
| Use of PREGMUXLR_TEST             | 0         | 10            | 0                  
| Use of RCKB                       | 2         | 40            | 5                  
|  RCKB dataused                    | 2         | 40            | 5                  
| Use of RCKMUX_TEST                | 0         | 10            | 0                  
| Use of SCANCHAIN                  | 1         | 1             | 100                
| Use of SCKMUX_TEST                | 0         | 20            | 0                  
| Use of SFB                        | 0         | 5075          | 0                  
| Use of SPAD                       | 0         | 8             | 0                  
| Use of TSERDES                    | 14        | 80            | 18                 
| Use of USCM                       | 7         | 32            | 22                 
|  USCM dataused                    | 0         | 32            | 0                  
| Use of USCMMUX_TEST               | 0         | 32            | 0                  
+-------------------------------------------------------------------------------------+

Finished routing.
Design 'hdmi_loop' has been placed and routed successfully.
Saving design to DB.
Finished placement and routing.
Action pnr: Real time elapsed is 0h:11m:24s
Action pnr: CPU time elapsed is 0h:3m:46s
Action pnr: Process CPU time elapsed is 0h:5m:52s
Current time: Wed Jul  8 23:33:40 2026
Action pnr: Peak memory pool usage is 5,681 MB
