#Build: Fabric Compiler 2022.2-SP6.4, Build 146967, Jan 31 01:39 2024
#Install: C:\pango\PDS_2022.2-SP6.4\bin
#Application name: pds_shell.exe
#OS: Windows 10 10.0.22631
#Hostname: DESKTOP-VB8TKRO
Generated by Fabric Compiler (version 2022.2-SP6.4 build 146967) at Sun Jun 28 17:24:51 2026
Compiling verification operator library.
Compiling common defs.
Compiling prim grid devices.
Compiling gate devices.
Compiling gate operators.
Building architecture model.
Loading device packaging model.
pnr strategy configuration : 
strategy name : 0
Building architecture floorplan logic view.
Constraint check start.
Executing : def_port {hd_sda} LOC=J14 VCCIO=3.3 IOSTANDARD=LVCMOS33 DRIVE=8 SLEW=SLOW NONE=TRUE
C: ConstraintEditor-2002: [C:/Users/Datou21/Desktop/PDS/back1/cnn_usb_copy/prj_pds/device_map/hdmi_loop.pcf(line number: 3)] | Port hd_sda has been placed at location J14, whose type is share pin.
Executing : def_port {hd_sda} LOC=J14 VCCIO=3.3 IOSTANDARD=LVCMOS33 DRIVE=8 SLEW=SLOW NONE=TRUE successfully
Executing : def_port {hd_scl} LOC=J15 VCCIO=3.3 IOSTANDARD=LVCMOS33 DRIVE=8 SLEW=SLOW NONE=TRUE
C: ConstraintEditor-2002: [C:/Users/Datou21/Desktop/PDS/back1/cnn_usb_copy/prj_pds/device_map/hdmi_loop.pcf(line number: 4)] | Port hd_scl has been placed at location J15, whose type is share pin.
Executing : def_port {hd_scl} LOC=J15 VCCIO=3.3 IOSTANDARD=LVCMOS33 DRIVE=8 SLEW=SLOW NONE=TRUE successfully
Executing : def_port {led_int} LOC=A20 VCCIO=3.3 IOSTANDARD=LVCMOS33 DRIVE=8 SLEW=SLOW NONE=TRUE
Executing : def_port {led_int} LOC=A20 VCCIO=3.3 IOSTANDARD=LVCMOS33 DRIVE=8 SLEW=SLOW NONE=TRUE successfully
Executing : def_port {rstn_out} LOC=G25 VCCIO=3.3 IOSTANDARD=LVCMOS33 DRIVE=8 SLEW=SLOW NONE=TRUE
C: ConstraintEditor-2002: [C:/Users/Datou21/Desktop/PDS/back1/cnn_usb_copy/prj_pds/device_map/hdmi_loop.pcf(line number: 6)] | Port rstn_out has been placed at location G25, whose type is share pin.
Executing : def_port {rstn_out} LOC=G25 VCCIO=3.3 IOSTANDARD=LVCMOS33 DRIVE=8 SLEW=SLOW NONE=TRUE successfully
Executing : def_port {tmds_clk_n} LOC=N22 VCCIO=2.5 IOSTANDARD=LVDS25 DRIVE=3.5 NONE=TRUE
Executing : def_port {tmds_clk_n} LOC=N22 VCCIO=2.5 IOSTANDARD=LVDS25 DRIVE=3.5 NONE=TRUE successfully
Executing : def_port {tmds_clk_p} LOC=N21 VCCIO=2.5 IOSTANDARD=LVDS25 DRIVE=3.5 NONE=TRUE
Executing : def_port {tmds_clk_p} LOC=N21 VCCIO=2.5 IOSTANDARD=LVDS25 DRIVE=3.5 NONE=TRUE successfully
Executing : def_port {tmds_data_n[0]} LOC=P25 VCCIO=2.5 IOSTANDARD=LVDS25 DRIVE=3.5 NONE=TRUE
C: ConstraintEditor-2002: [C:/Users/Datou21/Desktop/PDS/back1/cnn_usb_copy/prj_pds/device_map/hdmi_loop.pcf(line number: 9)] | Port tmds_data_n[0] has been placed at location P25, whose type is share pin.
Executing : def_port {tmds_data_n[0]} LOC=P25 VCCIO=2.5 IOSTANDARD=LVDS25 DRIVE=3.5 NONE=TRUE successfully
Executing : def_port {tmds_data_n[1]} LOC=P24 VCCIO=2.5 IOSTANDARD=LVDS25 DRIVE=3.5 NONE=TRUE
C: ConstraintEditor-2002: [C:/Users/Datou21/Desktop/PDS/back1/cnn_usb_copy/prj_pds/device_map/hdmi_loop.pcf(line number: 10)] | Port tmds_data_n[1] has been placed at location P24, whose type is share pin.
Executing : def_port {tmds_data_n[1]} LOC=P24 VCCIO=2.5 IOSTANDARD=LVDS25 DRIVE=3.5 NONE=TRUE successfully
Executing : def_port {tmds_data_n[2]} LOC=N24 VCCIO=2.5 IOSTANDARD=LVDS25 DRIVE=3.5 NONE=TRUE
C: ConstraintEditor-2002: [C:/Users/Datou21/Desktop/PDS/back1/cnn_usb_copy/prj_pds/device_map/hdmi_loop.pcf(line number: 11)] | Port tmds_data_n[2] has been placed at location N24, whose type is share pin.
Executing : def_port {tmds_data_n[2]} LOC=N24 VCCIO=2.5 IOSTANDARD=LVDS25 DRIVE=3.5 NONE=TRUE successfully
Executing : def_port {tmds_data_p[0]} LOC=R25 VCCIO=2.5 IOSTANDARD=LVDS25 DRIVE=3.5 NONE=TRUE
C: ConstraintEditor-2002: [C:/Users/Datou21/Desktop/PDS/back1/cnn_usb_copy/prj_pds/device_map/hdmi_loop.pcf(line number: 12)] | Port tmds_data_p[0] has been placed at location R25, whose type is share pin.
Executing : def_port {tmds_data_p[0]} LOC=R25 VCCIO=2.5 IOSTANDARD=LVDS25 DRIVE=3.5 NONE=TRUE successfully
Executing : def_port {tmds_data_p[1]} LOC=P23 VCCIO=2.5 IOSTANDARD=LVDS25 DRIVE=3.5 NONE=TRUE
C: ConstraintEditor-2002: [C:/Users/Datou21/Desktop/PDS/back1/cnn_usb_copy/prj_pds/device_map/hdmi_loop.pcf(line number: 13)] | Port tmds_data_p[1] has been placed at location P23, whose type is share pin.
Executing : def_port {tmds_data_p[1]} LOC=P23 VCCIO=2.5 IOSTANDARD=LVDS25 DRIVE=3.5 NONE=TRUE successfully
Executing : def_port {tmds_data_p[2]} LOC=N23 VCCIO=2.5 IOSTANDARD=LVDS25 DRIVE=3.5 NONE=TRUE
C: ConstraintEditor-2002: [C:/Users/Datou21/Desktop/PDS/back1/cnn_usb_copy/prj_pds/device_map/hdmi_loop.pcf(line number: 14)] | Port tmds_data_p[2] has been placed at location N23, whose type is share pin.
Executing : def_port {tmds_data_p[2]} LOC=N23 VCCIO=2.5 IOSTANDARD=LVDS25 DRIVE=3.5 NONE=TRUE successfully
Executing : def_port {b_in[0]} LOC=L18 VCCIO=3.3 IOSTANDARD=LVCMOS33 NONE=TRUE
C: ConstraintEditor-2002: [C:/Users/Datou21/Desktop/PDS/back1/cnn_usb_copy/prj_pds/device_map/hdmi_loop.pcf(line number: 15)] | Port b_in[0] has been placed at location L18, whose type is share pin.
Executing : def_port {b_in[0]} LOC=L18 VCCIO=3.3 IOSTANDARD=LVCMOS33 NONE=TRUE successfully
Executing : def_port {b_in[1]} LOC=L17 VCCIO=3.3 IOSTANDARD=LVCMOS33 NONE=TRUE
C: ConstraintEditor-2002: [C:/Users/Datou21/Desktop/PDS/back1/cnn_usb_copy/prj_pds/device_map/hdmi_loop.pcf(line number: 16)] | Port b_in[1] has been placed at location L17, whose type is share pin.
Executing : def_port {b_in[1]} LOC=L17 VCCIO=3.3 IOSTANDARD=LVCMOS33 NONE=TRUE successfully
Executing : def_port {b_in[2]} LOC=H18 VCCIO=3.3 IOSTANDARD=LVCMOS33 NONE=TRUE
C: ConstraintEditor-2002: [C:/Users/Datou21/Desktop/PDS/back1/cnn_usb_copy/prj_pds/device_map/hdmi_loop.pcf(line number: 17)] | Port b_in[2] has been placed at location H18, whose type is share pin.
Executing : def_port {b_in[2]} LOC=H18 VCCIO=3.3 IOSTANDARD=LVCMOS33 NONE=TRUE successfully
Executing : def_port {b_in[3]} LOC=J18 VCCIO=3.3 IOSTANDARD=LVCMOS33 NONE=TRUE
C: ConstraintEditor-2002: [C:/Users/Datou21/Desktop/PDS/back1/cnn_usb_copy/prj_pds/device_map/hdmi_loop.pcf(line number: 18)] | Port b_in[3] has been placed at location J18, whose type is share pin.
Executing : def_port {b_in[3]} LOC=J18 VCCIO=3.3 IOSTANDARD=LVCMOS33 NONE=TRUE successfully
Executing : def_port {b_in[4]} LOC=J21 VCCIO=3.3 IOSTANDARD=LVCMOS33 NONE=TRUE
Executing : def_port {b_in[4]} LOC=J21 VCCIO=3.3 IOSTANDARD=LVCMOS33 NONE=TRUE successfully
Executing : def_port {b_in[5]} LOC=H23 VCCIO=3.3 IOSTANDARD=LVCMOS33 NONE=TRUE
Executing : def_port {b_in[5]} LOC=H23 VCCIO=3.3 IOSTANDARD=LVCMOS33 NONE=TRUE successfully
Executing : def_port {b_in[6]} LOC=J23 VCCIO=3.3 IOSTANDARD=LVCMOS33 NONE=TRUE
Executing : def_port {b_in[6]} LOC=J23 VCCIO=3.3 IOSTANDARD=LVCMOS33 NONE=TRUE successfully
Executing : def_port {b_in[7]} LOC=H24 VCCIO=3.3 IOSTANDARD=LVCMOS33 NONE=TRUE
C: ConstraintEditor-2002: [C:/Users/Datou21/Desktop/PDS/back1/cnn_usb_copy/prj_pds/device_map/hdmi_loop.pcf(line number: 22)] | Port b_in[7] has been placed at location H24, whose type is share pin.
Executing : def_port {b_in[7]} LOC=H24 VCCIO=3.3 IOSTANDARD=LVCMOS33 NONE=TRUE successfully
Executing : def_port {de_in} LOC=M16 VCCIO=3.3 IOSTANDARD=LVCMOS33 NONE=TRUE
Executing : def_port {de_in} LOC=M16 VCCIO=3.3 IOSTANDARD=LVCMOS33 NONE=TRUE successfully
Executing : def_port {g_in[0]} LOC=J24 VCCIO=3.3 IOSTANDARD=LVCMOS33 NONE=TRUE
C: ConstraintEditor-2002: [C:/Users/Datou21/Desktop/PDS/back1/cnn_usb_copy/prj_pds/device_map/hdmi_loop.pcf(line number: 24)] | Port g_in[0] has been placed at location J24, whose type is share pin.
Executing : def_port {g_in[0]} LOC=J24 VCCIO=3.3 IOSTANDARD=LVCMOS33 NONE=TRUE successfully
Executing : def_port {g_in[1]} LOC=K23 VCCIO=3.3 IOSTANDARD=LVCMOS33 NONE=TRUE
C: ConstraintEditor-2002: [C:/Users/Datou21/Desktop/PDS/back1/cnn_usb_copy/prj_pds/device_map/hdmi_loop.pcf(line number: 25)] | Port g_in[1] has been placed at location K23, whose type is share pin.
Executing : def_port {g_in[1]} LOC=K23 VCCIO=3.3 IOSTANDARD=LVCMOS33 NONE=TRUE successfully
Executing : def_port {g_in[2]} LOC=K22 VCCIO=3.3 IOSTANDARD=LVCMOS33 NONE=TRUE
C: ConstraintEditor-2002: [C:/Users/Datou21/Desktop/PDS/back1/cnn_usb_copy/prj_pds/device_map/hdmi_loop.pcf(line number: 26)] | Port g_in[2] has been placed at location K22, whose type is share pin.
Executing : def_port {g_in[2]} LOC=K22 VCCIO=3.3 IOSTANDARD=LVCMOS33 NONE=TRUE successfully
Executing : def_port {g_in[3]} LOC=J16 VCCIO=3.3 IOSTANDARD=LVCMOS33 NONE=TRUE
C: ConstraintEditor-2002: [C:/Users/Datou21/Desktop/PDS/back1/cnn_usb_copy/prj_pds/device_map/hdmi_loop.pcf(line number: 27)] | Port g_in[3] has been placed at location J16, whose type is share pin.
Executing : def_port {g_in[3]} LOC=J16 VCCIO=3.3 IOSTANDARD=LVCMOS33 NONE=TRUE successfully
Executing : def_port {g_in[4]} LOC=K15 VCCIO=3.3 IOSTANDARD=LVCMOS33 NONE=TRUE
C: ConstraintEditor-2002: [C:/Users/Datou21/Desktop/PDS/back1/cnn_usb_copy/prj_pds/device_map/hdmi_loop.pcf(line number: 28)] | Port g_in[4] has been placed at location K15, whose type is share pin.
Executing : def_port {g_in[4]} LOC=K15 VCCIO=3.3 IOSTANDARD=LVCMOS33 NONE=TRUE successfully
Executing : def_port {g_in[5]} LOC=K17 VCCIO=3.3 IOSTANDARD=LVCMOS33 NONE=TRUE
C: ConstraintEditor-2002: [C:/Users/Datou21/Desktop/PDS/back1/cnn_usb_copy/prj_pds/device_map/hdmi_loop.pcf(line number: 29)] | Port g_in[5] has been placed at location K17, whose type is share pin.
Executing : def_port {g_in[5]} LOC=K17 VCCIO=3.3 IOSTANDARD=LVCMOS33 NONE=TRUE successfully
Executing : def_port {g_in[6]} LOC=K16 VCCIO=3.3 IOSTANDARD=LVCMOS33 NONE=TRUE
C: ConstraintEditor-2002: [C:/Users/Datou21/Desktop/PDS/back1/cnn_usb_copy/prj_pds/device_map/hdmi_loop.pcf(line number: 30)] | Port g_in[6] has been placed at location K16, whose type is share pin.
Executing : def_port {g_in[6]} LOC=K16 VCCIO=3.3 IOSTANDARD=LVCMOS33 NONE=TRUE successfully
Executing : def_port {g_in[7]} LOC=L15 VCCIO=3.3 IOSTANDARD=LVCMOS33 NONE=TRUE
C: ConstraintEditor-2002: [C:/Users/Datou21/Desktop/PDS/back1/cnn_usb_copy/prj_pds/device_map/hdmi_loop.pcf(line number: 31)] | Port g_in[7] has been placed at location L15, whose type is share pin.
Executing : def_port {g_in[7]} LOC=L15 VCCIO=3.3 IOSTANDARD=LVCMOS33 NONE=TRUE successfully
Executing : def_port {hs_in} LOC=M17 VCCIO=3.3 IOSTANDARD=LVCMOS33 NONE=TRUE
Executing : def_port {hs_in} LOC=M17 VCCIO=3.3 IOSTANDARD=LVCMOS33 NONE=TRUE successfully
Executing : def_port {pixclk_in} LOC=K21 VCCIO=3.3 IOSTANDARD=LVCMOS33 NONE=TRUE
Executing : def_port {pixclk_in} LOC=K21 VCCIO=3.3 IOSTANDARD=LVCMOS33 NONE=TRUE successfully
Executing : def_port {r_in[0]} LOC=M15 VCCIO=3.3 IOSTANDARD=LVCMOS33 NONE=TRUE
C: ConstraintEditor-2002: [C:/Users/Datou21/Desktop/PDS/back1/cnn_usb_copy/prj_pds/device_map/hdmi_loop.pcf(line number: 34)] | Port r_in[0] has been placed at location M15, whose type is share pin.
Executing : def_port {r_in[0]} LOC=M15 VCCIO=3.3 IOSTANDARD=LVCMOS33 NONE=TRUE successfully
Executing : def_port {r_in[1]} LOC=H19 VCCIO=3.3 IOSTANDARD=LVCMOS33 NONE=TRUE
C: ConstraintEditor-2002: [C:/Users/Datou21/Desktop/PDS/back1/cnn_usb_copy/prj_pds/device_map/hdmi_loop.pcf(line number: 35)] | Port r_in[1] has been placed at location H19, whose type is share pin.
Executing : def_port {r_in[1]} LOC=H19 VCCIO=3.3 IOSTANDARD=LVCMOS33 NONE=TRUE successfully
Executing : def_port {r_in[2]} LOC=J19 VCCIO=3.3 IOSTANDARD=LVCMOS33 NONE=TRUE
C: ConstraintEditor-2002: [C:/Users/Datou21/Desktop/PDS/back1/cnn_usb_copy/prj_pds/device_map/hdmi_loop.pcf(line number: 36)] | Port r_in[2] has been placed at location J19, whose type is share pin.
Executing : def_port {r_in[2]} LOC=J19 VCCIO=3.3 IOSTANDARD=LVCMOS33 NONE=TRUE successfully
Executing : def_port {r_in[3]} LOC=J20 VCCIO=3.3 IOSTANDARD=LVCMOS33 NONE=TRUE
C: ConstraintEditor-2002: [C:/Users/Datou21/Desktop/PDS/back1/cnn_usb_copy/prj_pds/device_map/hdmi_loop.pcf(line number: 37)] | Port r_in[3] has been placed at location J20, whose type is share pin.
Executing : def_port {r_in[3]} LOC=J20 VCCIO=3.3 IOSTANDARD=LVCMOS33 NONE=TRUE successfully
Executing : def_port {r_in[4]} LOC=K20 VCCIO=3.3 IOSTANDARD=LVCMOS33 NONE=TRUE
C: ConstraintEditor-2002: [C:/Users/Datou21/Desktop/PDS/back1/cnn_usb_copy/prj_pds/device_map/hdmi_loop.pcf(line number: 38)] | Port r_in[4] has been placed at location K20, whose type is share pin.
Executing : def_port {r_in[4]} LOC=K20 VCCIO=3.3 IOSTANDARD=LVCMOS33 NONE=TRUE successfully
Executing : def_port {r_in[5]} LOC=G21 VCCIO=3.3 IOSTANDARD=LVCMOS33 NONE=TRUE
Executing : def_port {r_in[5]} LOC=G21 VCCIO=3.3 IOSTANDARD=LVCMOS33 NONE=TRUE successfully
Executing : def_port {r_in[6]} LOC=G20 VCCIO=3.3 IOSTANDARD=LVCMOS33 NONE=TRUE
Executing : def_port {r_in[6]} LOC=G20 VCCIO=3.3 IOSTANDARD=LVCMOS33 NONE=TRUE successfully
Executing : def_port {r_in[7]} LOC=H22 VCCIO=3.3 IOSTANDARD=LVCMOS33 NONE=TRUE
Executing : def_port {r_in[7]} LOC=H22 VCCIO=3.3 IOSTANDARD=LVCMOS33 NONE=TRUE successfully
Executing : def_port {rst_n} LOC=C22 VCCIO=3.3 IOSTANDARD=LVCMOS33 NONE=TRUE
Executing : def_port {rst_n} LOC=C22 VCCIO=3.3 IOSTANDARD=LVCMOS33 NONE=TRUE successfully
Executing : def_port {sys_clk} LOC=D18 VCCIO=3.3 IOSTANDARD=LVCMOS33 NONE=TRUE
Executing : def_port {sys_clk} LOC=D18 VCCIO=3.3 IOSTANDARD=LVCMOS33 NONE=TRUE successfully
Executing : def_port {vs_in} LOC=M14 VCCIO=3.3 IOSTANDARD=LVCMOS33 NONE=TRUE
Executing : def_port {vs_in} LOC=M14 VCCIO=3.3 IOSTANDARD=LVCMOS33 NONE=TRUE successfully
Constraint check end.
I: Column Clock Check open.
Read Column Clock Map.

Placement started.
Phase 1 Pre global placement started.
Mapping instance GRS_INST/grs_ccs to CCS_75_622.
Mapping instance u_ms72/u_gpll/gpll_inst to GPLL_7_1381.
Mapping instance u_pll/u_gpll/gpll_inst to GPLL_7_1075.
Phase 1.1 1st GP placement started.
Design Utilization : 29%.
Build SRB system takes 2.25 sec.
Wirelength after clock region global placement is 761493, detour is 8116 and checksum is 9E4D448F27C050D2.
1st GP placement takes 9.19 sec.

Phase 1.2 Clock placement started.
Mapping instance clkbufg_0/gopclkbufg to USCM_383_930.
Mapping instance clkbufg_1/gopclkbufg to USCM_383_933.
Mapping instance clkbufg_2/gopclkbufg to USCM_383_936.
Mapping instance clkbufg_3/gopclkbufg to USCM_383_939.
Clock placement takes 0.36 sec.

Wirelength after Pre Global Placement is 761493, detour is 8116 and checksum is 9E4D448F27C050D2.
Pre global placement takes 10.28 sec.

Phase 2 Global placement started.
Phase 2.1 Fixed placement started.
First map gop timing takes 3.69 sec
Init coarse delay table.
Read place coarse delay table takes 0.56 sec.
Placed fixed group with base inst b_in_ibuf[0]/opit_1 on IOLHR_16_1122.
Placed fixed group with base inst b_in_ibuf[1]/opit_1 on IOLHR_16_1128.
Placed fixed group with base inst b_in_ibuf[2]/opit_1 on IOLHR_16_1098.
Placed fixed group with base inst b_in_ibuf[3]/opit_1 on IOLHR_16_1104.
Placed fixed group with base inst b_in_ibuf[4]/opit_1 on IOLHR_16_1074.
Placed fixed group with base inst b_in_ibuf[5]/opit_1 on IOLHR_16_1044.
Placed fixed group with base inst b_in_ibuf[6]/opit_1 on IOLHR_16_1050.
Placed fixed group with base inst b_in_ibuf[7]/opit_1 on IOLHR_16_1020.
Placed fixed group with base inst de_in_ibuf/opit_1 on IOLHR_16_1152.
Placed fixed group with base inst g_in_ibuf[0]/opit_1 on IOLHR_16_1026.
Placed fixed group with base inst g_in_ibuf[1]/opit_1 on IOLHR_16_996.
Placed fixed group with base inst g_in_ibuf[2]/opit_1 on IOLHR_16_1002.
Placed fixed group with base inst g_in_ibuf[3]/opit_1 on IOLHR_16_1206.
Placed fixed group with base inst g_in_ibuf[4]/opit_1 on IOLHR_16_1212.
Placed fixed group with base inst g_in_ibuf[5]/opit_1 on IOLHR_16_1182.
Placed fixed group with base inst g_in_ibuf[6]/opit_1 on IOLHR_16_1188.
Placed fixed group with base inst g_in_ibuf[7]/opit_1 on IOLHR_16_1158.
Placed fixed group with base inst hd_scl_obuf/opit_1 on IOLHR_16_1194.
Placed fixed group with base inst hs_in_ibuf/opit_1 on IOLHR_16_1146.
Placed fixed group with base inst led_int_obuf/opit_1 on IOLHR_16_1338.
Placed fixed group with base inst ms72xx_ctl.iic_sda_tri/opit_1 on IOLHR_16_1200.
Placed fixed group with base inst pixclk_in_ibuf/opit_1 on IOLHR_16_1080.
Placed fixed group with base inst r_in_ibuf[0]/opit_1 on IOLHR_16_1164.
Placed fixed group with base inst r_in_ibuf[1]/opit_1 on IOLHR_16_1134.
Placed fixed group with base inst r_in_ibuf[2]/opit_1 on IOLHR_16_1140.
Placed fixed group with base inst r_in_ibuf[3]/opit_1 on IOLHR_16_1110.
Placed fixed group with base inst r_in_ibuf[4]/opit_1 on IOLHR_16_1116.
Placed fixed group with base inst r_in_ibuf[5]/opit_1 on IOLHR_16_1086.
Placed fixed group with base inst r_in_ibuf[6]/opit_1 on IOLHR_16_1092.
Placed fixed group with base inst r_in_ibuf[7]/opit_1 on IOLHR_16_1056.
Placed fixed group with base inst rgb2tmds/clockserializer/OutputBuffer/opit_2 on IOLHR_16_756.
Placed fixed group with base inst rgb2tmds/encoder[0].dataserializer/OutputBuffer/opit_2 on IOLHR_16_684.
Placed fixed group with base inst rgb2tmds/encoder[1].dataserializer/OutputBuffer/opit_2 on IOLHR_16_708.
Placed fixed group with base inst rgb2tmds/encoder[2].dataserializer/OutputBuffer/opit_2 on IOLHR_16_732.
Placed fixed group with base inst rst_n_ibuf/opit_1 on IOLHR_16_1296.
Placed fixed group with base inst rstn_out_obuf/opit_1 on IOLHR_16_942.
Placed fixed group with base inst sys_clk_ibuf/opit_1 on IOLHR_16_1386.
Placed fixed group with base inst vs_in_ibuf/opit_1 on IOLHR_16_1176.
Placed fixed instance GRS_INST/grs_ccs on CCS_75_622.
Placed fixed instance clkbufg_0/gopclkbufg on USCM_383_930.
Placed fixed instance clkbufg_1/gopclkbufg on USCM_383_933.
Placed fixed instance clkbufg_2/gopclkbufg on USCM_383_936.
Placed fixed instance clkbufg_3/gopclkbufg on USCM_383_939.
Placed fixed instance u_ms72/u_gpll/gpll_inst on GPLL_7_1381.
Placed fixed instance u_pll/u_gpll/gpll_inst on GPLL_7_1075.
Placed fixed instance BKCL_auto_0 on BKCL_1_1258.
Placed fixed instance BKCL_auto_1 on BKCL_1_952.
Placed fixed instance BKCL_auto_2 on BKCL_1_646.
Fixed placement takes 5.03 sec.

Phase 2.2 Process placement started.
Process placement takes 0.00 sec.

Phase 2.3 IO placement started.
IO placement takes 0.17 sec.

PBM start.
Total cost after SA planning is 900935.677294.
SA total time: 6368 msec
PBM of GP end, takes 2.83 sec.
Phase 2.4 2nd GP placement started.
Run super clustering :
	Initial slack -16494.
	11 iterations finished.
	Final slack -6501.
Super clustering done.
Design Utilization : 29%.
I: GP end with result: density(0.034831)
Worst slack after global placement is 179
2nd GP placement takes 19.50 sec.

Wirelength after global placement is 702154 and checksum is F51B3B3CBFCC6D73.
Global placement takes 27.55 sec.

Phase 3 Post global placement started.
Phase 3.1 Macro cell placement started.
I: Process macros using "Global".
Wirelength after macro cell placement is 915936 and checksum is E7EC238CA70A885F.
Macro cell placement takes 27.45 sec.

PBM start.
PBM of PostGP end, takes 0.00 sec.
Phase 3.2 3rd GP placement started.
Design Utilization : 29%.
I: GP end with result: density(0.000801)
Worst slack after post global placement is -491
3rd GP placement takes 6.03 sec.

Wirelength after post global placement is 767935 and checksum is E2B5E395C02588AF.
Packing LUT6D started.
I: LUT6D pack result: There are 3640 LUT6 in collection, pack success:175
Packing LUT6D takes 0.66 sec.
Post global placement takes 34.19 sec.

Phase 4 Legalization started.
The average distance in LP is 0.317904.
Wirelength after legalization is 827421 and checksum is BB7770B7832216EB.
Legalization takes 0.81 sec.

Phase 5 Timing-driven detailed placement started.
Phase 5.1 Replication placement started.
Worst slack before Replication Place is -1161.
Replication placement takes 8.00 sec.

Wirelength after replication placement is 827834 and checksum is 6F9C28123D1E2344.
Phase 5.2 Swapping placement started.
Worst slack before detailed placement is -1010, TNS before detailed placement is -21000. 
Cost at Swap iteration 0 : -1010, wslk -943, tns -18433, takes 0.34 sec.
    wire length at Swap iteration 0 : last 832638.00, curr 832112.00, change rate -0.06%
Cost at DP iteration 0 : -943, wslk 271, tns 0, takes 0.36 sec.
    wire length at DP iteration 0 : last 832112.00, curr 836973.00, change rate 0.58%
Cost at Swap iteration 1 : 271, wslk 271, tns 0, takes 0.19 sec.
    wire length at Swap iteration 1 : last 836973.00, curr 836991.00, change rate 0.00%
Cost at Swap iteration 2 : 271, wslk 271, tns 0, takes 0.12 sec.
    wire length at Swap iteration 2 : last 836991.00, curr 836992.00, change rate 0.00%
Cost at DP iteration 2 : 271, wslk 297, tns 0, takes 0.22 sec.
    wire length at DP iteration 2 : last 836992.00, curr 837333.00, change rate 0.04%
Cost at Swap iteration 3 : 297, wslk 297, tns 0, takes 0.14 sec.
    wire length at Swap iteration 3 : last 837333.00, curr 837306.00, change rate -0.00%
Cost at Swap iteration 4 : 297, wslk 297, tns 0, takes 0.08 sec.
    wire length at Swap iteration 4 : last 837306.00, curr 837306.00, change rate 0.00%
Cost at DP iteration 4 : 297, wslk 353, tns 0, takes 0.05 sec.
    wire length at DP iteration 4 : last 837306.00, curr 837269.00, change rate -0.00%
Cost at Swap iteration 5 : 353, wslk 353, tns 0, takes 0.05 sec.
    wire length at Swap iteration 5 : last 837269.00, curr 837269.00, change rate 0.00%
Cost at Swap iteration 6 : 353, wslk 353, tns 0, takes 0.12 sec.
    wire length at Swap iteration 6 : last 837269.00, curr 837269.00, change rate 0.00%
Cost at DP iteration 6 : 353, wslk 453, tns 0, takes 0.02 sec.
    wire length at DP iteration 6 : last 837269.00, curr 837275.00, change rate 0.00%
Cost at Swap iteration 7 : 453, wslk 453, tns 0, takes 0.06 sec.
    wire length at Swap iteration 7 : last 837275.00, curr 837275.00, change rate 0.00%
Cost at Swap iteration 8 : 453, wslk 453, tns 0, takes 0.11 sec.
    wire length at Swap iteration 8 : last 837275.00, curr 837275.00, change rate 0.00%
Cost at DP iteration 8 : 453, wslk 453, tns 0, takes 0.05 sec.
    wire length at DP iteration 8 : last 837275.00, curr 837275.00, change rate 0.00%
Cost at Swap iteration 9 : 453, wslk 453, tns 0, takes 0.14 sec.
    wire length at Swap iteration 9 : last 837275.00, curr 837275.00, change rate 0.00%
Worst slack after detailed placement is 453, TNS after detailed placement is 0. 
Swapping placement takes 2.94 sec.

I: Place-6001: Add the new FF instances CLMA_627_924(/FFAPP1/FF) replicated by the FF instance CLMA_591_967(/FFAPP0/FF) .
Origin u_char_overlay/pixel_x[0]/opit_0_L5Q replicates:
    CLMA_627_924(/FFAPP1/FF)  : u_char_overlay/pixel_x[0]/opit_0_L5Q_1(gopLUT6L5Q)
I: Place-6001: Add the new LUT instances CLMA_603_966(/devCL6) replicated by the LUT instance CLMA_627_918(/devDL6).
Origin u_char_overlay/N19611_5_or[1]_119/LUT6_inst replicates:
    CLMA_603_966(/devCL6) : u_char_overlay/N19611_5_or[1]_119/LUT6_inst_1(gopLUT6)
I: Place-6001: Add the new LUT instances CLMA_573_936(/devBL6) CLMA_603_979(/devDL6) replicated by the LUT instance CLMA_603_966(/devDL6).
Origin u_char_overlay/N19623_81/gateop replicates:
    CLMA_573_936(/devBL6) : u_char_overlay/N19623_81/gateop_1(gopLUT6)
    CLMA_603_979(/devDL6) : u_char_overlay/N19623_81/gateop_2(gopLUT6)
I: Place-6001: Add the new FF instances CLMA_531_930(/FF0/FF) CLMS_495_997(/FFAPP0/FF) CLMA_561_984(/FF2/FF) replicated by the FF instance CLMS_579_961(/FF0/FF) .
Origin u_box_overlay_sync/video_de_out/opit_0_inv replicates:
    CLMA_531_930(/FF0/FF)  : u_box_overlay_sync/video_de_out/opit_0_inv_1(gopQ)
    CLMS_495_997(/FFAPP0/FF)  : u_box_overlay_sync/video_de_out/opit_0_inv_2(gopQ)
    CLMA_561_984(/FF2/FF)  : u_box_overlay_sync/video_de_out/opit_0_inv_3(gopQ)
I: Place-6001: Add the new FF instances CLMA_603_973(/FFAPP2/FF) replicated by the FF instance CLMA_597_966(/FF0/FF) .
Origin u_char_overlay/c_x[59][2]/opit_0 replicates:
    CLMA_603_973(/FFAPP2/FF)  : u_char_overlay/c_x[59][2]/opit_1(gopQ)
I: Place-6001: Add the new FF instances CLMS_639_895(/FFAPP2/FF) CLMA_663_991(/FFAPP1/FF) replicated by the FF instance CLMA_597_960(/FFAPP2/FF) .
Origin u_char_overlay/pixel_y[0]/opit_0_L5Q replicates:
    CLMS_639_895(/FFAPP2/FF)  : u_char_overlay/pixel_y[0]/opit_0_L5Q_1(gopLUT6L5Q)
    CLMA_663_991(/FFAPP1/FF)  : u_char_overlay/pixel_y[0]/opit_0_L5Q_2(gopLUT6L5Q)
I: Place-6001: Add the new LUT instances CLMA_627_960(/devBL6) replicated by the LUT instance CLMA_633_954(/devCL6).
Origin u_char_overlay/N19611_5_or[5]_119/LUT6_inst replicates:
    CLMA_627_960(/devBL6) : u_char_overlay/N19611_5_or[5]_119/LUT6_inst_1(gopLUT6)
I: Place-6001: Add the new FF instances CLMA_669_990(/FF2/FF) replicated by the FF instance CLMS_579_997(/FF2/FF) .
Origin u_char_overlay/c_y[52][15]/opit_0 replicates:
    CLMA_669_990(/FF2/FF)  : u_char_overlay/c_y[52][15]/opit_1(gopQ)
I: Place-6001: Add the new FF instances CLMS_669_979(/FFAPP0/FF) replicated by the FF instance CLMS_645_973(/FF2/FF) .
Origin u_char_overlay/c_y[52][8]/opit_0 replicates:
    CLMS_669_979(/FFAPP0/FF)  : u_char_overlay/c_y[52][8]/opit_1(gopQ)
I: Place-6001: Add the new LUT instances CLMA_591_996(/devBL6) CLMA_615_954(/devBL6) replicated by the LUT instance CLMA_603_924(/devDL6).
Origin u_char_overlay/N19623_89/LUT6_inst replicates:
    CLMA_591_996(/devBL6) : u_char_overlay/N19623_89/LUT6_inst_1(gopLUT6)
    CLMA_615_954(/devBL6) : u_char_overlay/N19623_89/LUT6_inst_2(gopLUT6)
I: Place-6001: Add the new FF instances CLMS_543_979(/FFAPP1/FF) CLMA_579_960(/FF0/FF) replicated by the FF instance CLMA_537_991(/FFAPP1/FF) .
Origin u_char_overlay/c_x[57][0]/opit_0 replicates:
    CLMS_543_979(/FFAPP1/FF)  : u_char_overlay/c_x[57][0]/opit_1(gopQ)
    CLMA_579_960(/FF0/FF)  : u_char_overlay/c_x[57][0]/opit_2(gopQ)
I: Place-6001: Add the new FF instances CLMA_609_978(/FF2/FF) replicated by the FF instance CLMA_627_984(/FF3/FF) .
Origin u_char_overlay/c_x[54][12]/opit_0 replicates:
    CLMA_609_978(/FF2/FF)  : u_char_overlay/c_x[54][12]/opit_1(gopQ)
I: Place-6001: Add the new FF instances CLMS_543_979(/FFAPP0/FF) CLMA_573_960(/FF2/FF) replicated by the FF instance CLMA_537_991(/FFAPP0/FF) .
Origin u_char_overlay/c_x[57][1]/opit_0 replicates:
    CLMS_543_979(/FFAPP0/FF)  : u_char_overlay/c_x[57][1]/opit_1(gopQ)
    CLMA_573_960(/FF2/FF)  : u_char_overlay/c_x[57][1]/opit_2(gopQ)
I: Place-6001: Add the new LUT instances CLMA_615_954(/devCL6) CLMA_615_949(/devCL6) replicated by the LUT instance CLMA_609_918(/devCL6).
Origin u_char_overlay/N19623_91/gateop replicates:
    CLMA_615_954(/devCL6) : u_char_overlay/N19623_91/gateop_1(gopLUT6)
    CLMA_615_949(/devCL6) : u_char_overlay/N19623_91/gateop_2(gopLUT6)
I: Place-6001: Add the new FF instances CLMA_579_960(/FFAPP2/FF) replicated by the FF instance CLMA_543_978(/FFAPP0/FF) .
Origin u_char_overlay/c_y[53][3]/opit_0 replicates:
    CLMA_579_960(/FFAPP2/FF)  : u_char_overlay/c_y[53][3]/opit_1(gopQ)
I: Place-6001: Add the new FF instances CLMA_609_972(/FF1/FF) replicated by the FF instance CLMA_627_979(/FFAPP2/FF) .
Origin u_char_overlay/c_x[54][2]/opit_0 replicates:
    CLMA_609_972(/FF1/FF)  : u_char_overlay/c_x[54][2]/opit_1(gopQ)
I: Place-6001: Add the new LUT instances CLMA_627_900(/devDL6L5Q) replicated by the LUT instance CLMA_615_907(/devDL6L5Q).
Origin u_char_overlay/N19623_183/LUT6D_inst replicates:
    CLMA_627_900(/devDL6L5Q) : u_char_overlay/N19623_183/LUT6D_inst_1(gopLUT6L5)
I: Place-6001: Add the new LUT instances CLMA_627_870(/devDL6L5Q) replicated by the LUT instance CLMA_639_888(/devAL6L5Q).
Origin u_char_overlay/N19743_6/LUT6D_inst replicates:
    CLMA_627_870(/devDL6L5Q) : u_char_overlay/N19743_6/LUT6D_inst_1(gopLUT6L5)
Wirelength after detailed placement is 832461 and checksum is 990313265C3E4891.
Timing-driven detailed placement takes 10.98 sec.

I: Replicate Registers:ms72xx_ctl/iic_dri/scl_out/opit_0_inv_1 
I: Replicate Registers:u_lprnet_top/u_post_process/frame_start_out/opit_0_inv_1 
I: Replicate Registers:ms72xx_ctl/iic_dri/sda_out/opit_1 
Worst slack is -1221, TNS after placement is -86998.
Placement done.
Total placement takes 89.72 sec.
Finished placement.

Routing started.
Build routing arch for double attribute device.
Enter timing driven router mode.
Route thread size: 5
Building routing graph takes 9.07 sec.
Init coarse delay table.
Read place coarse delay table takes 0.50 sec.
Build SRB system takes 0.52 sec.
Setup STE netlist take 7342 msec.
Dispose control chain take 915 msec.
Collect const net info take 582 msec.
Worst slack is -1221, TNS before route is -86998.
Total nets for routing: 76460.
Total loads for routing: 265070.
Direct connect net size: 11434
Build all design net take 3150 msec.
Processing design graph takes 12.01 sec.
Delay table total memory: 72.78639603 MB
Route graph total memory: 344.80960941 MB
Route design total memory: 77.04959869 MB
Global routing takes 0.00 sec.
Total 76458 subnets.
Unrouted clock nets at iteration 0 (0.286 sec): 7
Unrouted clock nets at iteration 1 (0.194 sec): 4
Unrouted clock nets at iteration 2 (0.072 sec): 0
Total route nets size: 76449
Pre route takes 23.743 sec
Unrouted general nets at iteration 4 (MT total route time: 5.346 sec): 49482(overused: 218515)
Unrouted general nets at iteration 5 (MT total route time: 4.980 sec): 38662(overused: 148533)
Unrouted general nets at iteration 6 (MT total route time: 4.323 sec): 29876(overused: 100533)
Unrouted general nets at iteration 7 (MT total route time: 3.725 sec): 22788(overused: 70106)
Unrouted general nets at iteration 8 (MT total route time: 3.171 sec): 17840(overused: 52198)
Unrouted general nets at iteration 9 (MT total route time: 2.759 sec): 13233(overused: 41434)
Unrouted general nets at iteration 10 (MT total route time: 2.523 sec): 10125(overused: 32594)
Unrouted general nets at iteration 11 (MT total route time: 2.432 sec): 8263(overused: 26143)
Unrouted general nets at iteration 12 (MT total route time: 2.277 sec): 6674(overused: 21271)
Unrouted general nets at iteration 13 (MT total route time: 2.052 sec): 5445(overused: 17373)
Unrouted general nets at iteration 14 (MT total route time: 1.914 sec): 4650(overused: 14449)
Unrouted general nets at iteration 15 (MT total route time: 1.895 sec): 4110(overused: 13095)
Unrouted general nets at iteration 16 (MT total route time: 1.767 sec): 3717(overused: 11979)
Unrouted general nets at iteration 17 (MT total route time: 1.640 sec): 3421(overused: 10644)
Unrouted general nets at iteration 18 (MT total route time: 1.400 sec): 2958(overused: 9153)
Unrouted general nets at iteration 19 (MT total route time: 1.383 sec): 2806(overused: 8577)
Unrouted general nets at iteration 20 (MT total route time: 1.233 sec): 2613(overused: 8040)
Unrouted general nets at iteration 21 (MT total route time: 1.373 sec): 2509(overused: 7461)
Unrouted general nets at iteration 22 (MT total route time: 1.336 sec): 2215(overused: 6574)
Unrouted general nets at iteration 23 (MT total route time: 1.081 sec): 1829(overused: 5186)
Unrouted general nets at iteration 24 (MT total route time: 1.020 sec): 1634(overused: 4595)
Unrouted general nets at iteration 25 (MT total route time: 0.919 sec): 1717(overused: 4510)
Unrouted general nets at iteration 26 (MT total route time: 0.824 sec): 1571(overused: 4194)
Unrouted general nets at iteration 27 (MT total route time: 0.793 sec): 1400(overused: 3847)
Unrouted general nets at iteration 28 (MT total route time: 0.814 sec): 1438(overused: 4054)
Unrouted general nets at iteration 29 (MT total route time: 0.930 sec): 1315(overused: 3676)
Unrouted general nets at iteration 30 (MT total route time: 0.808 sec): 1179(overused: 3065)
Unrouted general nets at iteration 31 (MT total route time: 0.613 sec): 1005(overused: 2520)
Unrouted general nets at iteration 32 (MT total route time: 0.538 sec): 963(overused: 2360)
Unrouted general nets at iteration 33 (MT total route time: 0.514 sec): 865(overused: 2092)
Unrouted general nets at iteration 34 (MT total route time: 0.768 sec): 881(overused: 2252)
Unrouted general nets at iteration 35 (MT total route time: 0.627 sec): 791(overused: 2119)
Unrouted general nets at iteration 36 (MT total route time: 0.559 sec): 745(overused: 1840)
Unrouted general nets at iteration 37 (MT total route time: 0.583 sec): 756(overused: 1954)
Unrouted general nets at iteration 38 (MT total route time: 0.580 sec): 701(overused: 1887)
Unrouted general nets at iteration 39 (MT total route time: 0.548 sec): 724(overused: 1931)
Unrouted general nets at iteration 40 (MT total route time: 0.582 sec): 804(overused: 2195)
Unrouted general nets at iteration 41 (MT total route time: 0.647 sec): 767(overused: 2129)
Unrouted general nets at iteration 42 (MT total route time: 0.544 sec): 628(overused: 1600)
Unrouted general nets at iteration 43 (MT total route time: 0.501 sec): 561(overused: 1422)
Unrouted general nets at iteration 44 (MT total route time: 0.454 sec): 488(overused: 1071)
Unrouted general nets at iteration 45 (MT total route time: 0.369 sec): 394(overused: 852)
Unrouted general nets at iteration 46 (MT total route time: 0.315 sec): 352(overused: 747)
Unrouted general nets at iteration 47 (MT total route time: 0.294 sec): 337(overused: 636)
Unrouted general nets at iteration 48 (MT total route time: 0.286 sec): 327(overused: 663)
Unrouted general nets at iteration 49 (MT total route time: 0.299 sec): 335(overused: 729)
Unrouted general nets at iteration 50 (MT total route time: 0.318 sec): 356(overused: 822)
Unrouted general nets at iteration 51 (MT total route time: 0.311 sec): 344(overused: 784)
Unrouted general nets at iteration 52 (MT total route time: 0.313 sec): 270(overused: 538)
Unrouted general nets at iteration 53 (MT total route time: 0.255 sec): 209(overused: 388)
Unrouted general nets at iteration 54 (MT total route time: 0.240 sec): 162(overused: 292)
Unrouted general nets at iteration 55 (MT total route time: 0.207 sec): 134(overused: 240)
Unrouted general nets at iteration 56 (MT total route time: 0.173 sec): 86(overused: 151)
Unrouted general nets at iteration 57 (MT total route time: 0.195 sec): 106(overused: 198)
Unrouted general nets at iteration 58 (MT total route time: 0.253 sec): 138(overused: 362)
Unrouted general nets at iteration 59 (MT total route time: 0.261 sec): 164(overused: 366)
Unrouted general nets at iteration 60 (MT total route time: 0.308 sec): 225(overused: 545)
Unrouted general nets at iteration 61 (MT total route time: 0.306 sec): 231(overused: 510)
Unrouted general nets at iteration 62 (MT total route time: 0.252 sec): 224(overused: 410)
Unrouted general nets at iteration 63 (MT total route time: 0.251 sec): 184(overused: 364)
Unrouted general nets at iteration 64 (MT total route time: 0.227 sec): 171(overused: 278)
Unrouted general nets at iteration 65 (MT total route time: 0.429 sec): 306(overused: 782)
Unrouted general nets at iteration 66 (MT total route time: 0.423 sec): 317(overused: 632)
Unrouted general nets at iteration 67 (MT total route time: 0.355 sec): 268(overused: 543)
Unrouted general nets at iteration 68 (MT total route time: 0.294 sec): 187(overused: 358)
Unrouted general nets at iteration 69 (MT total route time: 0.232 sec): 144(overused: 242)
Unrouted general nets at iteration 70 (MT total route time: 0.243 sec): 94(overused: 173)
Unrouted general nets at iteration 71 (MT total route time: 0.242 sec): 115(overused: 293)
Unrouted general nets at iteration 72 (MT total route time: 0.308 sec): 152(overused: 367)
Unrouted general nets at iteration 73 (MT total route time: 0.246 sec): 119(overused: 233)
Unrouted general nets at iteration 74 (MT total route time: 0.278 sec): 98(overused: 230)
Unrouted general nets at iteration 75 (MT total route time: 0.216 sec): 88(overused: 174)
Unrouted general nets at iteration 76 (MT total route time: 0.221 sec): 74(overused: 140)
Unrouted general nets at iteration 77 (MT total route time: 0.207 sec): 49(overused: 82)
Unrouted general nets at iteration 78 (MT total route time: 0.187 sec): 32(overused: 50)
Unrouted general nets at iteration 79 (MT total route time: 0.179 sec): 25(overused: 40)
Unrouted general nets at iteration 80 (MT total route time: 0.164 sec): 13(overused: 18)
Unrouted general nets at iteration 81 (MT total route time: 0.167 sec): 6(overused: 6)
Unrouted general nets at iteration 82 (MT total route time: 0.162 sec): 2(overused: 2)
Unrouted general nets at iteration 83 (MT total route time: 0.167 sec): 0(overused: 0)
----General net take 0.218 sec(route net take 0.101 sec, inc cost take 0.117 sec, iter times: 1)
----const net route take 1.107 sec
Unrouted nets at iteration 84 (1.339 sec): 0
Detailed routing takes 147.33 sec.
Fix violation Finished.
No hold violation.
Hold Violation Fix in router takes 24.11 sec.
Sort Original Nets take 0.127 sec
Build solution node for device pins which were mapped to more than one design pin take 1.409 sec
Total net: 76460, route succeed net: 76460
Generate routing result take 0.128 sec
Handle PERMUX permutation take 1.695 sec
Handle const net take 0.175 sec
Handle route through take 0.051 sec
Handle loads' routing node take 0.356 sec
Used SRB routing arc is 605953.
Finish routing takes 4.94 sec.
Total routing takes 222.41 sec.


Device Utilization Summary :
+-------------------------------------------------------------------------------------+
| Logic Utilization                 | Used      | Available     | Utilization(%)     
+-------------------------------------------------------------------------------------+
| Use of ADC                        | 0         | 1             | 0                  
| Use of ANALOG                     | 0         | 1             | 0                  
| Use of APM                        | 544       | 740           | 74                 
| Use of BKCL                       | 3         | 10            | 30                 
| Use of CCS                        | 1         | 1             | 100                
| Use of CLMA                       | 13662     | 30075         | 46                 
|   FF                              | 60098     | 240600        | 25                 
|   LUT                             | 25275     | 120300        | 22                 
|   LUT-FF pairs                    | 8966      | 120300        | 8                  
| Use of CLMS                       | 4142      | 9875          | 42                 
|   FF                              | 19268     | 79000         | 25                 
|   LUT                             | 8349      | 39500         | 22                 
|   LUT-FF pairs                    | 3405      | 39500         | 9                  
|   Distributed RAM                 | 1717      | 39500         | 5                  
| Use of DDRPHY_CPD                 | 0         | 20            | 0                  
| Use of DDRPHY_IOCLK_DIV           | 0         | 10            | 0                  
| Use of DDR_PHY                    | 0         | 40            | 0                  
| Use of DRM                        | 215       | 415           | 52                 
| Use of GCLK_INBUF_SYN             | 0         | 40            | 0                  
| Use of GPLL                       | 2         | 10            | 20                 
| Use of GSEB                       | 0         | 512           | 0                  
| Use of HARD0                      | 4301      | 25050         | 18                 
| Use of HCKB                       | 19        | 120           | 16                 
|  HCKB dataused                    | 0         | 120           | 0                  
| Use of HCKMUX_TEST                | 0         | 10            | 0                  
| Use of HSSTLP                     | 0         | 2             | 0                  
| Use of IO                         | 42        | 400           | 11                 
|   IOBD                            | 22        | 192           | 12                 
|   IOBS                            | 20        | 208           | 10                 
| Use of IOCKB                      | 0         | 40            | 0                  
| Use of IOCKMUX_TEST               | 0         | 10            | 0                  
| Use of IOLHR                      | 42        | 500           | 9                  
| Use of KEYRAM                     | 0         | 1             | 0                  
| Use of MFG_TEST                   | 0         | 1             | 0                  
| Use of MRCKB                      | 0         | 20            | 0                  
| Use of MRCKMUX_TEST               | 0         | 10            | 0                  
| Use of MRPOSTMUX_TEST             | 0         | 10            | 0                  
| Use of PCIE                       | 0         | 1             | 0                  
| Use of PCKMUX_TEST                | 0         | 20            | 0                  
| Use of PLLMRMUX_TEST              | 0         | 10            | 0                  
| Use of PLLREFMUX_TEST             | 0         | 10            | 0                  
| Use of POSTGMUXLR_TEST            | 0         | 4             | 0                  
| Use of PPLL                       | 0         | 10            | 0                  
| Use of PREGMUXC_TEST              | 0         | 3             | 0                  
| Use of PREGMUXC_X16_200H_TEST     | 0         | 4             | 0                  
| Use of PREGMUXLR_TEST             | 0         | 10            | 0                  
| Use of RCKB                       | 0         | 40            | 0                  
|  RCKB dataused                    | 0         | 40            | 0                  
| Use of RCKMUX_TEST                | 0         | 10            | 0                  
| Use of SCANCHAIN                  | 0         | 1             | 0                  
| Use of SCKMUX_TEST                | 0         | 20            | 0                  
| Use of SFB                        | 0         | 5075          | 0                  
| Use of SPAD                       | 0         | 8             | 0                  
| Use of TSERDES                    | 0         | 80            | 0                  
| Use of USCM                       | 4         | 32            | 13                 
|  USCM dataused                    | 0         | 32            | 0                  
| Use of USCMMUX_TEST               | 0         | 32            | 0                  
+-------------------------------------------------------------------------------------+

Finished routing.
Design 'hdmi_loop' has been placed and routed successfully.
Saving design to DB.
Finished placement and routing.
Action pnr: Real time elapsed is 0h:10m:56s
Action pnr: CPU time elapsed is 0h:3m:8s
Action pnr: Process CPU time elapsed is 0h:4m:36s
Current time: Sun Jun 28 17:35:44 2026
Action pnr: Peak memory pool usage is 4,855 MB
