#Build: Fabric Compiler 2022.2-SP6.4, Build 146967, Jan 31 01:39 2024
#Install: C:\pango\PDS_2022.2-SP6.4\bin
#Application name: pds_shell.exe
#OS: Windows 10 10.0.22631
#Hostname: DESKTOP-VB8TKRO
Generated by Fabric Compiler (version 2022.2-SP6.4 build 146967) at Thu Jul  2 11:06:11 2026
Compiling verification operator library.
Compiling common defs.
Compiling prim grid devices.
Compiling gate devices.
Compiling gate operators.
Building architecture model.
Loading device packaging model.
pnr strategy configuration : 
strategy name : 0
Building architecture floorplan logic view.
Constraint check start.
Executing : def_port {hd_sda} LOC=J14 VCCIO=3.3 IOSTANDARD=LVCMOS33 DRIVE=8 SLEW=SLOW NONE=TRUE
C: ConstraintEditor-2002: [C:/Users/Datou21/Desktop/PDS/back1/cnn_usb_copy/prj_pds/device_map/hdmi_loop.pcf(line number: 3)] | Port hd_sda has been placed at location J14, whose type is share pin.
Executing : def_port {hd_sda} LOC=J14 VCCIO=3.3 IOSTANDARD=LVCMOS33 DRIVE=8 SLEW=SLOW NONE=TRUE successfully
Executing : def_port {mem_dq[0]} LOC=G5 VCCIO=1.5 IOSTANDARD=HSTL15_I DRIVE=8 SLEW=SLOW NONE=TRUE
Executing : def_port {mem_dq[0]} LOC=G5 VCCIO=1.5 IOSTANDARD=HSTL15_I DRIVE=8 SLEW=SLOW NONE=TRUE successfully
Executing : def_port {mem_dq[1]} LOC=J6 VCCIO=1.5 IOSTANDARD=HSTL15_I DRIVE=8 SLEW=SLOW NONE=TRUE
C: ConstraintEditor-2002: [C:/Users/Datou21/Desktop/PDS/back1/cnn_usb_copy/prj_pds/device_map/hdmi_loop.pcf(line number: 5)] | Port mem_dq[1] has been placed at location J6, whose type is share pin.
Executing : def_port {mem_dq[1]} LOC=J6 VCCIO=1.5 IOSTANDARD=HSTL15_I DRIVE=8 SLEW=SLOW NONE=TRUE successfully
Executing : def_port {mem_dq[2]} LOC=F5 VCCIO=1.5 IOSTANDARD=HSTL15_I DRIVE=8 SLEW=SLOW NONE=TRUE
Executing : def_port {mem_dq[2]} LOC=F5 VCCIO=1.5 IOSTANDARD=HSTL15_I DRIVE=8 SLEW=SLOW NONE=TRUE successfully
Executing : def_port {mem_dq[3]} LOC=L8 VCCIO=1.5 IOSTANDARD=HSTL15_I DRIVE=8 SLEW=SLOW NONE=TRUE
C: ConstraintEditor-2002: [C:/Users/Datou21/Desktop/PDS/back1/cnn_usb_copy/prj_pds/device_map/hdmi_loop.pcf(line number: 7)] | Port mem_dq[3] has been placed at location L8, whose type is share pin.
Executing : def_port {mem_dq[3]} LOC=L8 VCCIO=1.5 IOSTANDARD=HSTL15_I DRIVE=8 SLEW=SLOW NONE=TRUE successfully
Executing : def_port {mem_dq[4]} LOC=G4 VCCIO=1.5 IOSTANDARD=HSTL15_I DRIVE=8 SLEW=SLOW NONE=TRUE
Executing : def_port {mem_dq[4]} LOC=G4 VCCIO=1.5 IOSTANDARD=HSTL15_I DRIVE=8 SLEW=SLOW NONE=TRUE successfully
Executing : def_port {mem_dq[5]} LOC=K7 VCCIO=1.5 IOSTANDARD=HSTL15_I DRIVE=8 SLEW=SLOW NONE=TRUE
C: ConstraintEditor-2002: [C:/Users/Datou21/Desktop/PDS/back1/cnn_usb_copy/prj_pds/device_map/hdmi_loop.pcf(line number: 9)] | Port mem_dq[5] has been placed at location K7, whose type is share pin.
Executing : def_port {mem_dq[5]} LOC=K7 VCCIO=1.5 IOSTANDARD=HSTL15_I DRIVE=8 SLEW=SLOW NONE=TRUE successfully
Executing : def_port {mem_dq[6]} LOC=F4 VCCIO=1.5 IOSTANDARD=HSTL15_I DRIVE=8 SLEW=SLOW NONE=TRUE
Executing : def_port {mem_dq[6]} LOC=F4 VCCIO=1.5 IOSTANDARD=HSTL15_I DRIVE=8 SLEW=SLOW NONE=TRUE successfully
Executing : def_port {mem_dq[7]} LOC=J5 VCCIO=1.5 IOSTANDARD=HSTL15_I DRIVE=8 SLEW=SLOW NONE=TRUE
C: ConstraintEditor-2002: [C:/Users/Datou21/Desktop/PDS/back1/cnn_usb_copy/prj_pds/device_map/hdmi_loop.pcf(line number: 11)] | Port mem_dq[7] has been placed at location J5, whose type is share pin.
Executing : def_port {mem_dq[7]} LOC=J5 VCCIO=1.5 IOSTANDARD=HSTL15_I DRIVE=8 SLEW=SLOW NONE=TRUE successfully
Executing : def_port {mem_dq[8]} LOC=H6 VCCIO=1.5 IOSTANDARD=HSTL15_I DRIVE=8 SLEW=SLOW NONE=TRUE
C: ConstraintEditor-2002: [C:/Users/Datou21/Desktop/PDS/back1/cnn_usb_copy/prj_pds/device_map/hdmi_loop.pcf(line number: 12)] | Port mem_dq[8] has been placed at location H6, whose type is share pin.
Executing : def_port {mem_dq[8]} LOC=H6 VCCIO=1.5 IOSTANDARD=HSTL15_I DRIVE=8 SLEW=SLOW NONE=TRUE successfully
Executing : def_port {mem_dq[9]} LOC=F8 VCCIO=1.5 IOSTANDARD=HSTL15_I DRIVE=8 SLEW=SLOW NONE=TRUE
Executing : def_port {mem_dq[9]} LOC=F8 VCCIO=1.5 IOSTANDARD=HSTL15_I DRIVE=8 SLEW=SLOW NONE=TRUE successfully
Executing : def_port {mem_dq[10]} LOC=H8 VCCIO=1.5 IOSTANDARD=HSTL15_I DRIVE=8 SLEW=SLOW NONE=TRUE
C: ConstraintEditor-2002: [C:/Users/Datou21/Desktop/PDS/back1/cnn_usb_copy/prj_pds/device_map/hdmi_loop.pcf(line number: 14)] | Port mem_dq[10] has been placed at location H8, whose type is share pin.
Executing : def_port {mem_dq[10]} LOC=H8 VCCIO=1.5 IOSTANDARD=HSTL15_I DRIVE=8 SLEW=SLOW NONE=TRUE successfully
Executing : def_port {mem_dq[11]} LOC=D6 VCCIO=1.5 IOSTANDARD=HSTL15_I DRIVE=8 SLEW=SLOW NONE=TRUE
C: ConstraintEditor-2002: [C:/Users/Datou21/Desktop/PDS/back1/cnn_usb_copy/prj_pds/device_map/hdmi_loop.pcf(line number: 15)] | Port mem_dq[11] has been placed at location D6, whose type is share pin.
Executing : def_port {mem_dq[11]} LOC=D6 VCCIO=1.5 IOSTANDARD=HSTL15_I DRIVE=8 SLEW=SLOW NONE=TRUE successfully
Executing : def_port {mem_dq[12]} LOC=G8 VCCIO=1.5 IOSTANDARD=HSTL15_I DRIVE=8 SLEW=SLOW NONE=TRUE
C: ConstraintEditor-2002: [C:/Users/Datou21/Desktop/PDS/back1/cnn_usb_copy/prj_pds/device_map/hdmi_loop.pcf(line number: 16)] | Port mem_dq[12] has been placed at location G8, whose type is share pin.
Executing : def_port {mem_dq[12]} LOC=G8 VCCIO=1.5 IOSTANDARD=HSTL15_I DRIVE=8 SLEW=SLOW NONE=TRUE successfully
Executing : def_port {mem_dq[13]} LOC=E6 VCCIO=1.5 IOSTANDARD=HSTL15_I DRIVE=8 SLEW=SLOW NONE=TRUE
C: ConstraintEditor-2002: [C:/Users/Datou21/Desktop/PDS/back1/cnn_usb_copy/prj_pds/device_map/hdmi_loop.pcf(line number: 17)] | Port mem_dq[13] has been placed at location E6, whose type is share pin.
Executing : def_port {mem_dq[13]} LOC=E6 VCCIO=1.5 IOSTANDARD=HSTL15_I DRIVE=8 SLEW=SLOW NONE=TRUE successfully
Executing : def_port {mem_dq[14]} LOC=H9 VCCIO=1.5 IOSTANDARD=HSTL15_I DRIVE=8 SLEW=SLOW NONE=TRUE
Executing : def_port {mem_dq[14]} LOC=H9 VCCIO=1.5 IOSTANDARD=HSTL15_I DRIVE=8 SLEW=SLOW NONE=TRUE successfully
Executing : def_port {mem_dq[15]} LOC=G6 VCCIO=1.5 IOSTANDARD=HSTL15_I DRIVE=8 SLEW=SLOW NONE=TRUE
C: ConstraintEditor-2002: [C:/Users/Datou21/Desktop/PDS/back1/cnn_usb_copy/prj_pds/device_map/hdmi_loop.pcf(line number: 19)] | Port mem_dq[15] has been placed at location G6, whose type is share pin.
Executing : def_port {mem_dq[15]} LOC=G6 VCCIO=1.5 IOSTANDARD=HSTL15_I DRIVE=8 SLEW=SLOW NONE=TRUE successfully
Executing : def_port {mem_dq[16]} LOC=C4 VCCIO=1.5 IOSTANDARD=HSTL15_I DRIVE=8 SLEW=SLOW NONE=TRUE
Executing : def_port {mem_dq[16]} LOC=C4 VCCIO=1.5 IOSTANDARD=HSTL15_I DRIVE=8 SLEW=SLOW NONE=TRUE successfully
Executing : def_port {mem_dq[17]} LOC=D4 VCCIO=1.5 IOSTANDARD=HSTL15_I DRIVE=8 SLEW=SLOW NONE=TRUE
Executing : def_port {mem_dq[17]} LOC=D4 VCCIO=1.5 IOSTANDARD=HSTL15_I DRIVE=8 SLEW=SLOW NONE=TRUE successfully
Executing : def_port {mem_dq[18]} LOC=A4 VCCIO=1.5 IOSTANDARD=HSTL15_I DRIVE=8 SLEW=SLOW NONE=TRUE
Executing : def_port {mem_dq[18]} LOC=A4 VCCIO=1.5 IOSTANDARD=HSTL15_I DRIVE=8 SLEW=SLOW NONE=TRUE successfully
Executing : def_port {mem_dq[19]} LOC=E3 VCCIO=1.5 IOSTANDARD=HSTL15_I DRIVE=8 SLEW=SLOW NONE=TRUE
Executing : def_port {mem_dq[19]} LOC=E3 VCCIO=1.5 IOSTANDARD=HSTL15_I DRIVE=8 SLEW=SLOW NONE=TRUE successfully
Executing : def_port {mem_dq[20]} LOC=C3 VCCIO=1.5 IOSTANDARD=HSTL15_I DRIVE=8 SLEW=SLOW NONE=TRUE
Executing : def_port {mem_dq[20]} LOC=C3 VCCIO=1.5 IOSTANDARD=HSTL15_I DRIVE=8 SLEW=SLOW NONE=TRUE successfully
Executing : def_port {mem_dq[21]} LOC=F3 VCCIO=1.5 IOSTANDARD=HSTL15_I DRIVE=8 SLEW=SLOW NONE=TRUE
Executing : def_port {mem_dq[21]} LOC=F3 VCCIO=1.5 IOSTANDARD=HSTL15_I DRIVE=8 SLEW=SLOW NONE=TRUE successfully
Executing : def_port {mem_dq[22]} LOC=B4 VCCIO=1.5 IOSTANDARD=HSTL15_I DRIVE=8 SLEW=SLOW NONE=TRUE
Executing : def_port {mem_dq[22]} LOC=B4 VCCIO=1.5 IOSTANDARD=HSTL15_I DRIVE=8 SLEW=SLOW NONE=TRUE successfully
Executing : def_port {mem_dq[23]} LOC=D3 VCCIO=1.5 IOSTANDARD=HSTL15_I DRIVE=8 SLEW=SLOW NONE=TRUE
Executing : def_port {mem_dq[23]} LOC=D3 VCCIO=1.5 IOSTANDARD=HSTL15_I DRIVE=8 SLEW=SLOW NONE=TRUE successfully
Executing : def_port {mem_dq[24]} LOC=F2 VCCIO=1.5 IOSTANDARD=HSTL15_I DRIVE=8 SLEW=SLOW NONE=TRUE
Executing : def_port {mem_dq[24]} LOC=F2 VCCIO=1.5 IOSTANDARD=HSTL15_I DRIVE=8 SLEW=SLOW NONE=TRUE successfully
Executing : def_port {mem_dq[25]} LOC=D1 VCCIO=1.5 IOSTANDARD=HSTL15_I DRIVE=8 SLEW=SLOW NONE=TRUE
Executing : def_port {mem_dq[25]} LOC=D1 VCCIO=1.5 IOSTANDARD=HSTL15_I DRIVE=8 SLEW=SLOW NONE=TRUE successfully
Executing : def_port {mem_dq[26]} LOC=G1 VCCIO=1.5 IOSTANDARD=HSTL15_I DRIVE=8 SLEW=SLOW NONE=TRUE
Executing : def_port {mem_dq[26]} LOC=G1 VCCIO=1.5 IOSTANDARD=HSTL15_I DRIVE=8 SLEW=SLOW NONE=TRUE successfully
Executing : def_port {mem_dq[27]} LOC=A2 VCCIO=1.5 IOSTANDARD=HSTL15_I DRIVE=8 SLEW=SLOW NONE=TRUE
Executing : def_port {mem_dq[27]} LOC=A2 VCCIO=1.5 IOSTANDARD=HSTL15_I DRIVE=8 SLEW=SLOW NONE=TRUE successfully
Executing : def_port {mem_dq[28]} LOC=E1 VCCIO=1.5 IOSTANDARD=HSTL15_I DRIVE=8 SLEW=SLOW NONE=TRUE
Executing : def_port {mem_dq[28]} LOC=E1 VCCIO=1.5 IOSTANDARD=HSTL15_I DRIVE=8 SLEW=SLOW NONE=TRUE successfully
Executing : def_port {mem_dq[29]} LOC=A3 VCCIO=1.5 IOSTANDARD=HSTL15_I DRIVE=8 SLEW=SLOW NONE=TRUE
Executing : def_port {mem_dq[29]} LOC=A3 VCCIO=1.5 IOSTANDARD=HSTL15_I DRIVE=8 SLEW=SLOW NONE=TRUE successfully
Executing : def_port {mem_dq[30]} LOC=G2 VCCIO=1.5 IOSTANDARD=HSTL15_I DRIVE=8 SLEW=SLOW NONE=TRUE
Executing : def_port {mem_dq[30]} LOC=G2 VCCIO=1.5 IOSTANDARD=HSTL15_I DRIVE=8 SLEW=SLOW NONE=TRUE successfully
Executing : def_port {mem_dq[31]} LOC=C2 VCCIO=1.5 IOSTANDARD=HSTL15_I DRIVE=8 SLEW=SLOW NONE=TRUE
Executing : def_port {mem_dq[31]} LOC=C2 VCCIO=1.5 IOSTANDARD=HSTL15_I DRIVE=8 SLEW=SLOW NONE=TRUE successfully
Executing : def_port {mem_dqs[0]} LOC=J4 VCCIO=1.5 IOSTANDARD=HSTL15D_I DRIVE=8 SLEW=SLOW NONE=TRUE
C: ConstraintEditor-2002: [C:/Users/Datou21/Desktop/PDS/back1/cnn_usb_copy/prj_pds/device_map/hdmi_loop.pcf(line number: 36)] | Port mem_dqs[0] has been placed at location J4, whose type is share pin.
Executing : def_port {mem_dqs[0]} LOC=J4 VCCIO=1.5 IOSTANDARD=HSTL15D_I DRIVE=8 SLEW=SLOW NONE=TRUE successfully
Executing : def_port {mem_dqs[1]} LOC=H7 VCCIO=1.5 IOSTANDARD=HSTL15D_I DRIVE=8 SLEW=SLOW NONE=TRUE
C: ConstraintEditor-2002: [C:/Users/Datou21/Desktop/PDS/back1/cnn_usb_copy/prj_pds/device_map/hdmi_loop.pcf(line number: 37)] | Port mem_dqs[1] has been placed at location H7, whose type is share pin.
Executing : def_port {mem_dqs[1]} LOC=H7 VCCIO=1.5 IOSTANDARD=HSTL15D_I DRIVE=8 SLEW=SLOW NONE=TRUE successfully
Executing : def_port {mem_dqs[2]} LOC=B5 VCCIO=1.5 IOSTANDARD=HSTL15D_I DRIVE=8 SLEW=SLOW NONE=TRUE
Executing : def_port {mem_dqs[2]} LOC=B5 VCCIO=1.5 IOSTANDARD=HSTL15D_I DRIVE=8 SLEW=SLOW NONE=TRUE successfully
Executing : def_port {mem_dqs[3]} LOC=C1 VCCIO=1.5 IOSTANDARD=HSTL15D_I DRIVE=8 SLEW=SLOW NONE=TRUE
Executing : def_port {mem_dqs[3]} LOC=C1 VCCIO=1.5 IOSTANDARD=HSTL15D_I DRIVE=8 SLEW=SLOW NONE=TRUE successfully
Executing : def_port {mem_dqs_n[0]} LOC=H4 VCCIO=1.5 IOSTANDARD=HSTL15D_I DRIVE=8 SLEW=SLOW NONE=TRUE
C: ConstraintEditor-2002: [C:/Users/Datou21/Desktop/PDS/back1/cnn_usb_copy/prj_pds/device_map/hdmi_loop.pcf(line number: 40)] | Port mem_dqs_n[0] has been placed at location H4, whose type is share pin.
Executing : def_port {mem_dqs_n[0]} LOC=H4 VCCIO=1.5 IOSTANDARD=HSTL15D_I DRIVE=8 SLEW=SLOW NONE=TRUE successfully
Executing : def_port {mem_dqs_n[1]} LOC=G7 VCCIO=1.5 IOSTANDARD=HSTL15D_I DRIVE=8 SLEW=SLOW NONE=TRUE
C: ConstraintEditor-2002: [C:/Users/Datou21/Desktop/PDS/back1/cnn_usb_copy/prj_pds/device_map/hdmi_loop.pcf(line number: 41)] | Port mem_dqs_n[1] has been placed at location G7, whose type is share pin.
Executing : def_port {mem_dqs_n[1]} LOC=G7 VCCIO=1.5 IOSTANDARD=HSTL15D_I DRIVE=8 SLEW=SLOW NONE=TRUE successfully
Executing : def_port {mem_dqs_n[2]} LOC=A5 VCCIO=1.5 IOSTANDARD=HSTL15D_I DRIVE=8 SLEW=SLOW NONE=TRUE
Executing : def_port {mem_dqs_n[2]} LOC=A5 VCCIO=1.5 IOSTANDARD=HSTL15D_I DRIVE=8 SLEW=SLOW NONE=TRUE successfully
Executing : def_port {mem_dqs_n[3]} LOC=B1 VCCIO=1.5 IOSTANDARD=HSTL15D_I DRIVE=8 SLEW=SLOW NONE=TRUE
Executing : def_port {mem_dqs_n[3]} LOC=B1 VCCIO=1.5 IOSTANDARD=HSTL15D_I DRIVE=8 SLEW=SLOW NONE=TRUE successfully
Executing : def_port {ddr_init_done} LOC=C18 VCCIO=3.3 IOSTANDARD=LVCMOS33 DRIVE=8 SLEW=FAST PULLUP=TRUE
Executing : def_port {ddr_init_done} LOC=C18 VCCIO=3.3 IOSTANDARD=LVCMOS33 DRIVE=8 SLEW=FAST PULLUP=TRUE successfully
Executing : def_port {hd_scl} LOC=J15 VCCIO=3.3 IOSTANDARD=LVCMOS33 DRIVE=8 SLEW=SLOW NONE=TRUE
C: ConstraintEditor-2002: [C:/Users/Datou21/Desktop/PDS/back1/cnn_usb_copy/prj_pds/device_map/hdmi_loop.pcf(line number: 45)] | Port hd_scl has been placed at location J15, whose type is share pin.
Executing : def_port {hd_scl} LOC=J15 VCCIO=3.3 IOSTANDARD=LVCMOS33 DRIVE=8 SLEW=SLOW NONE=TRUE successfully
Executing : def_port {led_int} LOC=A20 VCCIO=3.3 IOSTANDARD=LVCMOS33 DRIVE=8 SLEW=SLOW NONE=TRUE
Executing : def_port {led_int} LOC=A20 VCCIO=3.3 IOSTANDARD=LVCMOS33 DRIVE=8 SLEW=SLOW NONE=TRUE successfully
Executing : def_port {mem_a[0]} LOC=J1 VCCIO=1.5 IOSTANDARD=HSTL15_I DRIVE=8 SLEW=SLOW NONE=TRUE
Executing : def_port {mem_a[0]} LOC=J1 VCCIO=1.5 IOSTANDARD=HSTL15_I DRIVE=8 SLEW=SLOW NONE=TRUE successfully
Executing : def_port {mem_a[1]} LOC=L3 VCCIO=1.5 IOSTANDARD=HSTL15_I DRIVE=8 SLEW=SLOW NONE=TRUE
Executing : def_port {mem_a[1]} LOC=L3 VCCIO=1.5 IOSTANDARD=HSTL15_I DRIVE=8 SLEW=SLOW NONE=TRUE successfully
Executing : def_port {mem_a[2]} LOC=L2 VCCIO=1.5 IOSTANDARD=HSTL15_I DRIVE=8 SLEW=SLOW NONE=TRUE
Executing : def_port {mem_a[2]} LOC=L2 VCCIO=1.5 IOSTANDARD=HSTL15_I DRIVE=8 SLEW=SLOW NONE=TRUE successfully
Executing : def_port {mem_a[3]} LOC=P3 VCCIO=1.5 IOSTANDARD=HSTL15_I DRIVE=8 SLEW=SLOW NONE=TRUE
Executing : def_port {mem_a[3]} LOC=P3 VCCIO=1.5 IOSTANDARD=HSTL15_I DRIVE=8 SLEW=SLOW NONE=TRUE successfully
Executing : def_port {mem_a[4]} LOC=T2 VCCIO=1.5 IOSTANDARD=HSTL15_I DRIVE=8 SLEW=SLOW NONE=TRUE
Executing : def_port {mem_a[4]} LOC=T2 VCCIO=1.5 IOSTANDARD=HSTL15_I DRIVE=8 SLEW=SLOW NONE=TRUE successfully
Executing : def_port {mem_a[5]} LOC=M1 VCCIO=1.5 IOSTANDARD=HSTL15_I DRIVE=8 SLEW=SLOW NONE=TRUE
Executing : def_port {mem_a[5]} LOC=M1 VCCIO=1.5 IOSTANDARD=HSTL15_I DRIVE=8 SLEW=SLOW NONE=TRUE successfully
Executing : def_port {mem_a[6]} LOC=U1 VCCIO=1.5 IOSTANDARD=HSTL15_I DRIVE=8 SLEW=SLOW NONE=TRUE
Executing : def_port {mem_a[6]} LOC=U1 VCCIO=1.5 IOSTANDARD=HSTL15_I DRIVE=8 SLEW=SLOW NONE=TRUE successfully
Executing : def_port {mem_a[7]} LOC=K1 VCCIO=1.5 IOSTANDARD=HSTL15_I DRIVE=8 SLEW=SLOW NONE=TRUE
Executing : def_port {mem_a[7]} LOC=K1 VCCIO=1.5 IOSTANDARD=HSTL15_I DRIVE=8 SLEW=SLOW NONE=TRUE successfully
Executing : def_port {mem_a[8]} LOC=U2 VCCIO=1.5 IOSTANDARD=HSTL15_I DRIVE=8 SLEW=SLOW NONE=TRUE
Executing : def_port {mem_a[8]} LOC=U2 VCCIO=1.5 IOSTANDARD=HSTL15_I DRIVE=8 SLEW=SLOW NONE=TRUE successfully
Executing : def_port {mem_a[9]} LOC=K2 VCCIO=1.5 IOSTANDARD=HSTL15_I DRIVE=8 SLEW=SLOW NONE=TRUE
Executing : def_port {mem_a[9]} LOC=K2 VCCIO=1.5 IOSTANDARD=HSTL15_I DRIVE=8 SLEW=SLOW NONE=TRUE successfully
Executing : def_port {mem_a[10]} LOC=T3 VCCIO=1.5 IOSTANDARD=HSTL15_I DRIVE=8 SLEW=SLOW NONE=TRUE
Executing : def_port {mem_a[10]} LOC=T3 VCCIO=1.5 IOSTANDARD=HSTL15_I DRIVE=8 SLEW=SLOW NONE=TRUE successfully
Executing : def_port {mem_a[11]} LOC=P1 VCCIO=1.5 IOSTANDARD=HSTL15_I DRIVE=8 SLEW=SLOW NONE=TRUE
Executing : def_port {mem_a[11]} LOC=P1 VCCIO=1.5 IOSTANDARD=HSTL15_I DRIVE=8 SLEW=SLOW NONE=TRUE successfully
Executing : def_port {mem_a[12]} LOC=T4 VCCIO=1.5 IOSTANDARD=HSTL15_I DRIVE=8 SLEW=SLOW NONE=TRUE
Executing : def_port {mem_a[12]} LOC=T4 VCCIO=1.5 IOSTANDARD=HSTL15_I DRIVE=8 SLEW=SLOW NONE=TRUE successfully
Executing : def_port {mem_a[13]} LOC=M2 VCCIO=1.5 IOSTANDARD=HSTL15_I DRIVE=8 SLEW=SLOW NONE=TRUE
Executing : def_port {mem_a[13]} LOC=M2 VCCIO=1.5 IOSTANDARD=HSTL15_I DRIVE=8 SLEW=SLOW NONE=TRUE successfully
Executing : def_port {mem_a[14]} LOC=N1 VCCIO=1.5 IOSTANDARD=HSTL15_I DRIVE=8 SLEW=SLOW NONE=TRUE
Executing : def_port {mem_a[14]} LOC=N1 VCCIO=1.5 IOSTANDARD=HSTL15_I DRIVE=8 SLEW=SLOW NONE=TRUE successfully
Executing : def_port {mem_ba[0]} LOC=P4 VCCIO=1.5 IOSTANDARD=HSTL15_I DRIVE=8 SLEW=SLOW NONE=TRUE
Executing : def_port {mem_ba[0]} LOC=P4 VCCIO=1.5 IOSTANDARD=HSTL15_I DRIVE=8 SLEW=SLOW NONE=TRUE successfully
Executing : def_port {mem_ba[1]} LOC=R2 VCCIO=1.5 IOSTANDARD=HSTL15_I DRIVE=8 SLEW=SLOW NONE=TRUE
Executing : def_port {mem_ba[1]} LOC=R2 VCCIO=1.5 IOSTANDARD=HSTL15_I DRIVE=8 SLEW=SLOW NONE=TRUE successfully
Executing : def_port {mem_ba[2]} LOC=T5 VCCIO=1.5 IOSTANDARD=HSTL15_I DRIVE=8 SLEW=SLOW NONE=TRUE
Executing : def_port {mem_ba[2]} LOC=T5 VCCIO=1.5 IOSTANDARD=HSTL15_I DRIVE=8 SLEW=SLOW NONE=TRUE successfully
Executing : def_port {mem_cas_n} LOC=T7 VCCIO=1.5 IOSTANDARD=HSTL15_I DRIVE=8 SLEW=SLOW NONE=TRUE
Executing : def_port {mem_cas_n} LOC=T7 VCCIO=1.5 IOSTANDARD=HSTL15_I DRIVE=8 SLEW=SLOW NONE=TRUE successfully
Executing : def_port {mem_ck} LOC=U6 VCCIO=1.5 IOSTANDARD=HSTL15D_I DRIVE=8 SLEW=SLOW NONE=TRUE
Executing : def_port {mem_ck} LOC=U6 VCCIO=1.5 IOSTANDARD=HSTL15D_I DRIVE=8 SLEW=SLOW NONE=TRUE successfully
Executing : def_port {mem_ck_n} LOC=U5 VCCIO=1.5 IOSTANDARD=HSTL15D_I DRIVE=8 SLEW=SLOW NONE=TRUE
Executing : def_port {mem_ck_n} LOC=U5 VCCIO=1.5 IOSTANDARD=HSTL15D_I DRIVE=8 SLEW=SLOW NONE=TRUE successfully
Executing : def_port {mem_cke} LOC=R1 VCCIO=1.5 IOSTANDARD=HSTL15_I DRIVE=8 SLEW=SLOW NONE=TRUE
Executing : def_port {mem_cke} LOC=R1 VCCIO=1.5 IOSTANDARD=HSTL15_I DRIVE=8 SLEW=SLOW NONE=TRUE successfully
Executing : def_port {mem_cs_n} LOC=N4 VCCIO=1.5 IOSTANDARD=HSTL15_I DRIVE=8 SLEW=SLOW NONE=TRUE
Executing : def_port {mem_cs_n} LOC=N4 VCCIO=1.5 IOSTANDARD=HSTL15_I DRIVE=8 SLEW=SLOW NONE=TRUE successfully
Executing : def_port {mem_dm[0]} LOC=K6 VCCIO=1.5 IOSTANDARD=HSTL15_I DRIVE=8 SLEW=SLOW NONE=TRUE
C: ConstraintEditor-2002: [C:/Users/Datou21/Desktop/PDS/back1/cnn_usb_copy/prj_pds/device_map/hdmi_loop.pcf(line number: 70)] | Port mem_dm[0] has been placed at location K6, whose type is share pin.
Executing : def_port {mem_dm[0]} LOC=K6 VCCIO=1.5 IOSTANDARD=HSTL15_I DRIVE=8 SLEW=SLOW NONE=TRUE successfully
Executing : def_port {mem_dm[1]} LOC=F7 VCCIO=1.5 IOSTANDARD=HSTL15_I DRIVE=8 SLEW=SLOW NONE=TRUE
Executing : def_port {mem_dm[1]} LOC=F7 VCCIO=1.5 IOSTANDARD=HSTL15_I DRIVE=8 SLEW=SLOW NONE=TRUE successfully
Executing : def_port {mem_dm[2]} LOC=D5 VCCIO=1.5 IOSTANDARD=HSTL15_I DRIVE=8 SLEW=SLOW NONE=TRUE
Executing : def_port {mem_dm[2]} LOC=D5 VCCIO=1.5 IOSTANDARD=HSTL15_I DRIVE=8 SLEW=SLOW NONE=TRUE successfully
Executing : def_port {mem_dm[3]} LOC=E2 VCCIO=1.5 IOSTANDARD=HSTL15_I DRIVE=8 SLEW=SLOW NONE=TRUE
Executing : def_port {mem_dm[3]} LOC=E2 VCCIO=1.5 IOSTANDARD=HSTL15_I DRIVE=8 SLEW=SLOW NONE=TRUE successfully
Executing : def_port {mem_odt} LOC=H2 VCCIO=1.5 IOSTANDARD=HSTL15_I DRIVE=8 SLEW=SLOW NONE=TRUE
Executing : def_port {mem_odt} LOC=H2 VCCIO=1.5 IOSTANDARD=HSTL15_I DRIVE=8 SLEW=SLOW NONE=TRUE successfully
Executing : def_port {mem_ras_n} LOC=P6 VCCIO=1.5 IOSTANDARD=HSTL15_I DRIVE=8 SLEW=SLOW NONE=TRUE
Executing : def_port {mem_ras_n} LOC=P6 VCCIO=1.5 IOSTANDARD=HSTL15_I DRIVE=8 SLEW=SLOW NONE=TRUE successfully
Executing : def_port {mem_rst_n} LOC=H1 VCCIO=1.5 IOSTANDARD=HSTL15_I DRIVE=8 SLEW=SLOW NONE=TRUE
Executing : def_port {mem_rst_n} LOC=H1 VCCIO=1.5 IOSTANDARD=HSTL15_I DRIVE=8 SLEW=SLOW NONE=TRUE successfully
Executing : def_port {mem_we_n} LOC=T8 VCCIO=1.5 IOSTANDARD=HSTL15_I DRIVE=8 SLEW=SLOW NONE=TRUE
Executing : def_port {mem_we_n} LOC=T8 VCCIO=1.5 IOSTANDARD=HSTL15_I DRIVE=8 SLEW=SLOW NONE=TRUE successfully
Executing : def_port {rstn_out} LOC=G25 VCCIO=3.3 IOSTANDARD=LVCMOS33 DRIVE=8 SLEW=SLOW NONE=TRUE
C: ConstraintEditor-2002: [C:/Users/Datou21/Desktop/PDS/back1/cnn_usb_copy/prj_pds/device_map/hdmi_loop.pcf(line number: 78)] | Port rstn_out has been placed at location G25, whose type is share pin.
Executing : def_port {rstn_out} LOC=G25 VCCIO=3.3 IOSTANDARD=LVCMOS33 DRIVE=8 SLEW=SLOW NONE=TRUE successfully
Executing : def_port {tmds_clk_n} LOC=N22 VCCIO=2.5 IOSTANDARD=LVDS25 DRIVE=3.5 NONE=TRUE
Executing : def_port {tmds_clk_n} LOC=N22 VCCIO=2.5 IOSTANDARD=LVDS25 DRIVE=3.5 NONE=TRUE successfully
Executing : def_port {tmds_clk_p} LOC=N21 VCCIO=2.5 IOSTANDARD=LVDS25 DRIVE=3.5 NONE=TRUE
Executing : def_port {tmds_clk_p} LOC=N21 VCCIO=2.5 IOSTANDARD=LVDS25 DRIVE=3.5 NONE=TRUE successfully
Executing : def_port {tmds_data_n[0]} LOC=P25 VCCIO=2.5 IOSTANDARD=LVDS25 DRIVE=3.5 NONE=TRUE
C: ConstraintEditor-2002: [C:/Users/Datou21/Desktop/PDS/back1/cnn_usb_copy/prj_pds/device_map/hdmi_loop.pcf(line number: 81)] | Port tmds_data_n[0] has been placed at location P25, whose type is share pin.
Executing : def_port {tmds_data_n[0]} LOC=P25 VCCIO=2.5 IOSTANDARD=LVDS25 DRIVE=3.5 NONE=TRUE successfully
Executing : def_port {tmds_data_n[1]} LOC=P24 VCCIO=2.5 IOSTANDARD=LVDS25 DRIVE=3.5 NONE=TRUE
C: ConstraintEditor-2002: [C:/Users/Datou21/Desktop/PDS/back1/cnn_usb_copy/prj_pds/device_map/hdmi_loop.pcf(line number: 82)] | Port tmds_data_n[1] has been placed at location P24, whose type is share pin.
Executing : def_port {tmds_data_n[1]} LOC=P24 VCCIO=2.5 IOSTANDARD=LVDS25 DRIVE=3.5 NONE=TRUE successfully
Executing : def_port {tmds_data_n[2]} LOC=N24 VCCIO=2.5 IOSTANDARD=LVDS25 DRIVE=3.5 NONE=TRUE
C: ConstraintEditor-2002: [C:/Users/Datou21/Desktop/PDS/back1/cnn_usb_copy/prj_pds/device_map/hdmi_loop.pcf(line number: 83)] | Port tmds_data_n[2] has been placed at location N24, whose type is share pin.
Executing : def_port {tmds_data_n[2]} LOC=N24 VCCIO=2.5 IOSTANDARD=LVDS25 DRIVE=3.5 NONE=TRUE successfully
Executing : def_port {tmds_data_p[0]} LOC=R25 VCCIO=2.5 IOSTANDARD=LVDS25 DRIVE=3.5 NONE=TRUE
C: ConstraintEditor-2002: [C:/Users/Datou21/Desktop/PDS/back1/cnn_usb_copy/prj_pds/device_map/hdmi_loop.pcf(line number: 84)] | Port tmds_data_p[0] has been placed at location R25, whose type is share pin.
Executing : def_port {tmds_data_p[0]} LOC=R25 VCCIO=2.5 IOSTANDARD=LVDS25 DRIVE=3.5 NONE=TRUE successfully
Executing : def_port {tmds_data_p[1]} LOC=P23 VCCIO=2.5 IOSTANDARD=LVDS25 DRIVE=3.5 NONE=TRUE
C: ConstraintEditor-2002: [C:/Users/Datou21/Desktop/PDS/back1/cnn_usb_copy/prj_pds/device_map/hdmi_loop.pcf(line number: 85)] | Port tmds_data_p[1] has been placed at location P23, whose type is share pin.
Executing : def_port {tmds_data_p[1]} LOC=P23 VCCIO=2.5 IOSTANDARD=LVDS25 DRIVE=3.5 NONE=TRUE successfully
Executing : def_port {tmds_data_p[2]} LOC=N23 VCCIO=2.5 IOSTANDARD=LVDS25 DRIVE=3.5 NONE=TRUE
C: ConstraintEditor-2002: [C:/Users/Datou21/Desktop/PDS/back1/cnn_usb_copy/prj_pds/device_map/hdmi_loop.pcf(line number: 86)] | Port tmds_data_p[2] has been placed at location N23, whose type is share pin.
Executing : def_port {tmds_data_p[2]} LOC=N23 VCCIO=2.5 IOSTANDARD=LVDS25 DRIVE=3.5 NONE=TRUE successfully
Executing : def_port {b_in[0]} LOC=L18 VCCIO=3.3 IOSTANDARD=LVCMOS33 NONE=TRUE
C: ConstraintEditor-2002: [C:/Users/Datou21/Desktop/PDS/back1/cnn_usb_copy/prj_pds/device_map/hdmi_loop.pcf(line number: 87)] | Port b_in[0] has been placed at location L18, whose type is share pin.
Executing : def_port {b_in[0]} LOC=L18 VCCIO=3.3 IOSTANDARD=LVCMOS33 NONE=TRUE successfully
Executing : def_port {b_in[1]} LOC=L17 VCCIO=3.3 IOSTANDARD=LVCMOS33 NONE=TRUE
C: ConstraintEditor-2002: [C:/Users/Datou21/Desktop/PDS/back1/cnn_usb_copy/prj_pds/device_map/hdmi_loop.pcf(line number: 88)] | Port b_in[1] has been placed at location L17, whose type is share pin.
Executing : def_port {b_in[1]} LOC=L17 VCCIO=3.3 IOSTANDARD=LVCMOS33 NONE=TRUE successfully
Executing : def_port {b_in[2]} LOC=H18 VCCIO=3.3 IOSTANDARD=LVCMOS33 NONE=TRUE
C: ConstraintEditor-2002: [C:/Users/Datou21/Desktop/PDS/back1/cnn_usb_copy/prj_pds/device_map/hdmi_loop.pcf(line number: 89)] | Port b_in[2] has been placed at location H18, whose type is share pin.
Executing : def_port {b_in[2]} LOC=H18 VCCIO=3.3 IOSTANDARD=LVCMOS33 NONE=TRUE successfully
Executing : def_port {b_in[3]} LOC=J18 VCCIO=3.3 IOSTANDARD=LVCMOS33 NONE=TRUE
C: ConstraintEditor-2002: [C:/Users/Datou21/Desktop/PDS/back1/cnn_usb_copy/prj_pds/device_map/hdmi_loop.pcf(line number: 90)] | Port b_in[3] has been placed at location J18, whose type is share pin.
Executing : def_port {b_in[3]} LOC=J18 VCCIO=3.3 IOSTANDARD=LVCMOS33 NONE=TRUE successfully
Executing : def_port {b_in[4]} LOC=J21 VCCIO=3.3 IOSTANDARD=LVCMOS33 NONE=TRUE
Executing : def_port {b_in[4]} LOC=J21 VCCIO=3.3 IOSTANDARD=LVCMOS33 NONE=TRUE successfully
Executing : def_port {b_in[5]} LOC=H23 VCCIO=3.3 IOSTANDARD=LVCMOS33 NONE=TRUE
Executing : def_port {b_in[5]} LOC=H23 VCCIO=3.3 IOSTANDARD=LVCMOS33 NONE=TRUE successfully
Executing : def_port {b_in[6]} LOC=J23 VCCIO=3.3 IOSTANDARD=LVCMOS33 NONE=TRUE
Executing : def_port {b_in[6]} LOC=J23 VCCIO=3.3 IOSTANDARD=LVCMOS33 NONE=TRUE successfully
Executing : def_port {b_in[7]} LOC=H24 VCCIO=3.3 IOSTANDARD=LVCMOS33 NONE=TRUE
C: ConstraintEditor-2002: [C:/Users/Datou21/Desktop/PDS/back1/cnn_usb_copy/prj_pds/device_map/hdmi_loop.pcf(line number: 94)] | Port b_in[7] has been placed at location H24, whose type is share pin.
Executing : def_port {b_in[7]} LOC=H24 VCCIO=3.3 IOSTANDARD=LVCMOS33 NONE=TRUE successfully
Executing : def_port {clk_n} LOC=N2 VCCIO=1.5 IOSTANDARD=HSTL15D_I NONE=TRUE
Executing : def_port {clk_n} LOC=N2 VCCIO=1.5 IOSTANDARD=HSTL15D_I NONE=TRUE successfully
Executing : def_port {clk_p} LOC=N3 VCCIO=1.5 IOSTANDARD=HSTL15D_I NONE=TRUE
Executing : def_port {clk_p} LOC=N3 VCCIO=1.5 IOSTANDARD=HSTL15D_I NONE=TRUE successfully
Executing : def_port {de_in} LOC=M16 VCCIO=3.3 IOSTANDARD=LVCMOS33 NONE=TRUE
Executing : def_port {de_in} LOC=M16 VCCIO=3.3 IOSTANDARD=LVCMOS33 NONE=TRUE successfully
Executing : def_port {g_in[0]} LOC=J24 VCCIO=3.3 IOSTANDARD=LVCMOS33 NONE=TRUE
C: ConstraintEditor-2002: [C:/Users/Datou21/Desktop/PDS/back1/cnn_usb_copy/prj_pds/device_map/hdmi_loop.pcf(line number: 98)] | Port g_in[0] has been placed at location J24, whose type is share pin.
Executing : def_port {g_in[0]} LOC=J24 VCCIO=3.3 IOSTANDARD=LVCMOS33 NONE=TRUE successfully
Executing : def_port {g_in[1]} LOC=K23 VCCIO=3.3 IOSTANDARD=LVCMOS33 NONE=TRUE
C: ConstraintEditor-2002: [C:/Users/Datou21/Desktop/PDS/back1/cnn_usb_copy/prj_pds/device_map/hdmi_loop.pcf(line number: 99)] | Port g_in[1] has been placed at location K23, whose type is share pin.
Executing : def_port {g_in[1]} LOC=K23 VCCIO=3.3 IOSTANDARD=LVCMOS33 NONE=TRUE successfully
Executing : def_port {g_in[2]} LOC=K22 VCCIO=3.3 IOSTANDARD=LVCMOS33 NONE=TRUE
C: ConstraintEditor-2002: [C:/Users/Datou21/Desktop/PDS/back1/cnn_usb_copy/prj_pds/device_map/hdmi_loop.pcf(line number: 100)] | Port g_in[2] has been placed at location K22, whose type is share pin.
Executing : def_port {g_in[2]} LOC=K22 VCCIO=3.3 IOSTANDARD=LVCMOS33 NONE=TRUE successfully
Executing : def_port {g_in[3]} LOC=J16 VCCIO=3.3 IOSTANDARD=LVCMOS33 NONE=TRUE
C: ConstraintEditor-2002: [C:/Users/Datou21/Desktop/PDS/back1/cnn_usb_copy/prj_pds/device_map/hdmi_loop.pcf(line number: 101)] | Port g_in[3] has been placed at location J16, whose type is share pin.
Executing : def_port {g_in[3]} LOC=J16 VCCIO=3.3 IOSTANDARD=LVCMOS33 NONE=TRUE successfully
Executing : def_port {g_in[4]} LOC=K15 VCCIO=3.3 IOSTANDARD=LVCMOS33 NONE=TRUE
C: ConstraintEditor-2002: [C:/Users/Datou21/Desktop/PDS/back1/cnn_usb_copy/prj_pds/device_map/hdmi_loop.pcf(line number: 102)] | Port g_in[4] has been placed at location K15, whose type is share pin.
Executing : def_port {g_in[4]} LOC=K15 VCCIO=3.3 IOSTANDARD=LVCMOS33 NONE=TRUE successfully
Executing : def_port {g_in[5]} LOC=K17 VCCIO=3.3 IOSTANDARD=LVCMOS33 NONE=TRUE
C: ConstraintEditor-2002: [C:/Users/Datou21/Desktop/PDS/back1/cnn_usb_copy/prj_pds/device_map/hdmi_loop.pcf(line number: 103)] | Port g_in[5] has been placed at location K17, whose type is share pin.
Executing : def_port {g_in[5]} LOC=K17 VCCIO=3.3 IOSTANDARD=LVCMOS33 NONE=TRUE successfully
Executing : def_port {g_in[6]} LOC=K16 VCCIO=3.3 IOSTANDARD=LVCMOS33 NONE=TRUE
C: ConstraintEditor-2002: [C:/Users/Datou21/Desktop/PDS/back1/cnn_usb_copy/prj_pds/device_map/hdmi_loop.pcf(line number: 104)] | Port g_in[6] has been placed at location K16, whose type is share pin.
Executing : def_port {g_in[6]} LOC=K16 VCCIO=3.3 IOSTANDARD=LVCMOS33 NONE=TRUE successfully
Executing : def_port {g_in[7]} LOC=L15 VCCIO=3.3 IOSTANDARD=LVCMOS33 NONE=TRUE
C: ConstraintEditor-2002: [C:/Users/Datou21/Desktop/PDS/back1/cnn_usb_copy/prj_pds/device_map/hdmi_loop.pcf(line number: 105)] | Port g_in[7] has been placed at location L15, whose type is share pin.
Executing : def_port {g_in[7]} LOC=L15 VCCIO=3.3 IOSTANDARD=LVCMOS33 NONE=TRUE successfully
Executing : def_port {hs_in} LOC=M17 VCCIO=3.3 IOSTANDARD=LVCMOS33 NONE=TRUE
C: ConstraintEditor-2001: [C:/Users/Datou21/Desktop/PDS/back1/cnn_usb_copy/prj_pds/device_map/hdmi_loop.pcf(line number: 106)] Object 'hs_in' is dangling, which has no connection. it will be ignored.
Executing : def_port {hs_in} LOC=M17 VCCIO=3.3 IOSTANDARD=LVCMOS33 NONE=TRUE failed
Executing : def_port {pixclk_in} LOC=K21 VCCIO=3.3 IOSTANDARD=LVCMOS33 NONE=TRUE
Executing : def_port {pixclk_in} LOC=K21 VCCIO=3.3 IOSTANDARD=LVCMOS33 NONE=TRUE successfully
Executing : def_port {r_in[0]} LOC=M15 VCCIO=3.3 IOSTANDARD=LVCMOS33 NONE=TRUE
C: ConstraintEditor-2002: [C:/Users/Datou21/Desktop/PDS/back1/cnn_usb_copy/prj_pds/device_map/hdmi_loop.pcf(line number: 108)] | Port r_in[0] has been placed at location M15, whose type is share pin.
Executing : def_port {r_in[0]} LOC=M15 VCCIO=3.3 IOSTANDARD=LVCMOS33 NONE=TRUE successfully
Executing : def_port {r_in[1]} LOC=H19 VCCIO=3.3 IOSTANDARD=LVCMOS33 NONE=TRUE
C: ConstraintEditor-2002: [C:/Users/Datou21/Desktop/PDS/back1/cnn_usb_copy/prj_pds/device_map/hdmi_loop.pcf(line number: 109)] | Port r_in[1] has been placed at location H19, whose type is share pin.
Executing : def_port {r_in[1]} LOC=H19 VCCIO=3.3 IOSTANDARD=LVCMOS33 NONE=TRUE successfully
Executing : def_port {r_in[2]} LOC=J19 VCCIO=3.3 IOSTANDARD=LVCMOS33 NONE=TRUE
C: ConstraintEditor-2002: [C:/Users/Datou21/Desktop/PDS/back1/cnn_usb_copy/prj_pds/device_map/hdmi_loop.pcf(line number: 110)] | Port r_in[2] has been placed at location J19, whose type is share pin.
Executing : def_port {r_in[2]} LOC=J19 VCCIO=3.3 IOSTANDARD=LVCMOS33 NONE=TRUE successfully
Executing : def_port {r_in[3]} LOC=J20 VCCIO=3.3 IOSTANDARD=LVCMOS33 NONE=TRUE
C: ConstraintEditor-2002: [C:/Users/Datou21/Desktop/PDS/back1/cnn_usb_copy/prj_pds/device_map/hdmi_loop.pcf(line number: 111)] | Port r_in[3] has been placed at location J20, whose type is share pin.
Executing : def_port {r_in[3]} LOC=J20 VCCIO=3.3 IOSTANDARD=LVCMOS33 NONE=TRUE successfully
Executing : def_port {r_in[4]} LOC=K20 VCCIO=3.3 IOSTANDARD=LVCMOS33 NONE=TRUE
C: ConstraintEditor-2002: [C:/Users/Datou21/Desktop/PDS/back1/cnn_usb_copy/prj_pds/device_map/hdmi_loop.pcf(line number: 112)] | Port r_in[4] has been placed at location K20, whose type is share pin.
Executing : def_port {r_in[4]} LOC=K20 VCCIO=3.3 IOSTANDARD=LVCMOS33 NONE=TRUE successfully
Executing : def_port {r_in[5]} LOC=G21 VCCIO=3.3 IOSTANDARD=LVCMOS33 NONE=TRUE
Executing : def_port {r_in[5]} LOC=G21 VCCIO=3.3 IOSTANDARD=LVCMOS33 NONE=TRUE successfully
Executing : def_port {r_in[6]} LOC=G20 VCCIO=3.3 IOSTANDARD=LVCMOS33 NONE=TRUE
Executing : def_port {r_in[6]} LOC=G20 VCCIO=3.3 IOSTANDARD=LVCMOS33 NONE=TRUE successfully
Executing : def_port {r_in[7]} LOC=H22 VCCIO=3.3 IOSTANDARD=LVCMOS33 NONE=TRUE
Executing : def_port {r_in[7]} LOC=H22 VCCIO=3.3 IOSTANDARD=LVCMOS33 NONE=TRUE successfully
Executing : def_port {rst_n} LOC=C22 VCCIO=3.3 IOSTANDARD=LVCMOS33 NONE=TRUE
Executing : def_port {rst_n} LOC=C22 VCCIO=3.3 IOSTANDARD=LVCMOS33 NONE=TRUE successfully
Executing : def_port {sys_clk} LOC=D18 VCCIO=3.3 IOSTANDARD=LVCMOS33 NONE=TRUE
Executing : def_port {sys_clk} LOC=D18 VCCIO=3.3 IOSTANDARD=LVCMOS33 NONE=TRUE successfully
Executing : def_port {vs_in} LOC=M14 VCCIO=3.3 IOSTANDARD=LVCMOS33 NONE=TRUE
Executing : def_port {vs_in} LOC=M14 VCCIO=3.3 IOSTANDARD=LVCMOS33 NONE=TRUE successfully
Executing : def_inst_site {u_ddr_video_delay_sync/u_ddr3_test/u_ddrphy_top/ddrphy_reset_ctrl/ddrphy_ioclk_gate[0]/opit_0_inv} CLMA_717_672 FF3
Executing : def_inst_site {u_ddr_video_delay_sync/u_ddr3_test/u_ddrphy_top/ddrphy_reset_ctrl/ddrphy_ioclk_gate[0]/opit_0_inv} CLMA_717_672 FF3 successfully
Executing : def_inst_site {u_ddr_video_delay_sync/u_ddr3_test/u_ddrphy_top/ddrphy_reset_ctrl/ddrphy_ioclk_gate[1]/opit_0_inv} CLMA_717_978 FF3
Executing : def_inst_site {u_ddr_video_delay_sync/u_ddr3_test/u_ddrphy_top/ddrphy_reset_ctrl/ddrphy_ioclk_gate[1]/opit_0_inv} CLMA_717_978 FF3 successfully
Executing : def_inst_site {u_ddr_video_delay_sync/u_ddr3_test/u_ddrphy_top/u_ddrphy_cpd/cpd_inst} DDRPHY_CPD_729_772
Executing : def_inst_site {u_ddr_video_delay_sync/u_ddr3_test/u_ddrphy_top/u_ddrphy_cpd/cpd_inst} DDRPHY_CPD_729_772 successfully
Constraint check end.
I: Column Clock Check open.
Read Column Clock Map.

Placement started.
Phase 1 Pre global placement started.
Mapping instance GRS_INST/grs_ccs to CCS_75_622.
Mapping instance u_CORES/u_GTP_SCANCHAIN_PG/scanchain to SCANCHAIN_76_618.
Mapping instance u_ddr_video_delay_sync/u_ddr3_test/u_ddrphy_top/ddrphy_gpll/u_gpll/gpll_inst to GPLL_727_769.
Mapping instance u_ms72/u_gpll/gpll_inst to GPLL_7_1381.
Mapping instance u_pll/u_gpll/gpll_inst to GPLL_7_1075.
Mapping instance u_ddr_video_delay_sync/u_ddr3_test/u_ddrphy_top/ddrphy_slice_top/i_dqs_bank[0].u_ddrphy_ioclkdiv/ddrphy_ioclk_div_inst to DDRPHY_IOCLK_DIV_728_616.
Mapping instance u_ddr_video_delay_sync/u_ddr3_test/u_ddrphy_top/ddrphy_slice_top/i_dqs_bank[0].ddrphy_ppll/u_ppll/ppll_inst to PPLL_727_613.
Mapping instance u_ddr_video_delay_sync/u_ddr3_test/u_ddrphy_top/ddrphy_slice_top/i_ca_group[0].u_ddc_ca/ddc_inst to DDR_PHY_729_769.
Mapping instance u_ddr_video_delay_sync/u_ddr3_test/u_ddrphy_top/ddrphy_slice_top/i_ca_group[1].u_ddc_ca/ddc_inst to DDR_PHY_729_615.
Mapping instance u_ddr_video_delay_sync/u_ddr3_test/u_ddrphy_top/ddrphy_slice_top/i_ca_group[2].u_ddc_ca/ddc_inst to DDR_PHY_729_613.
Mapping instance u_ddr_video_delay_sync/u_ddr3_test/u_ddrphy_top/ddrphy_slice_top/i_dqs_bank[1].u_ddrphy_ioclkdiv/ddrphy_ioclk_div_inst to DDRPHY_IOCLK_DIV_728_922.
Mapping instance u_ddr_video_delay_sync/u_ddr3_test/u_ddrphy_top/ddrphy_slice_top/i_dqs_bank[1].ddrphy_ppll/u_ppll/ppll_inst to PPLL_727_919.
Mapping instance u_ddr_video_delay_sync/u_ddr3_test/u_ddrphy_top/ddrphy_slice_top/i_dqs_group[0].ddrphy_data_slice/u_ddc_dq/ddc_inst_PHY to DDR_PHY_729_1075.
Mapping instance u_ddr_video_delay_sync/u_ddr3_test/u_ddrphy_top/ddrphy_slice_top/i_dqs_group[1].ddrphy_data_slice/u_ddc_dq/ddc_inst_PHY to DDR_PHY_729_1077.
Mapping instance u_ddr_video_delay_sync/u_ddr3_test/u_ddrphy_top/ddrphy_slice_top/i_dqs_group[2].ddrphy_data_slice/u_ddc_dq/ddc_inst_PHY to DDR_PHY_729_921.
Mapping instance u_ddr_video_delay_sync/u_ddr3_test/u_ddrphy_top/ddrphy_slice_top/i_dqs_group[3].ddrphy_data_slice/u_ddc_dq/ddc_inst_PHY to DDR_PHY_729_919.
Phase 1.1 1st GP placement started.
Design Utilization : 29%.
Build SRB system takes 1.73 sec.
Wirelength after clock region global placement is 755327 and checksum is 5577FAB969E985F5.
1st GP placement takes 8.08 sec.

Phase 1.2 Clock placement started.
Mapping instance u_ddr_video_delay_sync/u_ddr3_test/u_ddrphy_top/ddrphy_slice_top/i_dqs_bank[0].u_clkbufr/goprclk to RCKB_723_762.
Mapping instance u_ddr_video_delay_sync/u_ddr3_test/u_ddrphy_top/ddrphy_slice_top/i_dqs_bank[1].u_clkbufr/goprclk to RCKB_723_1068.
Mapping instance u_ddr_video_delay_sync/u_ddr3_test/u_ddrphy_top/u_clkbufm/clkbufm_inst to MRCKB_721_762.
Mapping instance clkbufg_3/gopclkbufg to USCM_383_930.
Mapping instance clkbufg_4/gopclkbufg to USCM_383_933.
Mapping instance u_ddr_video_delay_sync/u_ddr3_test/u_ddrphy_top/u_sysclk_bufg/gopclkbufg to USCM_383_882.
Mapping instance clkbufg_6/gopclkbufg to USCM_383_936.
Mapping instance clkbufg_7/gopclkbufg to USCM_383_939.
Mapping instance u_ddr_video_delay_sync/u_ddr3_test/u_ddrphy_top/rst_clk_gpll/u_gpll/gpll_inst to GPLL_7_769.
Mapping instance u_ddr_video_delay_sync/u_ddr3_test/u_ddrphy_top/u_rst_clk_bufg/gopclkbufg to USCM_383_885.
C: Place-2028: GLOBAL_CLOCK: the driver u_CORES/u_GTP_SCANCHAIN_PG/scanchain fixed at SCANCHAIN_76_618 is unreasonable. Sub-optimal placement for a clock source and a clock buffer.
Mapping instance clkbufg_5/gopclkbufg to USCM_383_888.
Clock placement takes 0.31 sec.

Wirelength after Pre Global Placement is 755327 and checksum is 5577FAB969E985F5.
Pre global placement takes 9.12 sec.

Phase 2 Global placement started.
Phase 2.1 Fixed placement started.
First map gop timing takes 4.75 sec
Init coarse delay table.
Read place coarse delay table takes 0.62 sec.
Placed fixed group with base inst b_in_ibuf[0]/opit_1 on IOLHR_16_1122.
Placed fixed group with base inst b_in_ibuf[1]/opit_1 on IOLHR_16_1128.
Placed fixed group with base inst b_in_ibuf[2]/opit_1 on IOLHR_16_1098.
Placed fixed group with base inst b_in_ibuf[3]/opit_1 on IOLHR_16_1104.
Placed fixed group with base inst b_in_ibuf[4]/opit_1 on IOLHR_16_1074.
Placed fixed group with base inst b_in_ibuf[5]/opit_1 on IOLHR_16_1044.
Placed fixed group with base inst b_in_ibuf[6]/opit_1 on IOLHR_16_1050.
Placed fixed group with base inst b_in_ibuf[7]/opit_1 on IOLHR_16_1020.
Placed fixed group with base inst ddr_init_done_obuf/opit_1 on IOLHR_16_1380.
Placed fixed group with base inst de_in_ibuf/opit_1 on IOLHR_16_1152.
Placed fixed group with base inst g_in_ibuf[0]/opit_1 on IOLHR_16_1026.
Placed fixed group with base inst g_in_ibuf[1]/opit_1 on IOLHR_16_996.
Placed fixed group with base inst g_in_ibuf[2]/opit_1 on IOLHR_16_1002.
Placed fixed group with base inst g_in_ibuf[3]/opit_1 on IOLHR_16_1206.
Placed fixed group with base inst g_in_ibuf[4]/opit_1 on IOLHR_16_1212.
Placed fixed group with base inst g_in_ibuf[5]/opit_1 on IOLHR_16_1182.
Placed fixed group with base inst g_in_ibuf[6]/opit_1 on IOLHR_16_1188.
Placed fixed group with base inst g_in_ibuf[7]/opit_1 on IOLHR_16_1158.
Placed fixed group with base inst hd_scl_obuf/opit_1 on IOLHR_16_1194.
Placed fixed group with base inst led_int_obuf/opit_1 on IOLHR_16_1338.
Placed fixed group with base inst mem_rst_n_obuf/opit_1 on IOLHR_724_792.
Placed fixed group with base inst ms72xx_ctl.iic_sda_tri/opit_1 on IOLHR_16_1200.
Placed fixed group with base inst pixclk_in_ibuf/opit_1 on IOLHR_16_1080.
Placed fixed group with base inst r_in_ibuf[0]/opit_1 on IOLHR_16_1164.
Placed fixed group with base inst r_in_ibuf[1]/opit_1 on IOLHR_16_1134.
Placed fixed group with base inst r_in_ibuf[2]/opit_1 on IOLHR_16_1140.
Placed fixed group with base inst r_in_ibuf[3]/opit_1 on IOLHR_16_1110.
Placed fixed group with base inst r_in_ibuf[4]/opit_1 on IOLHR_16_1116.
Placed fixed group with base inst r_in_ibuf[5]/opit_1 on IOLHR_16_1086.
Placed fixed group with base inst r_in_ibuf[6]/opit_1 on IOLHR_16_1092.
Placed fixed group with base inst r_in_ibuf[7]/opit_1 on IOLHR_16_1056.
Placed fixed group with base inst rgb2tmds/clockserializer/OutputBuffer/opit_2 on IOLHR_16_756.
Placed fixed group with base inst rgb2tmds/encoder[0].dataserializer/OutputBuffer/opit_2 on IOLHR_16_684.
Placed fixed group with base inst rgb2tmds/encoder[1].dataserializer/OutputBuffer/opit_2 on IOLHR_16_708.
Placed fixed group with base inst rgb2tmds/encoder[2].dataserializer/OutputBuffer/opit_2 on IOLHR_16_732.
Placed fixed group with base inst rst_n_ibuf/opit_1 on IOLHR_16_1296.
Placed fixed group with base inst rstn_out_obuf/opit_1 on IOLHR_16_942.
Placed fixed group with base inst sys_clk_ibuf/opit_1 on IOLHR_16_1386.
Placed fixed group with base inst u_ddr_refclk_buf/opit_2 on IOLHR_724_774.
Placed fixed group with base inst u_ddr_video_delay_sync/u_ddr3_test/u_ddrphy_top/ddrphy_slice_top/i_dqs_group[0].ddrphy_data_slice/dq_loop[0].u_iobuf_dq/opit_1 on IOLHR_724_1080.
Placed fixed group with base inst u_ddr_video_delay_sync/u_ddr3_test/u_ddrphy_top/ddrphy_slice_top/i_dqs_group[0].ddrphy_data_slice/dq_loop[1].u_iobuf_dq/opit_1 on IOLHR_724_1140.
Placed fixed group with base inst u_ddr_video_delay_sync/u_ddr3_test/u_ddrphy_top/ddrphy_slice_top/i_dqs_group[0].ddrphy_data_slice/dq_loop[2].u_iobuf_dq/opit_1 on IOLHR_724_1074.
Placed fixed group with base inst u_ddr_video_delay_sync/u_ddr3_test/u_ddrphy_top/ddrphy_slice_top/i_dqs_group[0].ddrphy_data_slice/dq_loop[3].u_iobuf_dq/opit_1 on IOLHR_724_1128.
Placed fixed group with base inst u_ddr_video_delay_sync/u_ddr3_test/u_ddrphy_top/ddrphy_slice_top/i_dqs_group[0].ddrphy_data_slice/dq_loop[4].u_iobuf_dq/opit_1 on IOLHR_724_1092.
Placed fixed group with base inst u_ddr_video_delay_sync/u_ddr3_test/u_ddrphy_top/ddrphy_slice_top/i_dqs_group[0].ddrphy_data_slice/dq_loop[5].u_iobuf_dq/opit_1 on IOLHR_724_1104.
Placed fixed group with base inst u_ddr_video_delay_sync/u_ddr3_test/u_ddrphy_top/ddrphy_slice_top/i_dqs_group[0].ddrphy_data_slice/dq_loop[6].u_iobuf_dq/opit_1 on IOLHR_724_1086.
Placed fixed group with base inst u_ddr_video_delay_sync/u_ddr3_test/u_ddrphy_top/ddrphy_slice_top/i_dqs_group[0].ddrphy_data_slice/dq_loop[7].u_iobuf_dq/opit_1 on IOLHR_724_1134.
Placed fixed group with base inst u_ddr_video_delay_sync/u_ddr3_test/u_ddrphy_top/ddrphy_slice_top/i_dqs_group[0].ddrphy_data_slice/genblk1.u_iobufco_dqs/opit_2 on IOLHR_724_1116.
Placed fixed group with base inst u_ddr_video_delay_sync/u_ddr3_test/u_ddrphy_top/ddrphy_slice_top/i_dqs_group[0].ddrphy_data_slice/u_outbuft_dm/opit_1 on IOLHR_724_1098.
Placed fixed group with base inst u_ddr_video_delay_sync/u_ddr3_test/u_ddrphy_top/ddrphy_slice_top/i_dqs_group[1].ddrphy_data_slice/dq_loop[0].u_iobuf_dq/opit_1 on IOLHR_724_1164.
Placed fixed group with base inst u_ddr_video_delay_sync/u_ddr3_test/u_ddrphy_top/ddrphy_slice_top/i_dqs_group[1].ddrphy_data_slice/dq_loop[1].u_iobuf_dq/opit_1 on IOLHR_724_1176.
Placed fixed group with base inst u_ddr_video_delay_sync/u_ddr3_test/u_ddrphy_top/ddrphy_slice_top/i_dqs_group[1].ddrphy_data_slice/dq_loop[2].u_iobuf_dq/opit_1 on IOLHR_724_1200.
Placed fixed group with base inst u_ddr_video_delay_sync/u_ddr3_test/u_ddrphy_top/ddrphy_slice_top/i_dqs_group[1].ddrphy_data_slice/dq_loop[3].u_iobuf_dq/opit_1 on IOLHR_724_1206.
Placed fixed group with base inst u_ddr_video_delay_sync/u_ddr3_test/u_ddrphy_top/ddrphy_slice_top/i_dqs_group[1].ddrphy_data_slice/dq_loop[4].u_iobuf_dq/opit_1 on IOLHR_724_1194.
Placed fixed group with base inst u_ddr_video_delay_sync/u_ddr3_test/u_ddrphy_top/ddrphy_slice_top/i_dqs_group[1].ddrphy_data_slice/dq_loop[5].u_iobuf_dq/opit_1 on IOLHR_724_1212.
Placed fixed group with base inst u_ddr_video_delay_sync/u_ddr3_test/u_ddrphy_top/ddrphy_slice_top/i_dqs_group[1].ddrphy_data_slice/dq_loop[6].u_iobuf_dq/opit_1 on IOLHR_724_1152.
Placed fixed group with base inst u_ddr_video_delay_sync/u_ddr3_test/u_ddrphy_top/ddrphy_slice_top/i_dqs_group[1].ddrphy_data_slice/dq_loop[7].u_iobuf_dq/opit_1 on IOLHR_724_1158.
Placed fixed group with base inst u_ddr_video_delay_sync/u_ddr3_test/u_ddrphy_top/ddrphy_slice_top/i_dqs_group[1].ddrphy_data_slice/genblk1.u_iobufco_dqs/opit_2 on IOLHR_724_1188.
Placed fixed group with base inst u_ddr_video_delay_sync/u_ddr3_test/u_ddrphy_top/ddrphy_slice_top/i_dqs_group[1].ddrphy_data_slice/u_outbuft_dm/opit_1 on IOLHR_724_1170.
Placed fixed group with base inst u_ddr_video_delay_sync/u_ddr3_test/u_ddrphy_top/ddrphy_slice_top/i_dqs_group[2].ddrphy_data_slice/dq_loop[0].u_iobuf_dq/opit_1 on IOLHR_724_1044.
Placed fixed group with base inst u_ddr_video_delay_sync/u_ddr3_test/u_ddrphy_top/ddrphy_slice_top/i_dqs_group[2].ddrphy_data_slice/dq_loop[1].u_iobuf_dq/opit_1 on IOLHR_724_1050.
Placed fixed group with base inst u_ddr_video_delay_sync/u_ddr3_test/u_ddrphy_top/ddrphy_slice_top/i_dqs_group[2].ddrphy_data_slice/dq_loop[2].u_iobuf_dq/opit_1 on IOLHR_724_1020.
Placed fixed group with base inst u_ddr_video_delay_sync/u_ddr3_test/u_ddrphy_top/ddrphy_slice_top/i_dqs_group[2].ddrphy_data_slice/dq_loop[3].u_iobuf_dq/opit_1 on IOLHR_724_996.
Placed fixed group with base inst u_ddr_video_delay_sync/u_ddr3_test/u_ddrphy_top/ddrphy_slice_top/i_dqs_group[2].ddrphy_data_slice/dq_loop[4].u_iobuf_dq/opit_1 on IOLHR_724_1008.
Placed fixed group with base inst u_ddr_video_delay_sync/u_ddr3_test/u_ddrphy_top/ddrphy_slice_top/i_dqs_group[2].ddrphy_data_slice/dq_loop[5].u_iobuf_dq/opit_1 on IOLHR_724_1002.
Placed fixed group with base inst u_ddr_video_delay_sync/u_ddr3_test/u_ddrphy_top/ddrphy_slice_top/i_dqs_group[2].ddrphy_data_slice/dq_loop[6].u_iobuf_dq/opit_1 on IOLHR_724_1026.
Placed fixed group with base inst u_ddr_video_delay_sync/u_ddr3_test/u_ddrphy_top/ddrphy_slice_top/i_dqs_group[2].ddrphy_data_slice/dq_loop[7].u_iobuf_dq/opit_1 on IOLHR_724_1014.
Placed fixed group with base inst u_ddr_video_delay_sync/u_ddr3_test/u_ddrphy_top/ddrphy_slice_top/i_dqs_group[2].ddrphy_data_slice/genblk1.u_iobufco_dqs/opit_2 on IOLHR_724_1038.
Placed fixed group with base inst u_ddr_video_delay_sync/u_ddr3_test/u_ddrphy_top/ddrphy_slice_top/i_dqs_group[2].ddrphy_data_slice/u_outbuft_dm/opit_1 on IOLHR_724_1056.
Placed fixed group with base inst u_ddr_video_delay_sync/u_ddr3_test/u_ddrphy_top/ddrphy_slice_top/i_dqs_group[3].ddrphy_data_slice/dq_loop[0].u_iobuf_dq/opit_1 on IOLHR_724_954.
Placed fixed group with base inst u_ddr_video_delay_sync/u_ddr3_test/u_ddrphy_top/ddrphy_slice_top/i_dqs_group[3].ddrphy_data_slice/dq_loop[1].u_iobuf_dq/opit_1 on IOLHR_724_936.
Placed fixed group with base inst u_ddr_video_delay_sync/u_ddr3_test/u_ddrphy_top/ddrphy_slice_top/i_dqs_group[3].ddrphy_data_slice/dq_loop[2].u_iobuf_dq/opit_1 on IOLHR_724_924.
Placed fixed group with base inst u_ddr_video_delay_sync/u_ddr3_test/u_ddrphy_top/ddrphy_slice_top/i_dqs_group[3].ddrphy_data_slice/dq_loop[3].u_iobuf_dq/opit_1 on IOLHR_724_972.
Placed fixed group with base inst u_ddr_video_delay_sync/u_ddr3_test/u_ddrphy_top/ddrphy_slice_top/i_dqs_group[3].ddrphy_data_slice/dq_loop[4].u_iobuf_dq/opit_1 on IOLHR_724_942.
Placed fixed group with base inst u_ddr_video_delay_sync/u_ddr3_test/u_ddrphy_top/ddrphy_slice_top/i_dqs_group[3].ddrphy_data_slice/dq_loop[5].u_iobuf_dq/opit_1 on IOLHR_724_978.
Placed fixed group with base inst u_ddr_video_delay_sync/u_ddr3_test/u_ddrphy_top/ddrphy_slice_top/i_dqs_group[3].ddrphy_data_slice/dq_loop[6].u_iobuf_dq/opit_1 on IOLHR_724_930.
Placed fixed group with base inst u_ddr_video_delay_sync/u_ddr3_test/u_ddrphy_top/ddrphy_slice_top/i_dqs_group[3].ddrphy_data_slice/dq_loop[7].u_iobuf_dq/opit_1 on IOLHR_724_990.
Placed fixed group with base inst u_ddr_video_delay_sync/u_ddr3_test/u_ddrphy_top/ddrphy_slice_top/i_dqs_group[3].ddrphy_data_slice/genblk1.u_iobufco_dqs/opit_2 on IOLHR_724_966.
Placed fixed group with base inst u_ddr_video_delay_sync/u_ddr3_test/u_ddrphy_top/ddrphy_slice_top/i_dqs_group[3].ddrphy_data_slice/u_outbuft_dm/opit_1 on IOLHR_724_948.
Placed fixed group with base inst u_ddr_video_delay_sync/u_ddr3_test/u_ddrphy_top/ddrphy_slice_top/i_mem_addr_0[0].u_outbuft_addr0/opit_1 on IOLHR_724_828.
Placed fixed group with base inst u_ddr_video_delay_sync/u_ddr3_test/u_ddrphy_top/ddrphy_slice_top/i_mem_addr_0[1].u_outbuft_addr0/opit_1 on IOLHR_724_822.
Placed fixed group with base inst u_ddr_video_delay_sync/u_ddr3_test/u_ddrphy_top/ddrphy_slice_top/i_mem_addr_0[2].u_outbuft_addr0/opit_1 on IOLHR_724_780.
Placed fixed group with base inst u_ddr_video_delay_sync/u_ddr3_test/u_ddrphy_top/ddrphy_slice_top/i_mem_addr_0[3].u_outbuft_addr0/opit_1 on IOLHR_724_750.
Placed fixed group with base inst u_ddr_video_delay_sync/u_ddr3_test/u_ddrphy_top/ddrphy_slice_top/i_mem_addr_0[4].u_outbuft_addr0/opit_1 on IOLHR_724_708.
Placed fixed group with base inst u_ddr_video_delay_sync/u_ddr3_test/u_ddrphy_top/ddrphy_slice_top/i_mem_addr_0[5].u_outbuft_addr0/opit_1 on IOLHR_724_804.
Placed fixed group with base inst u_ddr_video_delay_sync/u_ddr3_test/u_ddrphy_top/ddrphy_slice_top/i_mem_addr_0[6].u_outbuft_addr0/opit_1 on IOLHR_724_690.
Placed fixed group with base inst u_ddr_video_delay_sync/u_ddr3_test/u_ddrphy_top/ddrphy_slice_top/i_mem_addr_0[7].u_outbuft_addr0/opit_1 on IOLHR_724_834.
Placed fixed group with base inst u_ddr_video_delay_sync/u_ddr3_test/u_ddrphy_top/ddrphy_slice_top/i_mem_addr_0[8].u_outbuft_addr0/opit_1 on IOLHR_724_696.
Placed fixed group with base inst u_ddr_video_delay_sync/u_ddr3_test/u_ddrphy_top/ddrphy_slice_top/i_mem_addr_0[9].u_outbuft_addr0/opit_1 on IOLHR_724_816.
Placed fixed group with base inst u_ddr_video_delay_sync/u_ddr3_test/u_ddrphy_top/ddrphy_slice_top/i_mem_addr_0[10].u_outbuft_addr0/opit_1 on IOLHR_724_714.
Placed fixed group with base inst u_ddr_video_delay_sync/u_ddr3_test/u_ddrphy_top/ddrphy_slice_top/i_mem_addr_0[11].u_outbuft_addr0/opit_1 on IOLHR_724_726.
Placed fixed group with base inst u_ddr_video_delay_sync/u_ddr3_test/u_ddrphy_top/ddrphy_slice_top/i_mem_addr_0[12].u_outbuft_addr0/opit_1 on IOLHR_724_720.
Placed fixed group with base inst u_ddr_video_delay_sync/u_ddr3_test/u_ddrphy_top/ddrphy_slice_top/i_mem_addr_0[13].u_outbuft_addr0/opit_1 on IOLHR_724_786.
Placed fixed group with base inst u_ddr_video_delay_sync/u_ddr3_test/u_ddrphy_top/ddrphy_slice_top/i_mem_addr_0[14].u_outbuft_addr0/opit_1 on IOLHR_724_810.
Placed fixed group with base inst u_ddr_video_delay_sync/u_ddr3_test/u_ddrphy_top/ddrphy_slice_top/k_mem_ba[0].u_outbuft_ba/opit_1 on IOLHR_724_744.
Placed fixed group with base inst u_ddr_video_delay_sync/u_ddr3_test/u_ddrphy_top/ddrphy_slice_top/k_mem_ba[1].u_outbuft_ba/opit_1 on IOLHR_724_702.
Placed fixed group with base inst u_ddr_video_delay_sync/u_ddr3_test/u_ddrphy_top/ddrphy_slice_top/k_mem_ba[2].u_outbuft_ba/opit_1 on IOLHR_724_672.
Placed fixed group with base inst u_ddr_video_delay_sync/u_ddr3_test/u_ddrphy_top/ddrphy_slice_top/u_outbuft_casn/opit_1 on IOLHR_724_618.
Placed fixed group with base inst u_ddr_video_delay_sync/u_ddr3_test/u_ddrphy_top/ddrphy_slice_top/u_outbuft_cke/opit_1 on IOLHR_724_732.
Placed fixed group with base inst u_ddr_video_delay_sync/u_ddr3_test/u_ddrphy_top/ddrphy_slice_top/u_outbuft_csn/opit_1 on IOLHR_724_738.
Placed fixed group with base inst u_ddr_video_delay_sync/u_ddr3_test/u_ddrphy_top/ddrphy_slice_top/u_outbuft_odt/opit_1 on IOLHR_724_798.
Placed fixed group with base inst u_ddr_video_delay_sync/u_ddr3_test/u_ddrphy_top/ddrphy_slice_top/u_outbuft_rasn/opit_1 on IOLHR_724_684.
Placed fixed group with base inst u_ddr_video_delay_sync/u_ddr3_test/u_ddrphy_top/ddrphy_slice_top/u_outbuft_wen/opit_1 on IOLHR_724_624.
Placed fixed group with base inst u_ddr_video_delay_sync/u_ddr3_test/u_ddrphy_top/ddrphy_slice_top/u_outbuftco_ck/opit_3 on IOLHR_724_660.
Placed fixed group with base inst vs_in_ibuf/opit_1 on IOLHR_16_1176.
Placed fixed instance u_ddr_video_delay_sync/u_ddr3_test/u_ddrphy_top/ddrphy_reset_ctrl/ddrphy_ioclk_gate[0]/opit_0_inv on CLMA_717_672.
Placed fixed instance u_ddr_video_delay_sync/u_ddr3_test/u_ddrphy_top/ddrphy_reset_ctrl/ddrphy_ioclk_gate[1]/opit_0_inv on CLMA_717_978.
Placed fixed instance GRS_INST/grs_ccs on CCS_75_622.
Placed fixed instance clkbufg_3/gopclkbufg on USCM_383_930.
Placed fixed instance clkbufg_4/gopclkbufg on USCM_383_933.
Placed fixed instance clkbufg_5/gopclkbufg on USCM_383_888.
Placed fixed instance clkbufg_6/gopclkbufg on USCM_383_936.
Placed fixed instance clkbufg_7/gopclkbufg on USCM_383_939.
Placed fixed instance u_CORES/u_GTP_SCANCHAIN_PG/scanchain on SCANCHAIN_76_618.
Placed fixed instance u_ddr_video_delay_sync/u_ddr3_test/u_ddrphy_top/ddrphy_gpll/u_gpll/gpll_inst on GPLL_727_769.
Placed fixed instance u_ddr_video_delay_sync/u_ddr3_test/u_ddrphy_top/ddrphy_slice_top/i_ca_group[0].u_ddc_ca/ddc_inst on DDR_PHY_729_769.
Placed fixed instance u_ddr_video_delay_sync/u_ddr3_test/u_ddrphy_top/ddrphy_slice_top/i_ca_group[1].u_ddc_ca/ddc_inst on DDR_PHY_729_615.
Placed fixed instance u_ddr_video_delay_sync/u_ddr3_test/u_ddrphy_top/ddrphy_slice_top/i_ca_group[2].u_ddc_ca/ddc_inst on DDR_PHY_729_613.
Placed fixed instance u_ddr_video_delay_sync/u_ddr3_test/u_ddrphy_top/ddrphy_slice_top/i_dqs_bank[0].ddrphy_ppll/u_ppll/ppll_inst on PPLL_727_613.
Placed fixed instance u_ddr_video_delay_sync/u_ddr3_test/u_ddrphy_top/ddrphy_slice_top/i_dqs_bank[0].u_clkbufr/goprclk on RCKB_723_762.
Placed fixed instance u_ddr_video_delay_sync/u_ddr3_test/u_ddrphy_top/ddrphy_slice_top/i_dqs_bank[0].u_ddrphy_ioclkdiv/ddrphy_ioclk_div_inst on DDRPHY_IOCLK_DIV_728_616.
Placed fixed instance u_ddr_video_delay_sync/u_ddr3_test/u_ddrphy_top/ddrphy_slice_top/i_dqs_bank[1].ddrphy_ppll/u_ppll/ppll_inst on PPLL_727_919.
Placed fixed instance u_ddr_video_delay_sync/u_ddr3_test/u_ddrphy_top/ddrphy_slice_top/i_dqs_bank[1].u_clkbufr/goprclk on RCKB_723_1068.
Placed fixed instance u_ddr_video_delay_sync/u_ddr3_test/u_ddrphy_top/ddrphy_slice_top/i_dqs_bank[1].u_ddrphy_ioclkdiv/ddrphy_ioclk_div_inst on DDRPHY_IOCLK_DIV_728_922.
Placed fixed instance u_ddr_video_delay_sync/u_ddr3_test/u_ddrphy_top/ddrphy_slice_top/i_dqs_group[0].ddrphy_data_slice/u_ddc_dq/ddc_inst_PHY on DDR_PHY_729_1075.
Placed fixed instance u_ddr_video_delay_sync/u_ddr3_test/u_ddrphy_top/ddrphy_slice_top/i_dqs_group[1].ddrphy_data_slice/u_ddc_dq/ddc_inst_PHY on DDR_PHY_729_1077.
Placed fixed instance u_ddr_video_delay_sync/u_ddr3_test/u_ddrphy_top/ddrphy_slice_top/i_dqs_group[2].ddrphy_data_slice/u_ddc_dq/ddc_inst_PHY on DDR_PHY_729_921.
Placed fixed instance u_ddr_video_delay_sync/u_ddr3_test/u_ddrphy_top/ddrphy_slice_top/i_dqs_group[3].ddrphy_data_slice/u_ddc_dq/ddc_inst_PHY on DDR_PHY_729_919.
Placed fixed instance u_ddr_video_delay_sync/u_ddr3_test/u_ddrphy_top/rst_clk_gpll/u_gpll/gpll_inst on GPLL_7_769.
Placed fixed instance u_ddr_video_delay_sync/u_ddr3_test/u_ddrphy_top/u_clkbufm/clkbufm_inst on MRCKB_721_762.
Placed fixed instance u_ddr_video_delay_sync/u_ddr3_test/u_ddrphy_top/u_ddrphy_cpd/cpd_inst on DDRPHY_CPD_729_772.
Placed fixed instance u_ddr_video_delay_sync/u_ddr3_test/u_ddrphy_top/u_rst_clk_bufg/gopclkbufg on USCM_383_885.
Placed fixed instance u_ddr_video_delay_sync/u_ddr3_test/u_ddrphy_top/u_sysclk_bufg/gopclkbufg on USCM_383_882.
Placed fixed instance u_ms72/u_gpll/gpll_inst on GPLL_7_1381.
Placed fixed instance u_pll/u_gpll/gpll_inst on GPLL_7_1075.
Placed fixed instance BKCL_auto_0 on BKCL_1_1258.
Placed fixed instance BKCL_auto_1 on BKCL_1_952.
Placed fixed instance BKCL_auto_2 on BKCL_1_646.
Placed fixed instance BKCL_auto_3 on BKCL_733_952.
Placed fixed instance BKCL_auto_4 on BKCL_733_646.
Fixed placement takes 6.59 sec.

Phase 2.2 Process placement started.
I: The IO driver of u_ddr_video_delay_sync/u_ddr3_test/u_ddrphy_top/rst_clk_gpll/u_gpll/gpll_inst(CLKIN1) is not constraint at pllpad, its clock path will pass through SRB.
Process placement takes 0.02 sec.

Phase 2.3 IO placement started.
IO placement takes 0.23 sec.

PBM start.
Total cost after SA planning is 964758.125637.
SA total time: 4932 msec
PBM of GP end, takes 2.31 sec.
Phase 2.4 2nd GP placement started.
Run super clustering :
	Initial slack -16193.
	9 iterations finished.
	Final slack -6736.
Super clustering done.
Design Utilization : 29%.
I: GP end with result: density(0.067433)
Worst slack after global placement is 300
2nd GP placement takes 17.55 sec.

Wirelength after global placement is 773326, detour is 2 and checksum is DFFF58E9B3F00EAE.
Global placement takes 26.70 sec.

Phase 3 Post global placement started.
Phase 3.1 Macro cell placement started.
I: Process macros using "Global".
Wirelength after macro cell placement is 1003304, detour is 504 and checksum is C5355791A6DD80E5.
Macro cell placement takes 23.23 sec.

PBM start.
PBM of PostGP end, takes 0.00 sec.
Phase 3.2 3rd GP placement started.
Design Utilization : 29%.
I: GP end with result: density(0.000537)
Worst slack after post global placement is 354
3rd GP placement takes 6.44 sec.

Wirelength after post global placement is 827044 and checksum is 846798A77BBDC6BD.
Packing LUT6D started.
I: LUT6D pack result: There are 6885 LUT6 in collection, pack success:278
Packing LUT6D takes 1.72 sec.
Post global placement takes 31.45 sec.

Phase 4 Legalization started.
The average distance in LP is 0.296155.
Wirelength after legalization is 891322 and checksum is 27DF851C189D0DCB.
Legalization takes 1.30 sec.

Phase 5 Timing-driven detailed placement started.
Phase 5.1 Replication placement started.
Worst slack before Replication Place is -454.
Replication placement takes 4.89 sec.

Wirelength after replication placement is 891851 and checksum is 46336C0E98DCD1E7.
Phase 5.2 Swapping placement started.
Worst slack before detailed placement is -454, TNS before detailed placement is -5376. 
Cost at Swap iteration 0 : -454, wslk -426, tns -4749, takes 0.38 sec.
    wire length at Swap iteration 0 : last 896793.00, curr 896722.00, change rate -0.01%
Cost at DP iteration 0 : -426, wslk 396, tns 0, takes 0.42 sec.
    wire length at DP iteration 0 : last 896722.00, curr 898989.00, change rate 0.25%
Cost at Swap iteration 1 : 396, wslk 396, tns 0, takes 0.06 sec.
    wire length at Swap iteration 1 : last 898989.00, curr 898993.00, change rate 0.00%
Cost at Swap iteration 2 : 396, wslk 396, tns 0, takes 0.05 sec.
    wire length at Swap iteration 2 : last 898993.00, curr 898995.00, change rate 0.00%
Cost at DP iteration 2 : 396, wslk 509, tns 0, takes 0.08 sec.
    wire length at DP iteration 2 : last 898995.00, curr 899001.00, change rate 0.00%
Cost at Swap iteration 3 : 509, wslk 509, tns 0, takes 0.03 sec.
    wire length at Swap iteration 3 : last 899001.00, curr 899001.00, change rate 0.00%
Cost at Swap iteration 4 : 509, wslk 509, tns 0, takes 0.03 sec.
    wire length at Swap iteration 4 : last 899001.00, curr 899001.00, change rate 0.00%
Cost at DP iteration 4 : 509, wslk 509, tns 0, takes 0.06 sec.
    wire length at DP iteration 4 : last 899001.00, curr 899049.00, change rate 0.01%
Cost at Swap iteration 5 : 509, wslk 509, tns 0, takes 0.06 sec.
    wire length at Swap iteration 5 : last 899049.00, curr 899049.00, change rate 0.00%
Worst slack after detailed placement is 509, TNS after detailed placement is 0. 
Swapping placement takes 2.42 sec.

I: Place-6001: Add the new FF instances CLMA_99_312(/FFAPP1/FF) CLMA_165_337(/FFAPP3/FF) replicated by the FF instance CLMA_117_366(/FFAPP2/FF) .
Origin u_char_overlay/pixel_x[0]/opit_0_L5Q replicates:
    CLMA_99_312(/FFAPP1/FF)  : u_char_overlay/pixel_x[0]/opit_0_L5Q_1(gopLUT6L5Q)
    CLMA_165_337(/FFAPP3/FF)  : u_char_overlay/pixel_x[0]/opit_0_L5Q_2(gopLUT6L5Q)
I: Place-6001: Add the new LUT instances CLMA_111_336(/devBL6) replicated by the LUT instance CLMA_111_366(/devDL6).
Origin u_char_overlay/N19614_5_or[1]_119/LUT6_inst replicates:
    CLMA_111_336(/devBL6) : u_char_overlay/N19614_5_or[1]_119/LUT6_inst_1(gopLUT6)
I: Place-6001: Add the new FF instances CLMA_219_384(/FF0/FF) CLMA_213_408(/FF1/FF) replicated by the FF instance CLMA_105_427(/FFAPP0/FF) .
Origin u_box_overlay_sync/video_de_out/opit_0_inv replicates:
    CLMA_219_384(/FF0/FF)  : u_box_overlay_sync/video_de_out/opit_0_inv_1(gopQ)
    CLMA_213_408(/FF1/FF)  : u_box_overlay_sync/video_de_out/opit_0_inv_2(gopQ)
I: Place-6001: Add the new FF instances CLMA_105_433(/FFAPP0/FF) CLMA_147_396(/FFAPP0/FF) replicated by the FF instance CLMA_123_330(/FFAPP2/FF) .
Origin u_char_overlay/pixel_y[0]/opit_0_L5Q replicates:
    CLMA_105_433(/FFAPP0/FF)  : u_char_overlay/pixel_y[0]/opit_0_L5Q_1(gopLUT6L5Q)
    CLMA_147_396(/FFAPP0/FF)  : u_char_overlay/pixel_y[0]/opit_0_L5Q_2(gopLUT6L5Q)
I: Place-6001: Add the new LUT instances CLMA_129_300(/devDL6L5Q) replicated by the LUT instance CLMA_129_288(/devAL6L5Q).
Origin u_char_overlay/N19626_250/LUT6D_inst replicates:
    CLMA_129_300(/devDL6L5Q) : u_char_overlay/N19626_250/LUT6D_inst_1(gopLUT6L5)
I: Place-6001: Add the new FF instances CLMA_219_493(/FFAPP2/FF) replicated by the FF instance CLMA_249_565(/FFAPP1/FF) .
Origin rst_n_app_video/opit_0_inv_L6Q_LUT6DL5Q replicates:
    CLMA_219_493(/FFAPP2/FF)  : rst_n_app_video/opit_0_inv_L6Q_LUT6DL5Q_1(gopLUT6L5Q)
I: Place-6001: Add the new LUT instances CLMA_105_289(/devDL6L5Q) CLMA_105_319(/devBL6L5Q) replicated by the LUT instance CLMA_117_307(/devBL6L5Q).
Origin u_char_overlay/N19626_110/LUT6D_inst replicates:
    CLMA_105_289(/devDL6L5Q) : u_char_overlay/N19626_110/LUT6D_inst_1(gopLUT6L5)
    CLMA_105_319(/devBL6L5Q) : u_char_overlay/N19626_110/LUT6D_inst_2(gopLUT6L5)
I: Place-6001: Add the new LUT instances CLMA_99_313(/devBL6L5Q) CLMA_105_295(/devDL6L5Q) CLMA_105_319(/devDL6L5Q) replicated by the LUT instance CLMS_87_301(/devBL6L5Q_S).
Origin u_char_overlay/N19626_111/LUT6D_inst replicates:
    CLMA_99_313(/devBL6L5Q) : u_char_overlay/N19626_111/LUT6D_inst_1(gopLUT6L5)
    CLMA_105_295(/devDL6L5Q) : u_char_overlay/N19626_111/LUT6D_inst_2(gopLUT6L5)
    CLMA_105_319(/devDL6L5Q) : u_char_overlay/N19626_111/LUT6D_inst_3(gopLUT6L5)
Wirelength after detailed placement is 894102 and checksum is CDEF6F8131C5AE96.
Timing-driven detailed placement takes 7.38 sec.

I: Replicate Registers:ms72xx_ctl/iic_dri/scl_out/opit_0_inv_1 
I: Replicate Registers:ms72xx_ctl/iic_dri/sda_out/opit_1 
Worst slack is -876, TNS after placement is -49713.
Placement done.
Total placement takes 84.69 sec.
Finished placement.

Routing started.
Build routing arch for double attribute device.
Enter timing driven router mode.
Route thread size: 5
Building routing graph takes 8.54 sec.
Init coarse delay table.
Read place coarse delay table takes 0.92 sec.
Build SRB system takes 0.81 sec.
Setup STE netlist take 7267 msec.
Dispose control chain take 1079 msec.
Collect const net info take 590 msec.
Worst slack is -876, TNS before route is -49713.
Total nets for routing: 83834.
Total loads for routing: 296280.
Direct connect net size: 11904
Build all design net take 3262 msec.
Processing design graph takes 12.22 sec.
Delay table total memory: 72.78639603 MB
Route graph total memory: 348.81474400 MB
Route design total memory: 84.29019928 MB
Global routing takes 0.00 sec.
Total 83832 subnets.
Unrouted clock nets at iteration 0 (0.314 sec): 11
Unrouted clock nets at iteration 1 (0.239 sec): 7
Unrouted clock nets at iteration 2 (0.131 sec): 4
Unrouted clock nets at iteration 3 (0.090 sec): 0
Total route nets size: 83794
Pre route takes 24.485 sec
Unrouted general nets at iteration 5 (MT total route time: 4.627 sec): 56919(overused: 260095)
Unrouted general nets at iteration 6 (MT total route time: 4.135 sec): 45027(overused: 178631)
Unrouted general nets at iteration 7 (MT total route time: 3.607 sec): 35107(overused: 120371)
Unrouted general nets at iteration 8 (MT total route time: 2.985 sec): 26798(overused: 83176)
Unrouted general nets at iteration 9 (MT total route time: 2.532 sec): 20983(overused: 61190)
Unrouted general nets at iteration 10 (MT total route time: 2.192 sec): 15492(overused: 46692)
Unrouted general nets at iteration 11 (MT total route time: 2.055 sec): 11541(overused: 34241)
Unrouted general nets at iteration 12 (MT total route time: 1.799 sec): 8941(overused: 25902)
Unrouted general nets at iteration 13 (MT total route time: 1.484 sec): 7122(overused: 19931)
Unrouted general nets at iteration 14 (MT total route time: 1.454 sec): 5694(overused: 15900)
Unrouted general nets at iteration 15 (MT total route time: 1.262 sec): 4538(overused: 12667)
Unrouted general nets at iteration 16 (MT total route time: 1.205 sec): 4294(overused: 12400)
Unrouted general nets at iteration 17 (MT total route time: 1.184 sec): 3842(overused: 10958)
Unrouted general nets at iteration 18 (MT total route time: 1.110 sec): 3431(overused: 9991)
Unrouted general nets at iteration 19 (MT total route time: 1.119 sec): 3050(overused: 8759)
Unrouted general nets at iteration 20 (MT total route time: 1.085 sec): 2813(overused: 8212)
Unrouted general nets at iteration 21 (MT total route time: 1.155 sec): 2764(overused: 7951)
Unrouted general nets at iteration 22 (MT total route time: 1.119 sec): 2522(overused: 7300)
Unrouted general nets at iteration 23 (MT total route time: 0.983 sec): 2274(overused: 6381)
Unrouted general nets at iteration 24 (MT total route time: 0.887 sec): 2016(overused: 5572)
Unrouted general nets at iteration 25 (MT total route time: 0.826 sec): 1831(overused: 4802)
Unrouted general nets at iteration 26 (MT total route time: 0.773 sec): 1748(overused: 4421)
Unrouted general nets at iteration 27 (MT total route time: 0.714 sec): 1586(overused: 4032)
Unrouted general nets at iteration 28 (MT total route time: 0.642 sec): 1456(overused: 3631)
Unrouted general nets at iteration 29 (MT total route time: 0.640 sec): 1407(overused: 3435)
Unrouted general nets at iteration 30 (MT total route time: 0.637 sec): 1303(overused: 3262)
Unrouted general nets at iteration 31 (MT total route time: 0.611 sec): 1160(overused: 2917)
Unrouted general nets at iteration 32 (MT total route time: 0.550 sec): 1052(overused: 2570)
Unrouted general nets at iteration 33 (MT total route time: 0.509 sec): 972(overused: 2505)
Unrouted general nets at iteration 34 (MT total route time: 0.542 sec): 945(overused: 2317)
Unrouted general nets at iteration 35 (MT total route time: 0.468 sec): 820(overused: 1899)
Unrouted general nets at iteration 36 (MT total route time: 0.457 sec): 769(overused: 1760)
Unrouted general nets at iteration 37 (MT total route time: 0.422 sec): 762(overused: 1644)
Unrouted general nets at iteration 38 (MT total route time: 0.533 sec): 821(overused: 2192)
Unrouted general nets at iteration 39 (MT total route time: 0.580 sec): 877(overused: 2312)
Unrouted general nets at iteration 40 (MT total route time: 0.538 sec): 879(overused: 2221)
Unrouted general nets at iteration 41 (MT total route time: 0.498 sec): 796(overused: 1891)
Unrouted general nets at iteration 42 (MT total route time: 0.444 sec): 740(overused: 1752)
Unrouted general nets at iteration 43 (MT total route time: 0.422 sec): 664(overused: 1469)
Unrouted general nets at iteration 44 (MT total route time: 0.390 sec): 598(overused: 1314)
Unrouted general nets at iteration 45 (MT total route time: 0.349 sec): 509(overused: 1067)
Unrouted general nets at iteration 46 (MT total route time: 0.353 sec): 460(overused: 1079)
Unrouted general nets at iteration 47 (MT total route time: 0.320 sec): 450(overused: 928)
Unrouted general nets at iteration 48 (MT total route time: 0.300 sec): 420(overused: 848)
Unrouted general nets at iteration 49 (MT total route time: 0.280 sec): 375(overused: 738)
Unrouted general nets at iteration 50 (MT total route time: 0.306 sec): 368(overused: 772)
Unrouted general nets at iteration 51 (MT total route time: 0.295 sec): 347(overused: 708)
Unrouted general nets at iteration 52 (MT total route time: 0.241 sec): 278(overused: 504)
Unrouted general nets at iteration 53 (MT total route time: 0.260 sec): 326(overused: 679)
Unrouted general nets at iteration 54 (MT total route time: 0.275 sec): 353(overused: 754)
Unrouted general nets at iteration 55 (MT total route time: 0.257 sec): 281(overused: 549)
Unrouted general nets at iteration 56 (MT total route time: 0.246 sec): 261(overused: 545)
Unrouted general nets at iteration 57 (MT total route time: 0.264 sec): 327(overused: 688)
Unrouted general nets at iteration 58 (MT total route time: 0.256 sec): 339(overused: 696)
Unrouted general nets at iteration 59 (MT total route time: 0.265 sec): 362(overused: 660)
Unrouted general nets at iteration 60 (MT total route time: 0.272 sec): 352(overused: 691)
Unrouted general nets at iteration 61 (MT total route time: 0.337 sec): 444(overused: 1030)
Unrouted general nets at iteration 62 (MT total route time: 0.305 sec): 408(overused: 830)
Unrouted general nets at iteration 63 (MT total route time: 0.341 sec): 417(overused: 944)
Unrouted general nets at iteration 64 (MT total route time: 0.295 sec): 412(overused: 814)
Unrouted general nets at iteration 65 (MT total route time: 0.246 sec): 333(overused: 654)
Unrouted general nets at iteration 66 (MT total route time: 0.243 sec): 282(overused: 567)
Unrouted general nets at iteration 67 (MT total route time: 0.302 sec): 306(overused: 621)
Unrouted general nets at iteration 68 (MT total route time: 0.273 sec): 343(overused: 682)
Unrouted general nets at iteration 69 (MT total route time: 0.227 sec): 250(overused: 458)
Unrouted general nets at iteration 70 (MT total route time: 0.223 sec): 208(overused: 367)
Unrouted general nets at iteration 71 (MT total route time: 0.209 sec): 188(overused: 318)
Unrouted general nets at iteration 72 (MT total route time: 0.211 sec): 173(overused: 313)
Unrouted general nets at iteration 73 (MT total route time: 0.204 sec): 156(overused: 268)
Unrouted general nets at iteration 74 (MT total route time: 0.276 sec): 150(overused: 250)
Unrouted general nets at iteration 75 (MT total route time: 0.185 sec): 123(overused: 196)
Unrouted general nets at iteration 76 (MT total route time: 0.185 sec): 109(overused: 202)
Unrouted general nets at iteration 77 (MT total route time: 0.175 sec): 99(overused: 146)
Unrouted general nets at iteration 78 (MT total route time: 0.186 sec): 95(overused: 154)
Unrouted general nets at iteration 79 (MT total route time: 0.179 sec): 83(overused: 132)
Unrouted general nets at iteration 80 (MT total route time: 0.172 sec): 86(overused: 140)
Unrouted general nets at iteration 81 (MT total route time: 0.199 sec): 89(overused: 159)
Unrouted general nets at iteration 82 (MT total route time: 0.213 sec): 90(overused: 150)
Unrouted general nets at iteration 83 (MT total route time: 0.225 sec): 93(overused: 187)
Unrouted general nets at iteration 84 (MT total route time: 0.194 sec): 98(overused: 148)
Unrouted general nets at iteration 85 (MT total route time: 0.183 sec): 83(overused: 136)
Unrouted general nets at iteration 86 (MT total route time: 0.174 sec): 89(overused: 147)
Unrouted general nets at iteration 87 (MT total route time: 0.273 sec): 273(overused: 612)
Unrouted general nets at iteration 88 (MT total route time: 0.324 sec): 365(overused: 847)
Unrouted general nets at iteration 89 (MT total route time: 0.290 sec): 335(overused: 699)
Unrouted general nets at iteration 90 (MT total route time: 0.276 sec): 363(overused: 672)
Unrouted general nets at iteration 91 (MT total route time: 0.243 sec): 323(overused: 568)
Unrouted general nets at iteration 92 (MT total route time: 0.232 sec): 221(overused: 352)
Unrouted general nets at iteration 93 (MT total route time: 0.207 sec): 181(overused: 306)
Unrouted general nets at iteration 94 (MT total route time: 0.200 sec): 149(overused: 244)
Unrouted general nets at iteration 95 (MT total route time: 0.197 sec): 136(overused: 221)
Unrouted general nets at iteration 96 (MT total route time: 0.196 sec): 115(overused: 237)
Unrouted general nets at iteration 97 (MT total route time: 0.192 sec): 115(overused: 227)
Unrouted general nets at iteration 98 (MT total route time: 0.193 sec): 100(overused: 174)
Unrouted general nets at iteration 99 (MT total route time: 0.174 sec): 63(overused: 86)
Unrouted general nets at iteration 100 (MT total route time: 0.171 sec): 44(overused: 72)
Unrouted general nets at iteration 101 (MT total route time: 0.177 sec): 61(overused: 98)
Unrouted general nets at iteration 102 (MT total route time: 0.194 sec): 91(overused: 183)
Unrouted general nets at iteration 103 (MT total route time: 0.180 sec): 75(overused: 112)
Unrouted general nets at iteration 104 (MT total route time: 0.186 sec): 93(overused: 170)
Unrouted general nets at iteration 105 (MT total route time: 0.190 sec): 96(overused: 140)
Unrouted general nets at iteration 106 (MT total route time: 0.185 sec): 68(overused: 112)
Unrouted general nets at iteration 107 (MT total route time: 0.171 sec): 56(overused: 84)
Unrouted general nets at iteration 108 (MT total route time: 0.174 sec): 54(overused: 80)
Unrouted general nets at iteration 109 (MT total route time: 0.177 sec): 33(overused: 66)
Unrouted general nets at iteration 110 (MT total route time: 0.166 sec): 29(overused: 42)
Unrouted general nets at iteration 111 (MT total route time: 0.169 sec): 28(overused: 40)
Unrouted general nets at iteration 112 (MT total route time: 0.167 sec): 20(overused: 24)
Unrouted general nets at iteration 113 (MT total route time: 0.172 sec): 23(overused: 48)
Unrouted general nets at iteration 114 (MT total route time: 0.169 sec): 24(overused: 40)
Unrouted general nets at iteration 115 (MT total route time: 0.169 sec): 13(overused: 20)
Unrouted general nets at iteration 116 (MT total route time: 0.164 sec): 6(overused: 8)
Unrouted general nets at iteration 117 (MT total route time: 0.167 sec): 2(overused: 2)
Unrouted general nets at iteration 118 (MT total route time: 0.163 sec): 0(overused: 0)
----General net take 0.213 sec(route net take 0.099 sec, inc cost take 0.114 sec, iter times: 1)
----const net route take 1.142 sec
Unrouted nets at iteration 119 (1.368 sec): 0
Detailed routing takes 183.44 sec.
I: Design net ntclkbufg_2 is routed by general path.
C: Route-2036: The clock path from clkbufg_5/gopclkbufg:CLKOUT to u_CORES/u_jtag_hub/d_ctrl.data_ctrl/opit_0_inv_L5Q:CLK is routed by SRB.
I: Design net u_CORES/capt_o is routed by general path.
C: Route-2036: The clock path from u_CORES/u_GTP_SCANCHAIN_PG/scanchain:CAPTUREDR to u_CORES/u_debug_core_0/u_hub_data_decode/newconfini.conf_id_ini[2]/opit_0_inv:CLK is routed by SRB.
I: Design net u_CORES/drck_o is routed by general path.
C: Route-2036: The clock path from u_CORES/u_GTP_SCANCHAIN_PG/scanchain:TCK1 to clkbufg_5/gopclkbufg:CLK is routed by SRB.
Fix violation Finished.
No hold violation.
Hold Violation Fix in router takes 26.14 sec.
Sort Original Nets take 0.132 sec
Build solution node for device pins which were mapped to more than one design pin take 1.145 sec
Total net: 83834, route succeed net: 83834
Generate routing result take 0.135 sec
Handle PERMUX permutation take 2.022 sec
Handle const net take 0.178 sec
Handle route through take 0.050 sec
Handle loads' routing node take 0.393 sec
Used SRB routing arc is 670033.
Finish routing takes 5.18 sec.
Total routing takes 262.16 sec.


Device Utilization Summary :
+-------------------------------------------------------------------------------------+
| Logic Utilization                 | Used      | Available     | Utilization(%)     
+-------------------------------------------------------------------------------------+
| Use of ADC                        | 0         | 1             | 0                  
| Use of ANALOG                     | 0         | 1             | 0                  
| Use of APM                        | 553       | 740           | 75                 
| Use of BKCL                       | 5         | 10            | 50                 
| Use of CCS                        | 1         | 1             | 100                
| Use of CLMA                       | 14702     | 30075         | 49                 
|   FF                              | 60591     | 240600        | 26                 
|   LUT                             | 29614     | 120300        | 25                 
|   LUT-FF pairs                    | 11288     | 120300        | 10                 
| Use of CLMS                       | 4369      | 9875          | 45                 
|   FF                              | 19376     | 79000         | 25                 
|   LUT                             | 9252      | 39500         | 24                 
|   LUT-FF pairs                    | 4010      | 39500         | 11                 
|   Distributed RAM                 | 1336      | 39500         | 4                  
| Use of DDRPHY_CPD                 | 1         | 20            | 5                  
| Use of DDRPHY_IOCLK_DIV           | 2         | 10            | 20                 
| Use of DDR_PHY                    | 7         | 40            | 18                 
| Use of DRM                        | 227.5     | 415           | 55                 
| Use of GCLK_INBUF_SYN             | 0         | 40            | 0                  
| Use of GPLL                       | 4         | 10            | 40                 
| Use of GSEB                       | 0         | 512           | 0                  
| Use of HARD0                      | 4855      | 25050         | 20                 
| Use of HCKB                       | 31        | 120           | 26                 
|  HCKB dataused                    | 0         | 120           | 0                  
| Use of HCKMUX_TEST                | 0         | 10            | 0                  
| Use of HSSTLP                     | 0         | 2             | 0                  
| Use of IO                         | 115       | 400           | 29                 
|   IOBD                            | 60        | 192           | 32                 
|   IOBS                            | 55        | 208           | 27                 
| Use of IOCKB                      | 0         | 40            | 0                  
| Use of IOCKMUX_TEST               | 0         | 10            | 0                  
| Use of IOLHR                      | 114       | 500           | 23                 
| Use of KEYRAM                     | 0         | 1             | 0                  
| Use of MFG_TEST                   | 0         | 1             | 0                  
| Use of MRCKB                      | 1         | 20            | 5                  
| Use of MRCKMUX_TEST               | 0         | 10            | 0                  
| Use of MRPOSTMUX_TEST             | 0         | 10            | 0                  
| Use of PCIE                       | 0         | 1             | 0                  
| Use of PCKMUX_TEST                | 0         | 20            | 0                  
| Use of PLLMRMUX_TEST              | 0         | 10            | 0                  
| Use of PLLREFMUX_TEST             | 0         | 10            | 0                  
| Use of POSTGMUXLR_TEST            | 0         | 4             | 0                  
| Use of PPLL                       | 2         | 10            | 20                 
| Use of PREGMUXC_TEST              | 0         | 3             | 0                  
| Use of PREGMUXC_X16_200H_TEST     | 0         | 4             | 0                  
| Use of PREGMUXLR_TEST             | 0         | 10            | 0                  
| Use of RCKB                       | 2         | 40            | 5                  
|  RCKB dataused                    | 2         | 40            | 5                  
| Use of RCKMUX_TEST                | 0         | 10            | 0                  
| Use of SCANCHAIN                  | 1         | 1             | 100                
| Use of SCKMUX_TEST                | 0         | 20            | 0                  
| Use of SFB                        | 0         | 5075          | 0                  
| Use of SPAD                       | 0         | 8             | 0                  
| Use of TSERDES                    | 14        | 80            | 18                 
| Use of USCM                       | 7         | 32            | 22                 
|  USCM dataused                    | 0         | 32            | 0                  
| Use of USCMMUX_TEST               | 0         | 32            | 0                  
+-------------------------------------------------------------------------------------+

Finished routing.
Design 'hdmi_loop' has been placed and routed successfully.
Saving design to DB.
Finished placement and routing.
Action pnr: Real time elapsed is 0h:12m:7s
Action pnr: CPU time elapsed is 0h:4m:21s
Action pnr: Process CPU time elapsed is 0h:7m:23s
Current time: Thu Jul  2 11:18:15 2026
Action pnr: Peak memory pool usage is 5,389 MB
