#Build: Fabric Compiler 2022.2-SP6.4, Build 146967, Jan 31 01:39 2024
#Install: C:\pango\PDS_2022.2-SP6.4\bin
#Application name: pds_shell.exe
#OS: Windows 10 10.0.22631
#Hostname: DESKTOP-VB8TKRO
Generated by Fabric Compiler (version 2022.2-SP6.4 build 146967) at Sat Apr 25 15:18:07 2026
Compiling verification operator library.
Compiling common defs.
Compiling prim grid devices.
Compiling gate devices.
Compiling gate operators.
Building architecture model.
Loading device packaging model.
pnr strategy configuration : 
strategy name : 0
Building architecture floorplan logic view.
Constraint check start.
Executing : def_port {hd_sda} LOC=J14 VCCIO=3.3 IOSTANDARD=LVCMOS33 DRIVE=8 SLEW=SLOW NONE=TRUE
C: ConstraintEditor-2002: [C:/Users/Datou21/Desktop/PDS/back1/cnn_usb_copy/prj_pds/device_map/hdmi_loop.pcf(line number: 3)] | Port hd_sda has been placed at location J14, whose type is share pin.
Executing : def_port {hd_sda} LOC=J14 VCCIO=3.3 IOSTANDARD=LVCMOS33 DRIVE=8 SLEW=SLOW NONE=TRUE successfully
Executing : def_port {hd_scl} LOC=J15 VCCIO=3.3 IOSTANDARD=LVCMOS33 DRIVE=8 SLEW=SLOW NONE=TRUE
C: ConstraintEditor-2002: [C:/Users/Datou21/Desktop/PDS/back1/cnn_usb_copy/prj_pds/device_map/hdmi_loop.pcf(line number: 4)] | Port hd_scl has been placed at location J15, whose type is share pin.
Executing : def_port {hd_scl} LOC=J15 VCCIO=3.3 IOSTANDARD=LVCMOS33 DRIVE=8 SLEW=SLOW NONE=TRUE successfully
Executing : def_port {led_int} LOC=A20 VCCIO=3.3 IOSTANDARD=LVCMOS33 DRIVE=8 SLEW=SLOW NONE=TRUE
Executing : def_port {led_int} LOC=A20 VCCIO=3.3 IOSTANDARD=LVCMOS33 DRIVE=8 SLEW=SLOW NONE=TRUE successfully
Executing : def_port {rstn_out} LOC=G25 VCCIO=3.3 IOSTANDARD=LVCMOS33 DRIVE=8 SLEW=SLOW NONE=TRUE
C: ConstraintEditor-2002: [C:/Users/Datou21/Desktop/PDS/back1/cnn_usb_copy/prj_pds/device_map/hdmi_loop.pcf(line number: 6)] | Port rstn_out has been placed at location G25, whose type is share pin.
Executing : def_port {rstn_out} LOC=G25 VCCIO=3.3 IOSTANDARD=LVCMOS33 DRIVE=8 SLEW=SLOW NONE=TRUE successfully
Executing : def_port {tmds_clk_n} LOC=N22 VCCIO=2.5 IOSTANDARD=LVDS25 DRIVE=3.5 NONE=TRUE
Executing : def_port {tmds_clk_n} LOC=N22 VCCIO=2.5 IOSTANDARD=LVDS25 DRIVE=3.5 NONE=TRUE successfully
Executing : def_port {tmds_clk_p} LOC=N21 VCCIO=2.5 IOSTANDARD=LVDS25 DRIVE=3.5 NONE=TRUE
Executing : def_port {tmds_clk_p} LOC=N21 VCCIO=2.5 IOSTANDARD=LVDS25 DRIVE=3.5 NONE=TRUE successfully
Executing : def_port {tmds_data_n[0]} LOC=P25 VCCIO=2.5 IOSTANDARD=LVDS25 DRIVE=3.5 NONE=TRUE
C: ConstraintEditor-2002: [C:/Users/Datou21/Desktop/PDS/back1/cnn_usb_copy/prj_pds/device_map/hdmi_loop.pcf(line number: 9)] | Port tmds_data_n[0] has been placed at location P25, whose type is share pin.
Executing : def_port {tmds_data_n[0]} LOC=P25 VCCIO=2.5 IOSTANDARD=LVDS25 DRIVE=3.5 NONE=TRUE successfully
Executing : def_port {tmds_data_n[1]} LOC=P24 VCCIO=2.5 IOSTANDARD=LVDS25 DRIVE=3.5 NONE=TRUE
C: ConstraintEditor-2002: [C:/Users/Datou21/Desktop/PDS/back1/cnn_usb_copy/prj_pds/device_map/hdmi_loop.pcf(line number: 10)] | Port tmds_data_n[1] has been placed at location P24, whose type is share pin.
Executing : def_port {tmds_data_n[1]} LOC=P24 VCCIO=2.5 IOSTANDARD=LVDS25 DRIVE=3.5 NONE=TRUE successfully
Executing : def_port {tmds_data_n[2]} LOC=N24 VCCIO=2.5 IOSTANDARD=LVDS25 DRIVE=3.5 NONE=TRUE
C: ConstraintEditor-2002: [C:/Users/Datou21/Desktop/PDS/back1/cnn_usb_copy/prj_pds/device_map/hdmi_loop.pcf(line number: 11)] | Port tmds_data_n[2] has been placed at location N24, whose type is share pin.
Executing : def_port {tmds_data_n[2]} LOC=N24 VCCIO=2.5 IOSTANDARD=LVDS25 DRIVE=3.5 NONE=TRUE successfully
Executing : def_port {tmds_data_p[0]} LOC=R25 VCCIO=2.5 IOSTANDARD=LVDS25 DRIVE=3.5 NONE=TRUE
C: ConstraintEditor-2002: [C:/Users/Datou21/Desktop/PDS/back1/cnn_usb_copy/prj_pds/device_map/hdmi_loop.pcf(line number: 12)] | Port tmds_data_p[0] has been placed at location R25, whose type is share pin.
Executing : def_port {tmds_data_p[0]} LOC=R25 VCCIO=2.5 IOSTANDARD=LVDS25 DRIVE=3.5 NONE=TRUE successfully
Executing : def_port {tmds_data_p[1]} LOC=P23 VCCIO=2.5 IOSTANDARD=LVDS25 DRIVE=3.5 NONE=TRUE
C: ConstraintEditor-2002: [C:/Users/Datou21/Desktop/PDS/back1/cnn_usb_copy/prj_pds/device_map/hdmi_loop.pcf(line number: 13)] | Port tmds_data_p[1] has been placed at location P23, whose type is share pin.
Executing : def_port {tmds_data_p[1]} LOC=P23 VCCIO=2.5 IOSTANDARD=LVDS25 DRIVE=3.5 NONE=TRUE successfully
Executing : def_port {tmds_data_p[2]} LOC=N23 VCCIO=2.5 IOSTANDARD=LVDS25 DRIVE=3.5 NONE=TRUE
C: ConstraintEditor-2002: [C:/Users/Datou21/Desktop/PDS/back1/cnn_usb_copy/prj_pds/device_map/hdmi_loop.pcf(line number: 14)] | Port tmds_data_p[2] has been placed at location N23, whose type is share pin.
Executing : def_port {tmds_data_p[2]} LOC=N23 VCCIO=2.5 IOSTANDARD=LVDS25 DRIVE=3.5 NONE=TRUE successfully
Executing : def_port {b_in[0]} LOC=L18 VCCIO=3.3 IOSTANDARD=LVCMOS33 NONE=TRUE
C: ConstraintEditor-2002: [C:/Users/Datou21/Desktop/PDS/back1/cnn_usb_copy/prj_pds/device_map/hdmi_loop.pcf(line number: 15)] | Port b_in[0] has been placed at location L18, whose type is share pin.
Executing : def_port {b_in[0]} LOC=L18 VCCIO=3.3 IOSTANDARD=LVCMOS33 NONE=TRUE successfully
Executing : def_port {b_in[1]} LOC=L17 VCCIO=3.3 IOSTANDARD=LVCMOS33 NONE=TRUE
C: ConstraintEditor-2002: [C:/Users/Datou21/Desktop/PDS/back1/cnn_usb_copy/prj_pds/device_map/hdmi_loop.pcf(line number: 16)] | Port b_in[1] has been placed at location L17, whose type is share pin.
Executing : def_port {b_in[1]} LOC=L17 VCCIO=3.3 IOSTANDARD=LVCMOS33 NONE=TRUE successfully
Executing : def_port {b_in[2]} LOC=H18 VCCIO=3.3 IOSTANDARD=LVCMOS33 NONE=TRUE
C: ConstraintEditor-2002: [C:/Users/Datou21/Desktop/PDS/back1/cnn_usb_copy/prj_pds/device_map/hdmi_loop.pcf(line number: 17)] | Port b_in[2] has been placed at location H18, whose type is share pin.
Executing : def_port {b_in[2]} LOC=H18 VCCIO=3.3 IOSTANDARD=LVCMOS33 NONE=TRUE successfully
Executing : def_port {b_in[3]} LOC=J18 VCCIO=3.3 IOSTANDARD=LVCMOS33 NONE=TRUE
C: ConstraintEditor-2002: [C:/Users/Datou21/Desktop/PDS/back1/cnn_usb_copy/prj_pds/device_map/hdmi_loop.pcf(line number: 18)] | Port b_in[3] has been placed at location J18, whose type is share pin.
Executing : def_port {b_in[3]} LOC=J18 VCCIO=3.3 IOSTANDARD=LVCMOS33 NONE=TRUE successfully
Executing : def_port {b_in[4]} LOC=J21 VCCIO=3.3 IOSTANDARD=LVCMOS33 NONE=TRUE
Executing : def_port {b_in[4]} LOC=J21 VCCIO=3.3 IOSTANDARD=LVCMOS33 NONE=TRUE successfully
Executing : def_port {b_in[5]} LOC=H23 VCCIO=3.3 IOSTANDARD=LVCMOS33 NONE=TRUE
Executing : def_port {b_in[5]} LOC=H23 VCCIO=3.3 IOSTANDARD=LVCMOS33 NONE=TRUE successfully
Executing : def_port {b_in[6]} LOC=J23 VCCIO=3.3 IOSTANDARD=LVCMOS33 NONE=TRUE
Executing : def_port {b_in[6]} LOC=J23 VCCIO=3.3 IOSTANDARD=LVCMOS33 NONE=TRUE successfully
Executing : def_port {b_in[7]} LOC=H24 VCCIO=3.3 IOSTANDARD=LVCMOS33 NONE=TRUE
C: ConstraintEditor-2002: [C:/Users/Datou21/Desktop/PDS/back1/cnn_usb_copy/prj_pds/device_map/hdmi_loop.pcf(line number: 22)] | Port b_in[7] has been placed at location H24, whose type is share pin.
Executing : def_port {b_in[7]} LOC=H24 VCCIO=3.3 IOSTANDARD=LVCMOS33 NONE=TRUE successfully
Executing : def_port {de_in} LOC=M16 VCCIO=3.3 IOSTANDARD=LVCMOS33 NONE=TRUE
Executing : def_port {de_in} LOC=M16 VCCIO=3.3 IOSTANDARD=LVCMOS33 NONE=TRUE successfully
Executing : def_port {g_in[0]} LOC=J24 VCCIO=3.3 IOSTANDARD=LVCMOS33 NONE=TRUE
C: ConstraintEditor-2002: [C:/Users/Datou21/Desktop/PDS/back1/cnn_usb_copy/prj_pds/device_map/hdmi_loop.pcf(line number: 24)] | Port g_in[0] has been placed at location J24, whose type is share pin.
Executing : def_port {g_in[0]} LOC=J24 VCCIO=3.3 IOSTANDARD=LVCMOS33 NONE=TRUE successfully
Executing : def_port {g_in[1]} LOC=K23 VCCIO=3.3 IOSTANDARD=LVCMOS33 NONE=TRUE
C: ConstraintEditor-2002: [C:/Users/Datou21/Desktop/PDS/back1/cnn_usb_copy/prj_pds/device_map/hdmi_loop.pcf(line number: 25)] | Port g_in[1] has been placed at location K23, whose type is share pin.
Executing : def_port {g_in[1]} LOC=K23 VCCIO=3.3 IOSTANDARD=LVCMOS33 NONE=TRUE successfully
Executing : def_port {g_in[2]} LOC=K22 VCCIO=3.3 IOSTANDARD=LVCMOS33 NONE=TRUE
C: ConstraintEditor-2002: [C:/Users/Datou21/Desktop/PDS/back1/cnn_usb_copy/prj_pds/device_map/hdmi_loop.pcf(line number: 26)] | Port g_in[2] has been placed at location K22, whose type is share pin.
Executing : def_port {g_in[2]} LOC=K22 VCCIO=3.3 IOSTANDARD=LVCMOS33 NONE=TRUE successfully
Executing : def_port {g_in[3]} LOC=J16 VCCIO=3.3 IOSTANDARD=LVCMOS33 NONE=TRUE
C: ConstraintEditor-2002: [C:/Users/Datou21/Desktop/PDS/back1/cnn_usb_copy/prj_pds/device_map/hdmi_loop.pcf(line number: 27)] | Port g_in[3] has been placed at location J16, whose type is share pin.
Executing : def_port {g_in[3]} LOC=J16 VCCIO=3.3 IOSTANDARD=LVCMOS33 NONE=TRUE successfully
Executing : def_port {g_in[4]} LOC=K15 VCCIO=3.3 IOSTANDARD=LVCMOS33 NONE=TRUE
C: ConstraintEditor-2002: [C:/Users/Datou21/Desktop/PDS/back1/cnn_usb_copy/prj_pds/device_map/hdmi_loop.pcf(line number: 28)] | Port g_in[4] has been placed at location K15, whose type is share pin.
Executing : def_port {g_in[4]} LOC=K15 VCCIO=3.3 IOSTANDARD=LVCMOS33 NONE=TRUE successfully
Executing : def_port {g_in[5]} LOC=K17 VCCIO=3.3 IOSTANDARD=LVCMOS33 NONE=TRUE
C: ConstraintEditor-2002: [C:/Users/Datou21/Desktop/PDS/back1/cnn_usb_copy/prj_pds/device_map/hdmi_loop.pcf(line number: 29)] | Port g_in[5] has been placed at location K17, whose type is share pin.
Executing : def_port {g_in[5]} LOC=K17 VCCIO=3.3 IOSTANDARD=LVCMOS33 NONE=TRUE successfully
Executing : def_port {g_in[6]} LOC=K16 VCCIO=3.3 IOSTANDARD=LVCMOS33 NONE=TRUE
C: ConstraintEditor-2002: [C:/Users/Datou21/Desktop/PDS/back1/cnn_usb_copy/prj_pds/device_map/hdmi_loop.pcf(line number: 30)] | Port g_in[6] has been placed at location K16, whose type is share pin.
Executing : def_port {g_in[6]} LOC=K16 VCCIO=3.3 IOSTANDARD=LVCMOS33 NONE=TRUE successfully
Executing : def_port {g_in[7]} LOC=L15 VCCIO=3.3 IOSTANDARD=LVCMOS33 NONE=TRUE
C: ConstraintEditor-2002: [C:/Users/Datou21/Desktop/PDS/back1/cnn_usb_copy/prj_pds/device_map/hdmi_loop.pcf(line number: 31)] | Port g_in[7] has been placed at location L15, whose type is share pin.
Executing : def_port {g_in[7]} LOC=L15 VCCIO=3.3 IOSTANDARD=LVCMOS33 NONE=TRUE successfully
Executing : def_port {hs_in} LOC=M17 VCCIO=3.3 IOSTANDARD=LVCMOS33 NONE=TRUE
Executing : def_port {hs_in} LOC=M17 VCCIO=3.3 IOSTANDARD=LVCMOS33 NONE=TRUE successfully
Executing : def_port {pixclk_in} LOC=K21 VCCIO=3.3 IOSTANDARD=LVCMOS33 NONE=TRUE
Executing : def_port {pixclk_in} LOC=K21 VCCIO=3.3 IOSTANDARD=LVCMOS33 NONE=TRUE successfully
Executing : def_port {r_in[0]} LOC=M15 VCCIO=3.3 IOSTANDARD=LVCMOS33 NONE=TRUE
C: ConstraintEditor-2002: [C:/Users/Datou21/Desktop/PDS/back1/cnn_usb_copy/prj_pds/device_map/hdmi_loop.pcf(line number: 34)] | Port r_in[0] has been placed at location M15, whose type is share pin.
Executing : def_port {r_in[0]} LOC=M15 VCCIO=3.3 IOSTANDARD=LVCMOS33 NONE=TRUE successfully
Executing : def_port {r_in[1]} LOC=H19 VCCIO=3.3 IOSTANDARD=LVCMOS33 NONE=TRUE
C: ConstraintEditor-2002: [C:/Users/Datou21/Desktop/PDS/back1/cnn_usb_copy/prj_pds/device_map/hdmi_loop.pcf(line number: 35)] | Port r_in[1] has been placed at location H19, whose type is share pin.
Executing : def_port {r_in[1]} LOC=H19 VCCIO=3.3 IOSTANDARD=LVCMOS33 NONE=TRUE successfully
Executing : def_port {r_in[2]} LOC=J19 VCCIO=3.3 IOSTANDARD=LVCMOS33 NONE=TRUE
C: ConstraintEditor-2002: [C:/Users/Datou21/Desktop/PDS/back1/cnn_usb_copy/prj_pds/device_map/hdmi_loop.pcf(line number: 36)] | Port r_in[2] has been placed at location J19, whose type is share pin.
Executing : def_port {r_in[2]} LOC=J19 VCCIO=3.3 IOSTANDARD=LVCMOS33 NONE=TRUE successfully
Executing : def_port {r_in[3]} LOC=J20 VCCIO=3.3 IOSTANDARD=LVCMOS33 NONE=TRUE
C: ConstraintEditor-2002: [C:/Users/Datou21/Desktop/PDS/back1/cnn_usb_copy/prj_pds/device_map/hdmi_loop.pcf(line number: 37)] | Port r_in[3] has been placed at location J20, whose type is share pin.
Executing : def_port {r_in[3]} LOC=J20 VCCIO=3.3 IOSTANDARD=LVCMOS33 NONE=TRUE successfully
Executing : def_port {r_in[4]} LOC=K20 VCCIO=3.3 IOSTANDARD=LVCMOS33 NONE=TRUE
C: ConstraintEditor-2002: [C:/Users/Datou21/Desktop/PDS/back1/cnn_usb_copy/prj_pds/device_map/hdmi_loop.pcf(line number: 38)] | Port r_in[4] has been placed at location K20, whose type is share pin.
Executing : def_port {r_in[4]} LOC=K20 VCCIO=3.3 IOSTANDARD=LVCMOS33 NONE=TRUE successfully
Executing : def_port {r_in[5]} LOC=G21 VCCIO=3.3 IOSTANDARD=LVCMOS33 NONE=TRUE
Executing : def_port {r_in[5]} LOC=G21 VCCIO=3.3 IOSTANDARD=LVCMOS33 NONE=TRUE successfully
Executing : def_port {r_in[6]} LOC=G20 VCCIO=3.3 IOSTANDARD=LVCMOS33 NONE=TRUE
Executing : def_port {r_in[6]} LOC=G20 VCCIO=3.3 IOSTANDARD=LVCMOS33 NONE=TRUE successfully
Executing : def_port {r_in[7]} LOC=H22 VCCIO=3.3 IOSTANDARD=LVCMOS33 NONE=TRUE
Executing : def_port {r_in[7]} LOC=H22 VCCIO=3.3 IOSTANDARD=LVCMOS33 NONE=TRUE successfully
Executing : def_port {rst_n} LOC=C22 VCCIO=3.3 IOSTANDARD=LVCMOS33 NONE=TRUE
Executing : def_port {rst_n} LOC=C22 VCCIO=3.3 IOSTANDARD=LVCMOS33 NONE=TRUE successfully
Executing : def_port {sys_clk} LOC=D18 VCCIO=3.3 IOSTANDARD=LVCMOS33 NONE=TRUE
Executing : def_port {sys_clk} LOC=D18 VCCIO=3.3 IOSTANDARD=LVCMOS33 NONE=TRUE successfully
Executing : def_port {vs_in} LOC=M14 VCCIO=3.3 IOSTANDARD=LVCMOS33 NONE=TRUE
Executing : def_port {vs_in} LOC=M14 VCCIO=3.3 IOSTANDARD=LVCMOS33 NONE=TRUE successfully
Constraint check end.
I: Column Clock Check open.
Read Column Clock Map.

Placement started.
Phase 1 Pre global placement started.
Mapping instance GRS_INST/grs_ccs to CCS_75_622.
Mapping instance u_ms72/u_gpll/gpll_inst to GPLL_7_1381.
Mapping instance u_pll/u_gpll/gpll_inst to GPLL_7_1075.
Phase 1.1 1st GP placement started.
Design Utilization : 28%.
Build SRB system takes 1.05 sec.
Wirelength after clock region global placement is 497539, detour is 3554 and checksum is 76455FF94D5D6611.
1st GP placement takes 5.06 sec.

Phase 1.2 Clock placement started.
Mapping instance clkbufg_0/gopclkbufg to USCM_383_930.
Mapping instance clkbufg_1/gopclkbufg to USCM_383_933.
Mapping instance clkbufg_2/gopclkbufg to USCM_383_936.
Mapping instance clkbufg_3/gopclkbufg to USCM_383_939.
Clock placement takes 0.27 sec.

Wirelength after Pre Global Placement is 497539, detour is 3554 and checksum is 76455FF94D5D6611.
Pre global placement takes 5.88 sec.

Phase 2 Global placement started.
Phase 2.1 Fixed placement started.
First map gop timing takes 2.53 sec
Init coarse delay table.
Read place coarse delay table takes 0.41 sec.
Placed fixed group with base inst b_in_ibuf[0]/opit_1 on IOLHR_16_1122.
Placed fixed group with base inst b_in_ibuf[1]/opit_1 on IOLHR_16_1128.
Placed fixed group with base inst b_in_ibuf[2]/opit_1 on IOLHR_16_1098.
Placed fixed group with base inst b_in_ibuf[3]/opit_1 on IOLHR_16_1104.
Placed fixed group with base inst b_in_ibuf[4]/opit_1 on IOLHR_16_1074.
Placed fixed group with base inst b_in_ibuf[5]/opit_1 on IOLHR_16_1044.
Placed fixed group with base inst b_in_ibuf[6]/opit_1 on IOLHR_16_1050.
Placed fixed group with base inst b_in_ibuf[7]/opit_1 on IOLHR_16_1020.
Placed fixed group with base inst de_in_ibuf/opit_1 on IOLHR_16_1152.
Placed fixed group with base inst g_in_ibuf[0]/opit_1 on IOLHR_16_1026.
Placed fixed group with base inst g_in_ibuf[1]/opit_1 on IOLHR_16_996.
Placed fixed group with base inst g_in_ibuf[2]/opit_1 on IOLHR_16_1002.
Placed fixed group with base inst g_in_ibuf[3]/opit_1 on IOLHR_16_1206.
Placed fixed group with base inst g_in_ibuf[4]/opit_1 on IOLHR_16_1212.
Placed fixed group with base inst g_in_ibuf[5]/opit_1 on IOLHR_16_1182.
Placed fixed group with base inst g_in_ibuf[6]/opit_1 on IOLHR_16_1188.
Placed fixed group with base inst g_in_ibuf[7]/opit_1 on IOLHR_16_1158.
Placed fixed group with base inst hd_scl_obuf/opit_1 on IOLHR_16_1194.
Placed fixed group with base inst hs_in_ibuf/opit_1 on IOLHR_16_1146.
Placed fixed group with base inst led_int_obuf/opit_1 on IOLHR_16_1338.
Placed fixed group with base inst ms72xx_ctl.iic_sda_tri/opit_1 on IOLHR_16_1200.
Placed fixed group with base inst pixclk_in_ibuf/opit_1 on IOLHR_16_1080.
Placed fixed group with base inst r_in_ibuf[0]/opit_1 on IOLHR_16_1164.
Placed fixed group with base inst r_in_ibuf[1]/opit_1 on IOLHR_16_1134.
Placed fixed group with base inst r_in_ibuf[2]/opit_1 on IOLHR_16_1140.
Placed fixed group with base inst r_in_ibuf[3]/opit_1 on IOLHR_16_1110.
Placed fixed group with base inst r_in_ibuf[4]/opit_1 on IOLHR_16_1116.
Placed fixed group with base inst r_in_ibuf[5]/opit_1 on IOLHR_16_1086.
Placed fixed group with base inst r_in_ibuf[6]/opit_1 on IOLHR_16_1092.
Placed fixed group with base inst r_in_ibuf[7]/opit_1 on IOLHR_16_1056.
Placed fixed group with base inst rgb2tmds/clockserializer/OutputBuffer/opit_2 on IOLHR_16_756.
Placed fixed group with base inst rgb2tmds/encoder[0].dataserializer/OutputBuffer/opit_2 on IOLHR_16_684.
Placed fixed group with base inst rgb2tmds/encoder[1].dataserializer/OutputBuffer/opit_2 on IOLHR_16_708.
Placed fixed group with base inst rgb2tmds/encoder[2].dataserializer/OutputBuffer/opit_2 on IOLHR_16_732.
Placed fixed group with base inst rst_n_ibuf/opit_1 on IOLHR_16_1296.
Placed fixed group with base inst rstn_out_obuf/opit_1 on IOLHR_16_942.
Placed fixed group with base inst sys_clk_ibuf/opit_1 on IOLHR_16_1386.
Placed fixed group with base inst vs_in_ibuf/opit_1 on IOLHR_16_1176.
Placed fixed instance GRS_INST/grs_ccs on CCS_75_622.
Placed fixed instance clkbufg_0/gopclkbufg on USCM_383_930.
Placed fixed instance clkbufg_1/gopclkbufg on USCM_383_933.
Placed fixed instance clkbufg_2/gopclkbufg on USCM_383_936.
Placed fixed instance clkbufg_3/gopclkbufg on USCM_383_939.
Placed fixed instance u_ms72/u_gpll/gpll_inst on GPLL_7_1381.
Placed fixed instance u_pll/u_gpll/gpll_inst on GPLL_7_1075.
Placed fixed instance BKCL_auto_0 on BKCL_1_1258.
Placed fixed instance BKCL_auto_1 on BKCL_1_952.
Placed fixed instance BKCL_auto_2 on BKCL_1_646.
Fixed placement takes 3.50 sec.

Phase 2.2 Process placement started.
Process placement takes 0.00 sec.

Phase 2.3 IO placement started.
IO placement takes 0.11 sec.

PBM start.
Total cost after SA planning is 578688.756383.
SA total time: 4526 msec
PBM of GP end, takes 1.69 sec.
Phase 2.4 2nd GP placement started.
Run super clustering :
	Initial slack -13789.
	6 iterations finished.
	Final slack -6703.
Super clustering done.
Design Utilization : 28%.
I: GP end with result: density(0.032355)
Worst slack after global placement is 289
2nd GP placement takes 14.67 sec.

Wirelength after global placement is 583269 and checksum is F7307E380635161B.
Global placement takes 20.02 sec.

Phase 3 Post global placement started.
Phase 3.1 Macro cell placement started.
I: Process macros using "Global".
Wirelength after macro cell placement is 803883, detour is 38 and checksum is 2B77C698C3241F92.
Macro cell placement takes 23.73 sec.

PBM start.
PBM of PostGP end, takes 0.00 sec.
Phase 3.2 3rd GP placement started.
Design Utilization : 28%.
I: GP end with result: density(0.000222)
Worst slack after post global placement is 405
3rd GP placement takes 4.53 sec.

Wirelength after post global placement is 700730, detour is 16 and checksum is D2E5C883A77AFF20.
Packing LUT6D started.
I: LUT6D pack result: There are 3323 LUT6 in collection, pack success:203
Packing LUT6D takes 0.55 sec.
Post global placement takes 28.83 sec.

Phase 4 Legalization started.
The average distance in LP is 0.322962.
Wirelength after legalization is 757394, detour is 14 and checksum is 3EA86A441FA7290A.
Legalization takes 0.67 sec.

Phase 5 Timing-driven detailed placement started.
Phase 5.1 Replication placement started.
Worst slack before Replication Place is -469.
Replication placement takes 2.83 sec.

Wirelength after replication placement is 757705, detour is 14 and checksum is F69691560E251157.
Phase 5.2 Swapping placement started.
Worst slack before detailed placement is -469, TNS before detailed placement is -10392. 
Cost at Swap iteration 0 : -469, wslk -469, tns -9028, takes 0.25 sec.
    wire length at Swap iteration 0 : last 762010.00, curr 762032.00, change rate 0.00%
Cost at DP iteration 0 : -469, wslk -35, tns -145, takes 0.25 sec.
    wire length at DP iteration 0 : last 762032.00, curr 766296.00, change rate 0.56%
Cost at Swap iteration 1 : -35, wslk -35, tns -145, takes 0.06 sec.
    wire length at Swap iteration 1 : last 766296.00, curr 766322.00, change rate 0.00%
Cost at Swap iteration 2 : -35, wslk -35, tns -145, takes 0.05 sec.
    wire length at Swap iteration 2 : last 766322.00, curr 766326.00, change rate 0.00%
Cost at DP iteration 2 : -35, wslk -35, tns -145, takes 0.05 sec.
    wire length at DP iteration 2 : last 766326.00, curr 766368.00, change rate 0.01%
Cost at Swap iteration 3 : -35, wslk -35, tns -145, takes 0.11 sec.
    wire length at Swap iteration 3 : last 766368.00, curr 766370.00, change rate 0.00%
Worst slack after detailed placement is -35, TNS after detailed placement is -145. 
Swapping placement takes 1.33 sec.

I: Place-6001: Add the new FF instances CLMA_399_546(/FFAPP1/FF) CLMA_441_534(/FF2/FF) CLMA_465_570(/FF1/FF) replicated by the FF instance CLMA_417_570(/FF0/FF) .
Origin u_box_overlay_sync/video_de_out/opit_0_inv replicates:
    CLMA_399_546(/FFAPP1/FF)  : u_box_overlay_sync/video_de_out/opit_0_inv_1(gopQ)
    CLMA_441_534(/FF2/FF)  : u_box_overlay_sync/video_de_out/opit_0_inv_2(gopQ)
    CLMA_465_570(/FF1/FF)  : u_box_overlay_sync/video_de_out/opit_0_inv_3(gopQ)
I: Place-6001: Add the new LUT instances CLMA_387_607(/devDL6) replicated by the LUT instance CLMS_393_607(/devCL6_S).
Origin u_char_overlay/N19615_77/LUT6_inst replicates:
    CLMA_387_607(/devDL6) : u_char_overlay/N19615_77/LUT6_inst_1(gopLUT6)
I: Place-6001: Add the new FF instances CLMA_345_582(/FF0/FF) replicated by the FF instance CLMA_441_576(/FF0/FF) .
Origin u_char_overlay/c_x[60][0]/opit_0 replicates:
    CLMA_345_582(/FF0/FF)  : u_char_overlay/c_x[60][0]/opit_1(gopQ)
I: Place-6001: Add the new FF instances CLMA_471_534(/FFAPP1/FF) replicated by the FF instance CLMS_423_439(/FFAPP3/FF) .
Origin rst_n_app_video/opit_0_inv_L6Q_LUT6DL5Q replicates:
    CLMA_471_534(/FFAPP1/FF)  : rst_n_app_video/opit_0_inv_L6Q_LUT6DL5Q_1(gopLUT6L5Q)
I: Place-6001: Add the new LUT instances CLMS_363_463(/devDL6L5Q_S) CLMA_363_474(/devAL6L5Q) replicated by the LUT instance CLMA_423_438(/devCL6L5Q).
Origin u_crop_buffer_manager/N991_3/LUT6D_inst replicates:
    CLMS_363_463(/devDL6L5Q_S) : u_crop_buffer_manager/N991_3/LUT6D_inst_1(gopLUT6L5)
    CLMA_363_474(/devAL6L5Q) : u_crop_buffer_manager/N991_3/LUT6D_inst_2(gopLUT6L5)
I: Place-6001: Add the new LUT instances CLMA_429_625(/devAL6) replicated by the LUT instance CLMA_429_625(/devCL6).
Origin u_char_overlay/N19615_90/LUT6_inst replicates:
    CLMA_429_625(/devAL6) : u_char_overlay/N19615_90/LUT6_inst_1(gopLUT6)
I: Place-6001: Add the new LUT instances CLMA_429_576(/devAL6) replicated by the LUT instance CLMA_393_600(/devBL6).
Origin u_char_overlay/N19615_74/gateop replicates:
    CLMA_429_576(/devAL6) : u_char_overlay/N19615_74/gateop_1(gopLUT6)
I: Place-6001: Add the new LUT instances CLMA_447_624(/devDL6L5Q) replicated by the LUT instance CLMS_405_619(/devBL6L5Q_S).
Origin u_char_overlay/N19680_6/gateop_LUT6DL5 replicates:
    CLMA_447_624(/devDL6L5Q) : u_char_overlay/N19680_6/gateop_LUT6DL5_1(gopLUT6L5)
I: Place-6001: Add the new LUT instances CLMA_429_613(/devDL6) replicated by the LUT instance CLMA_405_618(/devAL6).
Origin u_char_overlay/N19615_219_cpy/LUT6_inst replicates:
    CLMA_429_613(/devDL6) : u_char_overlay/N19615_219_cpy/LUT6_inst_1(gopLUT6)
I: Place-6001: Add the new LUT instances CLMA_387_600(/devCL6) replicated by the LUT instance CLMA_399_600(/devAL6).
Origin u_char_overlay/N19615_78/LUT6_inst replicates:
    CLMA_387_600(/devCL6) : u_char_overlay/N19615_78/LUT6_inst_1(gopLUT6)
Wirelength after detailed placement is 762122, detour is 14 and checksum is 3D1B19189E46E6A1.
Timing-driven detailed placement takes 4.19 sec.

I: Replicate Registers:ms72xx_ctl/iic_dri/scl_out/opit_0_inv_1 
I: Replicate Registers:u_lprnet_top/u_post_process/frame_start_out/opit_0_inv_1 
I: Replicate Registers:ms72xx_ctl/iic_dri/sda_out/opit_1 
Worst slack is -2660, TNS after placement is -80516.
Placement done.
Total placement takes 66.20 sec.
Finished placement.

Routing started.
Build routing arch for double attribute device.
Enter timing driven router mode.
Route thread size: 5
Building routing graph takes 9.11 sec.
Init coarse delay table.
Read place coarse delay table takes 0.47 sec.
Build SRB system takes 0.70 sec.
Setup STE netlist take 7150 msec.
Dispose control chain take 835 msec.
Collect const net info take 583 msec.
Worst slack is -2660, TNS before route is -80516.
Total nets for routing: 70369.
Total loads for routing: 234288.
Direct connect net size: 10803
Build all design net take 3075 msec.
Processing design graph takes 11.66 sec.
Delay table total memory: 72.78639603 MB
Route graph total memory: 340.01988697 MB
Route design total memory: 72.36138916 MB
Global routing takes 0.00 sec.
Total 70367 subnets.
Unrouted clock nets at iteration 0 (0.263 sec): 7
Unrouted clock nets at iteration 1 (0.181 sec): 2
Unrouted clock nets at iteration 2 (0.032 sec): 0
Total route nets size: 70358
Pre route takes 19.657 sec
Unrouted general nets at iteration 4 (MT total route time: 4.274 sec): 44217(overused: 185482)
Unrouted general nets at iteration 5 (MT total route time: 3.615 sec): 34366(overused: 124021)
Unrouted general nets at iteration 6 (MT total route time: 3.092 sec): 26273(overused: 81834)
Unrouted general nets at iteration 7 (MT total route time: 2.633 sec): 19604(overused: 56538)
Unrouted general nets at iteration 8 (MT total route time: 2.172 sec): 15243(overused: 41656)
Unrouted general nets at iteration 9 (MT total route time: 1.859 sec): 11016(overused: 32297)
Unrouted general nets at iteration 10 (MT total route time: 1.729 sec): 8414(overused: 24084)
Unrouted general nets at iteration 11 (MT total route time: 1.460 sec): 6481(overused: 18403)
Unrouted general nets at iteration 12 (MT total route time: 1.375 sec): 5110(overused: 14679)
Unrouted general nets at iteration 13 (MT total route time: 1.306 sec): 4318(overused: 11977)
Unrouted general nets at iteration 14 (MT total route time: 1.172 sec): 3587(overused: 10090)
Unrouted general nets at iteration 15 (MT total route time: 1.066 sec): 3317(overused: 9793)
Unrouted general nets at iteration 16 (MT total route time: 1.102 sec): 3152(overused: 9185)
Unrouted general nets at iteration 17 (MT total route time: 1.177 sec): 2929(overused: 8684)
Unrouted general nets at iteration 18 (MT total route time: 1.040 sec): 2639(overused: 7587)
Unrouted general nets at iteration 19 (MT total route time: 0.936 sec): 2255(overused: 6476)
Unrouted general nets at iteration 20 (MT total route time: 0.940 sec): 2173(overused: 6134)
Unrouted general nets at iteration 21 (MT total route time: 0.934 sec): 2030(overused: 5763)
Unrouted general nets at iteration 22 (MT total route time: 0.840 sec): 1751(overused: 4640)
Unrouted general nets at iteration 23 (MT total route time: 0.670 sec): 1444(overused: 3764)
Unrouted general nets at iteration 24 (MT total route time: 0.612 sec): 1293(overused: 3270)
Unrouted general nets at iteration 25 (MT total route time: 0.569 sec): 1240(overused: 3113)
Unrouted general nets at iteration 26 (MT total route time: 0.574 sec): 1155(overused: 2791)
Unrouted general nets at iteration 27 (MT total route time: 0.525 sec): 1030(overused: 2294)
Unrouted general nets at iteration 28 (MT total route time: 0.419 sec): 853(overused: 1884)
Unrouted general nets at iteration 29 (MT total route time: 0.395 sec): 797(overused: 1700)
Unrouted general nets at iteration 30 (MT total route time: 0.365 sec): 740(overused: 1623)
Unrouted general nets at iteration 31 (MT total route time: 0.383 sec): 701(overused: 1509)
Unrouted general nets at iteration 32 (MT total route time: 0.385 sec): 595(overused: 1255)
Unrouted general nets at iteration 33 (MT total route time: 0.298 sec): 432(overused: 874)
Unrouted general nets at iteration 34 (MT total route time: 0.247 sec): 345(overused: 655)
Unrouted general nets at iteration 35 (MT total route time: 0.219 sec): 297(overused: 541)
Unrouted general nets at iteration 36 (MT total route time: 0.248 sec): 317(overused: 643)
Unrouted general nets at iteration 37 (MT total route time: 0.224 sec): 311(overused: 602)
Unrouted general nets at iteration 38 (MT total route time: 0.221 sec): 229(overused: 388)
Unrouted general nets at iteration 39 (MT total route time: 0.200 sec): 205(overused: 379)
Unrouted general nets at iteration 40 (MT total route time: 0.216 sec): 227(overused: 449)
Unrouted general nets at iteration 41 (MT total route time: 0.188 sec): 172(overused: 307)
Unrouted general nets at iteration 42 (MT total route time: 0.171 sec): 167(overused: 276)
Unrouted general nets at iteration 43 (MT total route time: 0.175 sec): 121(overused: 188)
Unrouted general nets at iteration 44 (MT total route time: 0.166 sec): 116(overused: 204)
Unrouted general nets at iteration 45 (MT total route time: 0.187 sec): 125(overused: 226)
Unrouted general nets at iteration 46 (MT total route time: 0.185 sec): 129(overused: 212)
Unrouted general nets at iteration 47 (MT total route time: 0.184 sec): 149(overused: 298)
Unrouted general nets at iteration 48 (MT total route time: 0.209 sec): 197(overused: 446)
Unrouted general nets at iteration 49 (MT total route time: 0.207 sec): 163(overused: 282)
Unrouted general nets at iteration 50 (MT total route time: 0.189 sec): 147(overused: 265)
Unrouted general nets at iteration 51 (MT total route time: 0.181 sec): 159(overused: 272)
Unrouted general nets at iteration 52 (MT total route time: 0.172 sec): 149(overused: 268)
Unrouted general nets at iteration 53 (MT total route time: 0.165 sec): 116(overused: 168)
Unrouted general nets at iteration 54 (MT total route time: 0.150 sec): 89(overused: 142)
Unrouted general nets at iteration 55 (MT total route time: 0.151 sec): 92(overused: 148)
Unrouted general nets at iteration 56 (MT total route time: 0.148 sec): 88(overused: 167)
Unrouted general nets at iteration 57 (MT total route time: 0.149 sec): 99(overused: 165)
Unrouted general nets at iteration 58 (MT total route time: 0.159 sec): 115(overused: 194)
Unrouted general nets at iteration 59 (MT total route time: 0.148 sec): 102(overused: 174)
Unrouted general nets at iteration 60 (MT total route time: 0.152 sec): 71(overused: 121)
Unrouted general nets at iteration 61 (MT total route time: 0.153 sec): 68(overused: 124)
Unrouted general nets at iteration 62 (MT total route time: 0.154 sec): 62(overused: 92)
Unrouted general nets at iteration 63 (MT total route time: 0.135 sec): 49(overused: 82)
Unrouted general nets at iteration 64 (MT total route time: 0.138 sec): 47(overused: 76)
Unrouted general nets at iteration 65 (MT total route time: 0.133 sec): 43(overused: 72)
Unrouted general nets at iteration 66 (MT total route time: 0.147 sec): 27(overused: 46)
Unrouted general nets at iteration 67 (MT total route time: 0.140 sec): 23(overused: 38)
Unrouted general nets at iteration 68 (MT total route time: 0.133 sec): 15(overused: 28)
Unrouted general nets at iteration 69 (MT total route time: 0.126 sec): 10(overused: 28)
Unrouted general nets at iteration 70 (MT total route time: 0.128 sec): 5(overused: 6)
Unrouted general nets at iteration 71 (MT total route time: 0.139 sec): 6(overused: 10)
Unrouted general nets at iteration 72 (MT total route time: 0.134 sec): 4(overused: 6)
Unrouted general nets at iteration 73 (MT total route time: 0.138 sec): 0(overused: 0)
----General net take 0.175 sec(route net take 0.080 sec, inc cost take 0.095 sec, iter times: 1)
----const net route take 0.901 sec
Unrouted nets at iteration 74 (1.087 sec): 0
Detailed routing takes 102.33 sec.
Fix violation Finished.
No hold violation.
Hold Violation Fix in router takes 19.90 sec.
Sort Original Nets take 0.105 sec
Build solution node for device pins which were mapped to more than one design pin take 1.290 sec
Total net: 70369, route succeed net: 70369
Generate routing result take 0.109 sec
Handle PERMUX permutation take 1.480 sec
Handle const net take 0.210 sec
Handle route through take 0.039 sec
Handle loads' routing node take 0.339 sec
Used SRB routing arc is 522907.
Finish routing takes 4.53 sec.
Total routing takes 168.63 sec.


Device Utilization Summary :
+-------------------------------------------------------------------------------------+
| Logic Utilization                 | Used      | Available     | Utilization(%)     
+-------------------------------------------------------------------------------------+
| Use of ADC                        | 0         | 1             | 0                  
| Use of ANALOG                     | 0         | 1             | 0                  
| Use of APM                        | 448       | 740           | 61                 
| Use of BKCL                       | 3         | 10            | 30                 
| Use of CCS                        | 1         | 1             | 100                
| Use of CLMA                       | 12414     | 30075         | 42                 
|   FF                              | 58213     | 240600        | 25                 
|   LUT                             | 21854     | 120300        | 19                 
|   LUT-FF pairs                    | 8439      | 120300        | 8                  
| Use of CLMS                       | 3776      | 9875          | 39                 
|   FF                              | 19896     | 79000         | 26                 
|   LUT                             | 6662      | 39500         | 17                 
|   LUT-FF pairs                    | 3281      | 39500         | 9                  
|   Distributed RAM                 | 949       | 39500         | 3                  
| Use of DDRPHY_CPD                 | 0         | 20            | 0                  
| Use of DDRPHY_IOCLK_DIV           | 0         | 10            | 0                  
| Use of DDR_PHY                    | 0         | 40            | 0                  
| Use of DRM                        | 215       | 415           | 52                 
| Use of GCLK_INBUF_SYN             | 0         | 40            | 0                  
| Use of GPLL                       | 2         | 10            | 20                 
| Use of GSEB                       | 0         | 512           | 0                  
| Use of HARD0                      | 3866      | 25050         | 16                 
| Use of HCKB                       | 21        | 120           | 18                 
|  HCKB dataused                    | 0         | 120           | 0                  
| Use of HCKMUX_TEST                | 0         | 10            | 0                  
| Use of HSSTLP                     | 0         | 2             | 0                  
| Use of IO                         | 42        | 400           | 11                 
|   IOBD                            | 22        | 192           | 12                 
|   IOBS                            | 20        | 208           | 10                 
| Use of IOCKB                      | 0         | 40            | 0                  
| Use of IOCKMUX_TEST               | 0         | 10            | 0                  
| Use of IOLHR                      | 42        | 500           | 9                  
| Use of KEYRAM                     | 0         | 1             | 0                  
| Use of MFG_TEST                   | 0         | 1             | 0                  
| Use of MRCKB                      | 0         | 20            | 0                  
| Use of MRCKMUX_TEST               | 0         | 10            | 0                  
| Use of MRPOSTMUX_TEST             | 0         | 10            | 0                  
| Use of PCIE                       | 0         | 1             | 0                  
| Use of PCKMUX_TEST                | 0         | 20            | 0                  
| Use of PLLMRMUX_TEST              | 0         | 10            | 0                  
| Use of PLLREFMUX_TEST             | 0         | 10            | 0                  
| Use of POSTGMUXLR_TEST            | 0         | 4             | 0                  
| Use of PPLL                       | 0         | 10            | 0                  
| Use of PREGMUXC_TEST              | 0         | 3             | 0                  
| Use of PREGMUXC_X16_200H_TEST     | 0         | 4             | 0                  
| Use of PREGMUXLR_TEST             | 0         | 10            | 0                  
| Use of RCKB                       | 0         | 40            | 0                  
|  RCKB dataused                    | 0         | 40            | 0                  
| Use of RCKMUX_TEST                | 0         | 10            | 0                  
| Use of SCANCHAIN                  | 0         | 1             | 0                  
| Use of SCKMUX_TEST                | 0         | 20            | 0                  
| Use of SFB                        | 0         | 5075          | 0                  
| Use of SPAD                       | 0         | 8             | 0                  
| Use of TSERDES                    | 0         | 80            | 0                  
| Use of USCM                       | 4         | 32            | 13                 
|  USCM dataused                    | 0         | 32            | 0                  
| Use of USCMMUX_TEST               | 0         | 32            | 0                  
+-------------------------------------------------------------------------------------+

Finished routing.
Design 'hdmi_loop' has been placed and routed successfully.
Saving design to DB.
Finished placement and routing.
Action pnr: Real time elapsed is 0h:8m:23s
Action pnr: CPU time elapsed is 0h:2m:33s
Action pnr: Process CPU time elapsed is 0h:3m:44s
Current time: Sat Apr 25 15:26:28 2026
Action pnr: Peak memory pool usage is 4,511 MB
