#Build: Fabric Compiler 2022.2-SP6.4, Build 146967, Jan 31 01:39 2024
#Install: C:\pango\PDS_2022.2-SP6.4\bin
#Application name: pds_shell.exe
#OS: Windows 10 10.0.22631
#Hostname: DESKTOP-VB8TKRO
Generated by Fabric Compiler (version 2022.2-SP6.4 build 146967) at Sat Apr 25 15:34:39 2026
Compiling verification operator library.
Compiling common defs.
Compiling prim grid devices.
Compiling gate devices.
Compiling gate operators.
Building architecture model.
Loading device packaging model.
pnr strategy configuration : 
strategy name : 0
Building architecture floorplan logic view.
Constraint check start.
Executing : def_port {hd_sda} LOC=J14 VCCIO=3.3 IOSTANDARD=LVCMOS33 DRIVE=8 SLEW=SLOW NONE=TRUE
C: ConstraintEditor-2002: [C:/Users/Datou21/Desktop/PDS/back1/cnn_usb_copy/prj_pds/device_map/hdmi_loop.pcf(line number: 3)] | Port hd_sda has been placed at location J14, whose type is share pin.
Executing : def_port {hd_sda} LOC=J14 VCCIO=3.3 IOSTANDARD=LVCMOS33 DRIVE=8 SLEW=SLOW NONE=TRUE successfully
Executing : def_port {hd_scl} LOC=J15 VCCIO=3.3 IOSTANDARD=LVCMOS33 DRIVE=8 SLEW=SLOW NONE=TRUE
C: ConstraintEditor-2002: [C:/Users/Datou21/Desktop/PDS/back1/cnn_usb_copy/prj_pds/device_map/hdmi_loop.pcf(line number: 4)] | Port hd_scl has been placed at location J15, whose type is share pin.
Executing : def_port {hd_scl} LOC=J15 VCCIO=3.3 IOSTANDARD=LVCMOS33 DRIVE=8 SLEW=SLOW NONE=TRUE successfully
Executing : def_port {led_int} LOC=A20 VCCIO=3.3 IOSTANDARD=LVCMOS33 DRIVE=8 SLEW=SLOW NONE=TRUE
Executing : def_port {led_int} LOC=A20 VCCIO=3.3 IOSTANDARD=LVCMOS33 DRIVE=8 SLEW=SLOW NONE=TRUE successfully
Executing : def_port {rstn_out} LOC=G25 VCCIO=3.3 IOSTANDARD=LVCMOS33 DRIVE=8 SLEW=SLOW NONE=TRUE
C: ConstraintEditor-2002: [C:/Users/Datou21/Desktop/PDS/back1/cnn_usb_copy/prj_pds/device_map/hdmi_loop.pcf(line number: 6)] | Port rstn_out has been placed at location G25, whose type is share pin.
Executing : def_port {rstn_out} LOC=G25 VCCIO=3.3 IOSTANDARD=LVCMOS33 DRIVE=8 SLEW=SLOW NONE=TRUE successfully
Executing : def_port {tmds_clk_n} LOC=N22 VCCIO=2.5 IOSTANDARD=LVDS25 DRIVE=3.5 NONE=TRUE
Executing : def_port {tmds_clk_n} LOC=N22 VCCIO=2.5 IOSTANDARD=LVDS25 DRIVE=3.5 NONE=TRUE successfully
Executing : def_port {tmds_clk_p} LOC=N21 VCCIO=2.5 IOSTANDARD=LVDS25 DRIVE=3.5 NONE=TRUE
Executing : def_port {tmds_clk_p} LOC=N21 VCCIO=2.5 IOSTANDARD=LVDS25 DRIVE=3.5 NONE=TRUE successfully
Executing : def_port {tmds_data_n[0]} LOC=P25 VCCIO=2.5 IOSTANDARD=LVDS25 DRIVE=3.5 NONE=TRUE
C: ConstraintEditor-2002: [C:/Users/Datou21/Desktop/PDS/back1/cnn_usb_copy/prj_pds/device_map/hdmi_loop.pcf(line number: 9)] | Port tmds_data_n[0] has been placed at location P25, whose type is share pin.
Executing : def_port {tmds_data_n[0]} LOC=P25 VCCIO=2.5 IOSTANDARD=LVDS25 DRIVE=3.5 NONE=TRUE successfully
Executing : def_port {tmds_data_n[1]} LOC=P24 VCCIO=2.5 IOSTANDARD=LVDS25 DRIVE=3.5 NONE=TRUE
C: ConstraintEditor-2002: [C:/Users/Datou21/Desktop/PDS/back1/cnn_usb_copy/prj_pds/device_map/hdmi_loop.pcf(line number: 10)] | Port tmds_data_n[1] has been placed at location P24, whose type is share pin.
Executing : def_port {tmds_data_n[1]} LOC=P24 VCCIO=2.5 IOSTANDARD=LVDS25 DRIVE=3.5 NONE=TRUE successfully
Executing : def_port {tmds_data_n[2]} LOC=N24 VCCIO=2.5 IOSTANDARD=LVDS25 DRIVE=3.5 NONE=TRUE
C: ConstraintEditor-2002: [C:/Users/Datou21/Desktop/PDS/back1/cnn_usb_copy/prj_pds/device_map/hdmi_loop.pcf(line number: 11)] | Port tmds_data_n[2] has been placed at location N24, whose type is share pin.
Executing : def_port {tmds_data_n[2]} LOC=N24 VCCIO=2.5 IOSTANDARD=LVDS25 DRIVE=3.5 NONE=TRUE successfully
Executing : def_port {tmds_data_p[0]} LOC=R25 VCCIO=2.5 IOSTANDARD=LVDS25 DRIVE=3.5 NONE=TRUE
C: ConstraintEditor-2002: [C:/Users/Datou21/Desktop/PDS/back1/cnn_usb_copy/prj_pds/device_map/hdmi_loop.pcf(line number: 12)] | Port tmds_data_p[0] has been placed at location R25, whose type is share pin.
Executing : def_port {tmds_data_p[0]} LOC=R25 VCCIO=2.5 IOSTANDARD=LVDS25 DRIVE=3.5 NONE=TRUE successfully
Executing : def_port {tmds_data_p[1]} LOC=P23 VCCIO=2.5 IOSTANDARD=LVDS25 DRIVE=3.5 NONE=TRUE
C: ConstraintEditor-2002: [C:/Users/Datou21/Desktop/PDS/back1/cnn_usb_copy/prj_pds/device_map/hdmi_loop.pcf(line number: 13)] | Port tmds_data_p[1] has been placed at location P23, whose type is share pin.
Executing : def_port {tmds_data_p[1]} LOC=P23 VCCIO=2.5 IOSTANDARD=LVDS25 DRIVE=3.5 NONE=TRUE successfully
Executing : def_port {tmds_data_p[2]} LOC=N23 VCCIO=2.5 IOSTANDARD=LVDS25 DRIVE=3.5 NONE=TRUE
C: ConstraintEditor-2002: [C:/Users/Datou21/Desktop/PDS/back1/cnn_usb_copy/prj_pds/device_map/hdmi_loop.pcf(line number: 14)] | Port tmds_data_p[2] has been placed at location N23, whose type is share pin.
Executing : def_port {tmds_data_p[2]} LOC=N23 VCCIO=2.5 IOSTANDARD=LVDS25 DRIVE=3.5 NONE=TRUE successfully
Executing : def_port {b_in[0]} LOC=L18 VCCIO=3.3 IOSTANDARD=LVCMOS33 NONE=TRUE
C: ConstraintEditor-2002: [C:/Users/Datou21/Desktop/PDS/back1/cnn_usb_copy/prj_pds/device_map/hdmi_loop.pcf(line number: 15)] | Port b_in[0] has been placed at location L18, whose type is share pin.
Executing : def_port {b_in[0]} LOC=L18 VCCIO=3.3 IOSTANDARD=LVCMOS33 NONE=TRUE successfully
Executing : def_port {b_in[1]} LOC=L17 VCCIO=3.3 IOSTANDARD=LVCMOS33 NONE=TRUE
C: ConstraintEditor-2002: [C:/Users/Datou21/Desktop/PDS/back1/cnn_usb_copy/prj_pds/device_map/hdmi_loop.pcf(line number: 16)] | Port b_in[1] has been placed at location L17, whose type is share pin.
Executing : def_port {b_in[1]} LOC=L17 VCCIO=3.3 IOSTANDARD=LVCMOS33 NONE=TRUE successfully
Executing : def_port {b_in[2]} LOC=H18 VCCIO=3.3 IOSTANDARD=LVCMOS33 NONE=TRUE
C: ConstraintEditor-2002: [C:/Users/Datou21/Desktop/PDS/back1/cnn_usb_copy/prj_pds/device_map/hdmi_loop.pcf(line number: 17)] | Port b_in[2] has been placed at location H18, whose type is share pin.
Executing : def_port {b_in[2]} LOC=H18 VCCIO=3.3 IOSTANDARD=LVCMOS33 NONE=TRUE successfully
Executing : def_port {b_in[3]} LOC=J18 VCCIO=3.3 IOSTANDARD=LVCMOS33 NONE=TRUE
C: ConstraintEditor-2002: [C:/Users/Datou21/Desktop/PDS/back1/cnn_usb_copy/prj_pds/device_map/hdmi_loop.pcf(line number: 18)] | Port b_in[3] has been placed at location J18, whose type is share pin.
Executing : def_port {b_in[3]} LOC=J18 VCCIO=3.3 IOSTANDARD=LVCMOS33 NONE=TRUE successfully
Executing : def_port {b_in[4]} LOC=J21 VCCIO=3.3 IOSTANDARD=LVCMOS33 NONE=TRUE
Executing : def_port {b_in[4]} LOC=J21 VCCIO=3.3 IOSTANDARD=LVCMOS33 NONE=TRUE successfully
Executing : def_port {b_in[5]} LOC=H23 VCCIO=3.3 IOSTANDARD=LVCMOS33 NONE=TRUE
Executing : def_port {b_in[5]} LOC=H23 VCCIO=3.3 IOSTANDARD=LVCMOS33 NONE=TRUE successfully
Executing : def_port {b_in[6]} LOC=J23 VCCIO=3.3 IOSTANDARD=LVCMOS33 NONE=TRUE
Executing : def_port {b_in[6]} LOC=J23 VCCIO=3.3 IOSTANDARD=LVCMOS33 NONE=TRUE successfully
Executing : def_port {b_in[7]} LOC=H24 VCCIO=3.3 IOSTANDARD=LVCMOS33 NONE=TRUE
C: ConstraintEditor-2002: [C:/Users/Datou21/Desktop/PDS/back1/cnn_usb_copy/prj_pds/device_map/hdmi_loop.pcf(line number: 22)] | Port b_in[7] has been placed at location H24, whose type is share pin.
Executing : def_port {b_in[7]} LOC=H24 VCCIO=3.3 IOSTANDARD=LVCMOS33 NONE=TRUE successfully
Executing : def_port {de_in} LOC=M16 VCCIO=3.3 IOSTANDARD=LVCMOS33 NONE=TRUE
Executing : def_port {de_in} LOC=M16 VCCIO=3.3 IOSTANDARD=LVCMOS33 NONE=TRUE successfully
Executing : def_port {g_in[0]} LOC=J24 VCCIO=3.3 IOSTANDARD=LVCMOS33 NONE=TRUE
C: ConstraintEditor-2002: [C:/Users/Datou21/Desktop/PDS/back1/cnn_usb_copy/prj_pds/device_map/hdmi_loop.pcf(line number: 24)] | Port g_in[0] has been placed at location J24, whose type is share pin.
Executing : def_port {g_in[0]} LOC=J24 VCCIO=3.3 IOSTANDARD=LVCMOS33 NONE=TRUE successfully
Executing : def_port {g_in[1]} LOC=K23 VCCIO=3.3 IOSTANDARD=LVCMOS33 NONE=TRUE
C: ConstraintEditor-2002: [C:/Users/Datou21/Desktop/PDS/back1/cnn_usb_copy/prj_pds/device_map/hdmi_loop.pcf(line number: 25)] | Port g_in[1] has been placed at location K23, whose type is share pin.
Executing : def_port {g_in[1]} LOC=K23 VCCIO=3.3 IOSTANDARD=LVCMOS33 NONE=TRUE successfully
Executing : def_port {g_in[2]} LOC=K22 VCCIO=3.3 IOSTANDARD=LVCMOS33 NONE=TRUE
C: ConstraintEditor-2002: [C:/Users/Datou21/Desktop/PDS/back1/cnn_usb_copy/prj_pds/device_map/hdmi_loop.pcf(line number: 26)] | Port g_in[2] has been placed at location K22, whose type is share pin.
Executing : def_port {g_in[2]} LOC=K22 VCCIO=3.3 IOSTANDARD=LVCMOS33 NONE=TRUE successfully
Executing : def_port {g_in[3]} LOC=J16 VCCIO=3.3 IOSTANDARD=LVCMOS33 NONE=TRUE
C: ConstraintEditor-2002: [C:/Users/Datou21/Desktop/PDS/back1/cnn_usb_copy/prj_pds/device_map/hdmi_loop.pcf(line number: 27)] | Port g_in[3] has been placed at location J16, whose type is share pin.
Executing : def_port {g_in[3]} LOC=J16 VCCIO=3.3 IOSTANDARD=LVCMOS33 NONE=TRUE successfully
Executing : def_port {g_in[4]} LOC=K15 VCCIO=3.3 IOSTANDARD=LVCMOS33 NONE=TRUE
C: ConstraintEditor-2002: [C:/Users/Datou21/Desktop/PDS/back1/cnn_usb_copy/prj_pds/device_map/hdmi_loop.pcf(line number: 28)] | Port g_in[4] has been placed at location K15, whose type is share pin.
Executing : def_port {g_in[4]} LOC=K15 VCCIO=3.3 IOSTANDARD=LVCMOS33 NONE=TRUE successfully
Executing : def_port {g_in[5]} LOC=K17 VCCIO=3.3 IOSTANDARD=LVCMOS33 NONE=TRUE
C: ConstraintEditor-2002: [C:/Users/Datou21/Desktop/PDS/back1/cnn_usb_copy/prj_pds/device_map/hdmi_loop.pcf(line number: 29)] | Port g_in[5] has been placed at location K17, whose type is share pin.
Executing : def_port {g_in[5]} LOC=K17 VCCIO=3.3 IOSTANDARD=LVCMOS33 NONE=TRUE successfully
Executing : def_port {g_in[6]} LOC=K16 VCCIO=3.3 IOSTANDARD=LVCMOS33 NONE=TRUE
C: ConstraintEditor-2002: [C:/Users/Datou21/Desktop/PDS/back1/cnn_usb_copy/prj_pds/device_map/hdmi_loop.pcf(line number: 30)] | Port g_in[6] has been placed at location K16, whose type is share pin.
Executing : def_port {g_in[6]} LOC=K16 VCCIO=3.3 IOSTANDARD=LVCMOS33 NONE=TRUE successfully
Executing : def_port {g_in[7]} LOC=L15 VCCIO=3.3 IOSTANDARD=LVCMOS33 NONE=TRUE
C: ConstraintEditor-2002: [C:/Users/Datou21/Desktop/PDS/back1/cnn_usb_copy/prj_pds/device_map/hdmi_loop.pcf(line number: 31)] | Port g_in[7] has been placed at location L15, whose type is share pin.
Executing : def_port {g_in[7]} LOC=L15 VCCIO=3.3 IOSTANDARD=LVCMOS33 NONE=TRUE successfully
Executing : def_port {hs_in} LOC=M17 VCCIO=3.3 IOSTANDARD=LVCMOS33 NONE=TRUE
Executing : def_port {hs_in} LOC=M17 VCCIO=3.3 IOSTANDARD=LVCMOS33 NONE=TRUE successfully
Executing : def_port {pixclk_in} LOC=K21 VCCIO=3.3 IOSTANDARD=LVCMOS33 NONE=TRUE
Executing : def_port {pixclk_in} LOC=K21 VCCIO=3.3 IOSTANDARD=LVCMOS33 NONE=TRUE successfully
Executing : def_port {r_in[0]} LOC=M15 VCCIO=3.3 IOSTANDARD=LVCMOS33 NONE=TRUE
C: ConstraintEditor-2002: [C:/Users/Datou21/Desktop/PDS/back1/cnn_usb_copy/prj_pds/device_map/hdmi_loop.pcf(line number: 34)] | Port r_in[0] has been placed at location M15, whose type is share pin.
Executing : def_port {r_in[0]} LOC=M15 VCCIO=3.3 IOSTANDARD=LVCMOS33 NONE=TRUE successfully
Executing : def_port {r_in[1]} LOC=H19 VCCIO=3.3 IOSTANDARD=LVCMOS33 NONE=TRUE
C: ConstraintEditor-2002: [C:/Users/Datou21/Desktop/PDS/back1/cnn_usb_copy/prj_pds/device_map/hdmi_loop.pcf(line number: 35)] | Port r_in[1] has been placed at location H19, whose type is share pin.
Executing : def_port {r_in[1]} LOC=H19 VCCIO=3.3 IOSTANDARD=LVCMOS33 NONE=TRUE successfully
Executing : def_port {r_in[2]} LOC=J19 VCCIO=3.3 IOSTANDARD=LVCMOS33 NONE=TRUE
C: ConstraintEditor-2002: [C:/Users/Datou21/Desktop/PDS/back1/cnn_usb_copy/prj_pds/device_map/hdmi_loop.pcf(line number: 36)] | Port r_in[2] has been placed at location J19, whose type is share pin.
Executing : def_port {r_in[2]} LOC=J19 VCCIO=3.3 IOSTANDARD=LVCMOS33 NONE=TRUE successfully
Executing : def_port {r_in[3]} LOC=J20 VCCIO=3.3 IOSTANDARD=LVCMOS33 NONE=TRUE
C: ConstraintEditor-2002: [C:/Users/Datou21/Desktop/PDS/back1/cnn_usb_copy/prj_pds/device_map/hdmi_loop.pcf(line number: 37)] | Port r_in[3] has been placed at location J20, whose type is share pin.
Executing : def_port {r_in[3]} LOC=J20 VCCIO=3.3 IOSTANDARD=LVCMOS33 NONE=TRUE successfully
Executing : def_port {r_in[4]} LOC=K20 VCCIO=3.3 IOSTANDARD=LVCMOS33 NONE=TRUE
C: ConstraintEditor-2002: [C:/Users/Datou21/Desktop/PDS/back1/cnn_usb_copy/prj_pds/device_map/hdmi_loop.pcf(line number: 38)] | Port r_in[4] has been placed at location K20, whose type is share pin.
Executing : def_port {r_in[4]} LOC=K20 VCCIO=3.3 IOSTANDARD=LVCMOS33 NONE=TRUE successfully
Executing : def_port {r_in[5]} LOC=G21 VCCIO=3.3 IOSTANDARD=LVCMOS33 NONE=TRUE
Executing : def_port {r_in[5]} LOC=G21 VCCIO=3.3 IOSTANDARD=LVCMOS33 NONE=TRUE successfully
Executing : def_port {r_in[6]} LOC=G20 VCCIO=3.3 IOSTANDARD=LVCMOS33 NONE=TRUE
Executing : def_port {r_in[6]} LOC=G20 VCCIO=3.3 IOSTANDARD=LVCMOS33 NONE=TRUE successfully
Executing : def_port {r_in[7]} LOC=H22 VCCIO=3.3 IOSTANDARD=LVCMOS33 NONE=TRUE
Executing : def_port {r_in[7]} LOC=H22 VCCIO=3.3 IOSTANDARD=LVCMOS33 NONE=TRUE successfully
Executing : def_port {rst_n} LOC=C22 VCCIO=3.3 IOSTANDARD=LVCMOS33 NONE=TRUE
Executing : def_port {rst_n} LOC=C22 VCCIO=3.3 IOSTANDARD=LVCMOS33 NONE=TRUE successfully
Executing : def_port {sys_clk} LOC=D18 VCCIO=3.3 IOSTANDARD=LVCMOS33 NONE=TRUE
Executing : def_port {sys_clk} LOC=D18 VCCIO=3.3 IOSTANDARD=LVCMOS33 NONE=TRUE successfully
Executing : def_port {vs_in} LOC=M14 VCCIO=3.3 IOSTANDARD=LVCMOS33 NONE=TRUE
Executing : def_port {vs_in} LOC=M14 VCCIO=3.3 IOSTANDARD=LVCMOS33 NONE=TRUE successfully
Constraint check end.
I: Column Clock Check open.
Read Column Clock Map.

Placement started.
Phase 1 Pre global placement started.
Mapping instance GRS_INST/grs_ccs to CCS_75_622.
Mapping instance u_ms72/u_gpll/gpll_inst to GPLL_7_1381.
Mapping instance u_pll/u_gpll/gpll_inst to GPLL_7_1075.
Phase 1.1 1st GP placement started.
Design Utilization : 28%.
Build SRB system takes 1.50 sec.
Wirelength after clock region global placement is 528905, detour is 470 and checksum is 6EF9BCA3B9655C0.
1st GP placement takes 5.22 sec.

Phase 1.2 Clock placement started.
Mapping instance clkbufg_0/gopclkbufg to USCM_383_930.
Mapping instance clkbufg_1/gopclkbufg to USCM_383_933.
Mapping instance clkbufg_2/gopclkbufg to USCM_383_936.
Mapping instance clkbufg_3/gopclkbufg to USCM_383_939.
Clock placement takes 0.41 sec.

Wirelength after Pre Global Placement is 528905, detour is 470 and checksum is 6EF9BCA3B9655C0.
Pre global placement takes 6.14 sec.

Phase 2 Global placement started.
Phase 2.1 Fixed placement started.
First map gop timing takes 4.22 sec
Init coarse delay table.
Read place coarse delay table takes 0.52 sec.
Placed fixed group with base inst b_in_ibuf[0]/opit_1 on IOLHR_16_1122.
Placed fixed group with base inst b_in_ibuf[1]/opit_1 on IOLHR_16_1128.
Placed fixed group with base inst b_in_ibuf[2]/opit_1 on IOLHR_16_1098.
Placed fixed group with base inst b_in_ibuf[3]/opit_1 on IOLHR_16_1104.
Placed fixed group with base inst b_in_ibuf[4]/opit_1 on IOLHR_16_1074.
Placed fixed group with base inst b_in_ibuf[5]/opit_1 on IOLHR_16_1044.
Placed fixed group with base inst b_in_ibuf[6]/opit_1 on IOLHR_16_1050.
Placed fixed group with base inst b_in_ibuf[7]/opit_1 on IOLHR_16_1020.
Placed fixed group with base inst de_in_ibuf/opit_1 on IOLHR_16_1152.
Placed fixed group with base inst g_in_ibuf[0]/opit_1 on IOLHR_16_1026.
Placed fixed group with base inst g_in_ibuf[1]/opit_1 on IOLHR_16_996.
Placed fixed group with base inst g_in_ibuf[2]/opit_1 on IOLHR_16_1002.
Placed fixed group with base inst g_in_ibuf[3]/opit_1 on IOLHR_16_1206.
Placed fixed group with base inst g_in_ibuf[4]/opit_1 on IOLHR_16_1212.
Placed fixed group with base inst g_in_ibuf[5]/opit_1 on IOLHR_16_1182.
Placed fixed group with base inst g_in_ibuf[6]/opit_1 on IOLHR_16_1188.
Placed fixed group with base inst g_in_ibuf[7]/opit_1 on IOLHR_16_1158.
Placed fixed group with base inst hd_scl_obuf/opit_1 on IOLHR_16_1194.
Placed fixed group with base inst hs_in_ibuf/opit_1 on IOLHR_16_1146.
Placed fixed group with base inst led_int_obuf/opit_1 on IOLHR_16_1338.
Placed fixed group with base inst ms72xx_ctl.iic_sda_tri/opit_1 on IOLHR_16_1200.
Placed fixed group with base inst pixclk_in_ibuf/opit_1 on IOLHR_16_1080.
Placed fixed group with base inst r_in_ibuf[0]/opit_1 on IOLHR_16_1164.
Placed fixed group with base inst r_in_ibuf[1]/opit_1 on IOLHR_16_1134.
Placed fixed group with base inst r_in_ibuf[2]/opit_1 on IOLHR_16_1140.
Placed fixed group with base inst r_in_ibuf[3]/opit_1 on IOLHR_16_1110.
Placed fixed group with base inst r_in_ibuf[4]/opit_1 on IOLHR_16_1116.
Placed fixed group with base inst r_in_ibuf[5]/opit_1 on IOLHR_16_1086.
Placed fixed group with base inst r_in_ibuf[6]/opit_1 on IOLHR_16_1092.
Placed fixed group with base inst r_in_ibuf[7]/opit_1 on IOLHR_16_1056.
Placed fixed group with base inst rgb2tmds/clockserializer/OutputBuffer/opit_2 on IOLHR_16_756.
Placed fixed group with base inst rgb2tmds/encoder[0].dataserializer/OutputBuffer/opit_2 on IOLHR_16_684.
Placed fixed group with base inst rgb2tmds/encoder[1].dataserializer/OutputBuffer/opit_2 on IOLHR_16_708.
Placed fixed group with base inst rgb2tmds/encoder[2].dataserializer/OutputBuffer/opit_2 on IOLHR_16_732.
Placed fixed group with base inst rst_n_ibuf/opit_1 on IOLHR_16_1296.
Placed fixed group with base inst rstn_out_obuf/opit_1 on IOLHR_16_942.
Placed fixed group with base inst sys_clk_ibuf/opit_1 on IOLHR_16_1386.
Placed fixed group with base inst vs_in_ibuf/opit_1 on IOLHR_16_1176.
Placed fixed instance GRS_INST/grs_ccs on CCS_75_622.
Placed fixed instance clkbufg_0/gopclkbufg on USCM_383_930.
Placed fixed instance clkbufg_1/gopclkbufg on USCM_383_933.
Placed fixed instance clkbufg_2/gopclkbufg on USCM_383_936.
Placed fixed instance clkbufg_3/gopclkbufg on USCM_383_939.
Placed fixed instance u_ms72/u_gpll/gpll_inst on GPLL_7_1381.
Placed fixed instance u_pll/u_gpll/gpll_inst on GPLL_7_1075.
Placed fixed instance BKCL_auto_0 on BKCL_1_1258.
Placed fixed instance BKCL_auto_1 on BKCL_1_952.
Placed fixed instance BKCL_auto_2 on BKCL_1_646.
Fixed placement takes 5.62 sec.

Phase 2.2 Process placement started.
Process placement takes 0.00 sec.

Phase 2.3 IO placement started.
IO placement takes 0.20 sec.

PBM start.
Total cost after SA planning is 646343.718787.
SA total time: 4527 msec
PBM of GP end, takes 1.91 sec.
Phase 2.4 2nd GP placement started.
Run super clustering :
	Initial slack -13746.
	10 iterations finished.
	Final slack -6501.
Super clustering done.
Design Utilization : 28%.
I: GP end with result: density(0.028646)
Worst slack after global placement is 197
2nd GP placement takes 19.52 sec.

Wirelength after global placement is 541838, detour is 538 and checksum is E90CC97CD23FF068.
Global placement takes 27.27 sec.

Phase 3 Post global placement started.
Phase 3.1 Macro cell placement started.
I: Process macros using "Global".
Wirelength after macro cell placement is 750886, detour is 516 and checksum is FB63372BAF692D12.
Macro cell placement takes 14.33 sec.

PBM start.
PBM of PostGP end, takes 0.00 sec.
Phase 3.2 3rd GP placement started.
Design Utilization : 28%.
I: GP end with result: density(0.000585)
Worst slack after post global placement is 588
3rd GP placement takes 3.28 sec.

Wirelength after post global placement is 649814, detour is 576 and checksum is 12E25C835DC84295.
Packing LUT6D started.
I: LUT6D pack result: There are 3369 LUT6 in collection, pack success:204
Packing LUT6D takes 0.45 sec.
Post global placement takes 18.09 sec.

Phase 4 Legalization started.
The average distance in LP is 0.325661.
Wirelength after legalization is 708791, detour is 582 and checksum is 64B481DB2844BEFC.
Legalization takes 0.55 sec.

Phase 5 Timing-driven detailed placement started.
Phase 5.1 Replication placement started.
Worst slack before Replication Place is -603.
Replication placement takes 1.34 sec.

Wirelength after replication placement is 708800, detour is 582 and checksum is 6CDC4E76B38A4ABE.
Phase 5.2 Swapping placement started.
Worst slack before detailed placement is -603, TNS before detailed placement is -13852. 
Cost at Swap iteration 0 : -603, wslk -603, tns -13561, takes 0.19 sec.
    wire length at Swap iteration 0 : last 711951.00, curr 712041.00, change rate 0.01%
Cost at DP iteration 0 : -603, wslk 34, tns 0, takes 0.17 sec.
    wire length at DP iteration 0 : last 712041.00, curr 714173.00, change rate 0.30%
Cost at Swap iteration 1 : 34, wslk 34, tns 0, takes 0.12 sec.
    wire length at Swap iteration 1 : last 714173.00, curr 714180.00, change rate 0.00%
Cost at Swap iteration 2 : 34, wslk 34, tns 0, takes 0.11 sec.
    wire length at Swap iteration 2 : last 714180.00, curr 714180.00, change rate 0.00%
Cost at DP iteration 2 : 34, wslk 234, tns 0, takes 0.09 sec.
    wire length at DP iteration 2 : last 714180.00, curr 714184.00, change rate 0.00%
Cost at Swap iteration 3 : 234, wslk 234, tns 0, takes 0.12 sec.
    wire length at Swap iteration 3 : last 714184.00, curr 714186.00, change rate 0.00%
Cost at Swap iteration 4 : 234, wslk 234, tns 0, takes 0.06 sec.
    wire length at Swap iteration 4 : last 714186.00, curr 714186.00, change rate 0.00%
Cost at DP iteration 4 : 234, wslk 248, tns 0, takes 0.03 sec.
    wire length at DP iteration 4 : last 714186.00, curr 714181.00, change rate -0.00%
Cost at Swap iteration 5 : 248, wslk 248, tns 0, takes 0.08 sec.
    wire length at Swap iteration 5 : last 714181.00, curr 714181.00, change rate 0.00%
Cost at Swap iteration 6 : 248, wslk 248, tns 0, takes 0.08 sec.
    wire length at Swap iteration 6 : last 714181.00, curr 714181.00, change rate 0.00%
Cost at DP iteration 6 : 248, wslk 248, tns 0, takes 0.03 sec.
    wire length at DP iteration 6 : last 714181.00, curr 714174.00, change rate -0.00%
Cost at Swap iteration 7 : 248, wslk 248, tns 0, takes 0.05 sec.
    wire length at Swap iteration 7 : last 714174.00, curr 714174.00, change rate 0.00%
Worst slack after detailed placement is 248, TNS after detailed placement is 0. 
Swapping placement takes 2.14 sec.

I: Place-6001: Add the new LUT instances CLMA_579_882(/devAL6L5Q) CLMA_567_888(/devAL6L5Q) replicated by the LUT instance CLMA_615_883(/devDL6L5Q).
Origin u_crop_buffer_manager/N991_3/LUT6D_inst replicates:
    CLMA_579_882(/devAL6L5Q) : u_crop_buffer_manager/N991_3/LUT6D_inst_1(gopLUT6L5)
    CLMA_567_888(/devAL6L5Q) : u_crop_buffer_manager/N991_3/LUT6D_inst_2(gopLUT6L5)
Wirelength after detailed placement is 711086, detour is 582 and checksum is 991B6361206A9334.
Timing-driven detailed placement takes 3.55 sec.

I: Replicate Registers:ms72xx_ctl/iic_dri/scl_out/opit_0_inv_1 
I: Replicate Registers:u_lprnet_top/u_post_process/frame_start_out/opit_0_inv_1 
I: Replicate Registers:ms72xx_ctl/iic_dri/sda_out/opit_1 
Worst slack is -519, TNS after placement is -16614.
Placement done.
Total placement takes 64.28 sec.
Finished placement.

Routing started.
Build routing arch for double attribute device.
Enter timing driven router mode.
Route thread size: 5
Building routing graph takes 10.21 sec.
Init coarse delay table.
Read place coarse delay table takes 0.73 sec.
Build SRB system takes 0.98 sec.
Setup STE netlist take 8521 msec.
Dispose control chain take 1016 msec.
Collect const net info take 738 msec.
Worst slack is -519, TNS before route is -16614.
Total nets for routing: 70356.
Total loads for routing: 235004.
Direct connect net size: 10625
Build all design net take 3971 msec.
Processing design graph takes 14.27 sec.
Delay table total memory: 72.78639603 MB
Route graph total memory: 340.06114292 MB
Route design total memory: 72.38175201 MB
Global routing takes 0.00 sec.
Total 70354 subnets.
Unrouted clock nets at iteration 0 (0.297 sec): 7
Unrouted clock nets at iteration 1 (0.186 sec): 4
Unrouted clock nets at iteration 2 (0.051 sec): 0
Total route nets size: 70345
Pre route takes 29.450 sec
Unrouted general nets at iteration 4 (MT total route time: 5.790 sec): 43998(overused: 180779)
Unrouted general nets at iteration 5 (MT total route time: 4.720 sec): 33780(overused: 120166)
Unrouted general nets at iteration 6 (MT total route time: 4.546 sec): 25439(overused: 78383)
Unrouted general nets at iteration 7 (MT total route time: 3.835 sec): 18706(overused: 52880)
Unrouted general nets at iteration 8 (MT total route time: 3.319 sec): 14470(overused: 38537)
Unrouted general nets at iteration 9 (MT total route time: 2.594 sec): 10323(overused: 29688)
Unrouted general nets at iteration 10 (MT total route time: 2.521 sec): 7715(overused: 22242)
Unrouted general nets at iteration 11 (MT total route time: 2.430 sec): 5822(overused: 16658)
Unrouted general nets at iteration 12 (MT total route time: 1.887 sec): 4489(overused: 12757)
Unrouted general nets at iteration 13 (MT total route time: 1.624 sec): 3642(overused: 10248)
Unrouted general nets at iteration 14 (MT total route time: 1.559 sec): 2907(overused: 8103)
Unrouted general nets at iteration 15 (MT total route time: 1.366 sec): 2489(overused: 7046)
Unrouted general nets at iteration 16 (MT total route time: 1.401 sec): 2236(overused: 6105)
Unrouted general nets at iteration 17 (MT total route time: 1.495 sec): 1948(overused: 5359)
Unrouted general nets at iteration 18 (MT total route time: 1.461 sec): 1718(overused: 4448)
Unrouted general nets at iteration 19 (MT total route time: 1.276 sec): 1557(overused: 3994)
Unrouted general nets at iteration 20 (MT total route time: 1.243 sec): 1426(overused: 3578)
Unrouted general nets at iteration 21 (MT total route time: 0.942 sec): 1206(overused: 2930)
Unrouted general nets at iteration 22 (MT total route time: 0.748 sec): 1027(overused: 2462)
Unrouted general nets at iteration 23 (MT total route time: 0.861 sec): 846(overused: 1906)
Unrouted general nets at iteration 24 (MT total route time: 0.760 sec): 852(overused: 1863)
Unrouted general nets at iteration 25 (MT total route time: 0.603 sec): 742(overused: 1660)
Unrouted general nets at iteration 26 (MT total route time: 0.658 sec): 742(overused: 1649)
Unrouted general nets at iteration 27 (MT total route time: 0.639 sec): 759(overused: 1753)
Unrouted general nets at iteration 28 (MT total route time: 0.742 sec): 721(overused: 1612)
Unrouted general nets at iteration 29 (MT total route time: 0.536 sec): 682(overused: 1460)
Unrouted general nets at iteration 30 (MT total route time: 0.617 sec): 590(overused: 1225)
Unrouted general nets at iteration 31 (MT total route time: 0.628 sec): 603(overused: 1331)
Unrouted general nets at iteration 32 (MT total route time: 0.572 sec): 553(overused: 1164)
Unrouted general nets at iteration 33 (MT total route time: 0.556 sec): 475(overused: 1000)
Unrouted general nets at iteration 34 (MT total route time: 0.493 sec): 531(overused: 1152)
Unrouted general nets at iteration 35 (MT total route time: 0.436 sec): 512(overused: 1081)
Unrouted general nets at iteration 36 (MT total route time: 0.431 sec): 462(overused: 985)
Unrouted general nets at iteration 37 (MT total route time: 0.442 sec): 420(overused: 940)
Unrouted general nets at iteration 38 (MT total route time: 0.412 sec): 412(overused: 884)
Unrouted general nets at iteration 39 (MT total route time: 0.403 sec): 404(overused: 832)
Unrouted general nets at iteration 40 (MT total route time: 0.388 sec): 374(overused: 762)
Unrouted general nets at iteration 41 (MT total route time: 0.345 sec): 325(overused: 634)
Unrouted general nets at iteration 42 (MT total route time: 0.319 sec): 255(overused: 532)
Unrouted general nets at iteration 43 (MT total route time: 0.291 sec): 259(overused: 499)
Unrouted general nets at iteration 44 (MT total route time: 0.277 sec): 243(overused: 456)
Unrouted general nets at iteration 45 (MT total route time: 0.262 sec): 202(overused: 371)
Unrouted general nets at iteration 46 (MT total route time: 0.258 sec): 190(overused: 330)
Unrouted general nets at iteration 47 (MT total route time: 0.250 sec): 152(overused: 246)
Unrouted general nets at iteration 48 (MT total route time: 0.235 sec): 114(overused: 191)
Unrouted general nets at iteration 49 (MT total route time: 0.238 sec): 121(overused: 196)
Unrouted general nets at iteration 50 (MT total route time: 0.237 sec): 110(overused: 174)
Unrouted general nets at iteration 51 (MT total route time: 0.221 sec): 80(overused: 128)
Unrouted general nets at iteration 52 (MT total route time: 0.220 sec): 69(overused: 104)
Unrouted general nets at iteration 53 (MT total route time: 0.208 sec): 45(overused: 68)
Unrouted general nets at iteration 54 (MT total route time: 0.214 sec): 33(overused: 48)
Unrouted general nets at iteration 55 (MT total route time: 0.208 sec): 35(overused: 58)
Unrouted general nets at iteration 56 (MT total route time: 0.208 sec): 14(overused: 22)
Unrouted general nets at iteration 57 (MT total route time: 0.202 sec): 6(overused: 6)
Unrouted general nets at iteration 58 (MT total route time: 0.198 sec): 10(overused: 14)
Unrouted general nets at iteration 59 (MT total route time: 0.192 sec): 5(overused: 6)
Unrouted general nets at iteration 60 (MT total route time: 0.195 sec): 9(overused: 16)
Unrouted general nets at iteration 61 (MT total route time: 0.189 sec): 9(overused: 18)
Unrouted general nets at iteration 62 (MT total route time: 0.191 sec): 9(overused: 12)
Unrouted general nets at iteration 63 (MT total route time: 0.193 sec): 6(overused: 10)
Unrouted general nets at iteration 64 (MT total route time: 0.189 sec): 4(overused: 10)
Unrouted general nets at iteration 65 (MT total route time: 0.186 sec): 2(overused: 2)
Unrouted general nets at iteration 66 (MT total route time: 0.194 sec): 3(overused: 4)
Unrouted general nets at iteration 67 (MT total route time: 0.189 sec): 2(overused: 4)
Unrouted general nets at iteration 68 (MT total route time: 0.184 sec): 2(overused: 4)
Unrouted general nets at iteration 69 (MT total route time: 0.187 sec): 2(overused: 4)
Unrouted general nets at iteration 70 (MT total route time: 0.188 sec): 0(overused: 0)
----General net take 0.248 sec(route net take 0.111 sec, inc cost take 0.137 sec, iter times: 1)
----const net route take 1.193 sec
Unrouted nets at iteration 71 (1.458 sec): 0
Detailed routing takes 142.64 sec.
Fix violation Finished.
No hold violation.
Hold Violation Fix in router takes 28.06 sec.
Sort Original Nets take 0.178 sec
Build solution node for device pins which were mapped to more than one design pin take 1.510 sec
Total net: 70356, route succeed net: 70356
Generate routing result take 0.152 sec
Handle PERMUX permutation take 2.116 sec
Handle const net take 0.220 sec
Handle route through take 0.052 sec
Handle loads' routing node take 0.458 sec
Used SRB routing arc is 516212.
Finish routing takes 5.93 sec.
Total routing takes 232.84 sec.


Device Utilization Summary :
+-------------------------------------------------------------------------------------+
| Logic Utilization                 | Used      | Available     | Utilization(%)     
+-------------------------------------------------------------------------------------+
| Use of ADC                        | 0         | 1             | 0                  
| Use of ANALOG                     | 0         | 1             | 0                  
| Use of APM                        | 448       | 740           | 61                 
| Use of BKCL                       | 3         | 10            | 30                 
| Use of CCS                        | 1         | 1             | 100                
| Use of CLMA                       | 12540     | 30075         | 42                 
|   FF                              | 58404     | 240600        | 25                 
|   LUT                             | 22197     | 120300        | 19                 
|   LUT-FF pairs                    | 8263      | 120300        | 7                  
| Use of CLMS                       | 3717      | 9875          | 38                 
|   FF                              | 19699     | 79000         | 25                 
|   LUT                             | 6606      | 39500         | 17                 
|   LUT-FF pairs                    | 3472      | 39500         | 9                  
|   Distributed RAM                 | 949       | 39500         | 3                  
| Use of DDRPHY_CPD                 | 0         | 20            | 0                  
| Use of DDRPHY_IOCLK_DIV           | 0         | 10            | 0                  
| Use of DDR_PHY                    | 0         | 40            | 0                  
| Use of DRM                        | 215       | 415           | 52                 
| Use of GCLK_INBUF_SYN             | 0         | 40            | 0                  
| Use of GPLL                       | 2         | 10            | 20                 
| Use of GSEB                       | 0         | 512           | 0                  
| Use of HARD0                      | 3880      | 25050         | 16                 
| Use of HCKB                       | 18        | 120           | 15                 
|  HCKB dataused                    | 0         | 120           | 0                  
| Use of HCKMUX_TEST                | 0         | 10            | 0                  
| Use of HSSTLP                     | 0         | 2             | 0                  
| Use of IO                         | 42        | 400           | 11                 
|   IOBD                            | 22        | 192           | 12                 
|   IOBS                            | 20        | 208           | 10                 
| Use of IOCKB                      | 0         | 40            | 0                  
| Use of IOCKMUX_TEST               | 0         | 10            | 0                  
| Use of IOLHR                      | 42        | 500           | 9                  
| Use of KEYRAM                     | 0         | 1             | 0                  
| Use of MFG_TEST                   | 0         | 1             | 0                  
| Use of MRCKB                      | 0         | 20            | 0                  
| Use of MRCKMUX_TEST               | 0         | 10            | 0                  
| Use of MRPOSTMUX_TEST             | 0         | 10            | 0                  
| Use of PCIE                       | 0         | 1             | 0                  
| Use of PCKMUX_TEST                | 0         | 20            | 0                  
| Use of PLLMRMUX_TEST              | 0         | 10            | 0                  
| Use of PLLREFMUX_TEST             | 0         | 10            | 0                  
| Use of POSTGMUXLR_TEST            | 0         | 4             | 0                  
| Use of PPLL                       | 0         | 10            | 0                  
| Use of PREGMUXC_TEST              | 0         | 3             | 0                  
| Use of PREGMUXC_X16_200H_TEST     | 0         | 4             | 0                  
| Use of PREGMUXLR_TEST             | 0         | 10            | 0                  
| Use of RCKB                       | 0         | 40            | 0                  
|  RCKB dataused                    | 0         | 40            | 0                  
| Use of RCKMUX_TEST                | 0         | 10            | 0                  
| Use of SCANCHAIN                  | 0         | 1             | 0                  
| Use of SCKMUX_TEST                | 0         | 20            | 0                  
| Use of SFB                        | 0         | 5075          | 0                  
| Use of SPAD                       | 0         | 8             | 0                  
| Use of TSERDES                    | 0         | 80            | 0                  
| Use of USCM                       | 4         | 32            | 13                 
|  USCM dataused                    | 0         | 32            | 0                  
| Use of USCMMUX_TEST               | 0         | 32            | 0                  
+-------------------------------------------------------------------------------------+

Finished routing.
Design 'hdmi_loop' has been placed and routed successfully.
Saving design to DB.
Finished placement and routing.
Action pnr: Real time elapsed is 0h:9m:10s
Action pnr: CPU time elapsed is 0h:2m:42s
Action pnr: Process CPU time elapsed is 0h:4m:20s
Current time: Sat Apr 25 15:43:47 2026
Action pnr: Peak memory pool usage is 4,534 MB
