#Build: Fabric Compiler 2022.2-SP6.4, Build 146967, Jan 31 01:39 2024
#Install: C:\pango\PDS_2022.2-SP6.4\bin
#Application name: pds_shell.exe
#OS: Windows 10 10.0.22631
#Hostname: DESKTOP-VB8TKRO
Generated by Fabric Compiler (version 2022.2-SP6.4 build 146967) at Wed Jul  1 23:39:29 2026
Compiling verification operator library.
Compiling common defs.
Compiling prim grid devices.
Compiling gate devices.
Compiling gate operators.
Building architecture model.
Loading device packaging model.
Reading design from DB.
Start Generating Programming File...
Reading design from DB takes 6.640625 sec.
Generating architecture configuration.
The bitstream file is "C:/Users/Datou21/Desktop/PDS/back1/cnn_usb_copy/prj_pds/generate_bitstream/hdmi_loop.sbit"
Generate programming file takes 27.437500 sec.
Generating Programming File done.
Action gen_bit_stream: Real time elapsed is 0h:1m:18s
Action gen_bit_stream: CPU time elapsed is 0h:0m:35s
Action gen_bit_stream: Process CPU time elapsed is 0h:0m:35s
Current time: Wed Jul  1 23:40:44 2026
Action gen_bit_stream: Peak memory pool usage is 3,097 MB
