H14|IOBD_0_1518|BANKL3|DIFFIO_L3_G0_00P|||
G17|IOBD_0_1506|BANKL3|DIFFIO_L3_G0_01P|||
F18|IOBD_0_1494|BANKL3|DIFFIO_L3_G0_02P_DQS|||
G15|IOBD_0_1482|BANKL3|DIFFIO_L3_G0_03P|||
G19|IOBD_0_1470|BANKL3|DIFFIO_L3_G0_04P|||
H16|IOBD_0_1458|BANKL3|DIFFIO_L3_G0_05P|||
C17|IOBD_0_1446|BANKL3|DIFFIO_L3_G1_06P|||
E16|IOBD_0_1434|BANKL3|DIFFIO_L3_G1_07P|||
A17|IOBD_0_1422|BANKL3|DIFFIO_L3_G1_08P_DQS|||
B19|IOBD_0_1410|BANKL3|DIFFIO_L3_G1_09P|||
E17|IOBD_0_1398|BANKL3|DIFFIO_L3_G1_10P_GSCLK|||
D18|IOBD_0_1386|BANKL3|DIFFIO_L3_G1_11P_GMCLK|||YES
D19|IOBD_0_1368|BANKL3|DIFFIO_L3_G2_12P_GMCLK|||
E20|IOBD_0_1356|BANKL3|DIFFIO_L3_G2_13P_GSCLK|||
B20|IOBD_0_1344|BANKL3|DIFFIO_L3_G2_14P_DQS|||
C21|IOBD_0_1332|BANKL3|DIFFIO_L3_G2_15P|||
B22|IOBD_0_1320|BANKL3|DIFFIO_L3_G2_16P|||
E21|IOBD_0_1308|BANKL3|DIFFIO_L3_G2_17P|||
C22|IOBD_0_1296|BANKL3|DIFFIO_L3_G3_18P|||YES
B25|IOBD_0_1284|BANKL3|DIFFIO_L3_G3_19P|||
A23|IOBD_0_1272|BANKL3|DIFFIO_L3_G3_20P_DQS|||
C26|IOBD_0_1260|BANKL3|DIFFIO_L3_G3_21P|||
C24|IOBD_0_1248|BANKL3|DIFFIO_L3_G3_22P|||
D23|IOBD_0_1236|BANKL3|DIFFIO_L3_G3_23P|||
H17|IOBS_0_1524|BANKL3|SIO_L3_00|||
H15|IOBS_0_1512|BANKL3|DIFFIO_L3_G0_00N|||
F17|IOBS_0_1500|BANKL3|DIFFIO_L3_G0_01N|||
F19|IOBS_0_1488|BANKL3|DIFFIO_L3_G0_02N_DQS|||
F15|IOBS_0_1476|BANKL3|DIFFIO_L3_G0_03N|||
F20|IOBS_0_1464|BANKL3|DIFFIO_L3_G0_04N|||
G16|IOBS_0_1452|BANKL3|DIFFIO_L3_G0_05N_VREF|||
B17|IOBS_0_1440|BANKL3|DIFFIO_L3_G1_06N|||
D16|IOBS_0_1428|BANKL3|DIFFIO_L3_G1_07N|||
A18|IOBS_0_1416|BANKL3|DIFFIO_L3_G1_08N_DQS|||
A19|IOBS_0_1404|BANKL3|DIFFIO_L3_G1_09N|||
E18|IOBS_0_1392|BANKL3|DIFFIO_L3_G1_10N_GSCLK|||
C18|IOBS_0_1380|BANKL3|DIFFIO_L3_G1_11N_GMCLK|||YES
C19|IOBS_0_1362|BANKL3|DIFFIO_L3_G2_12N_GMCLK|||
D20|IOBS_0_1350|BANKL3|DIFFIO_L3_G2_13N_GSCLK|||
A20|IOBS_0_1338|BANKL3|DIFFIO_L3_G2_14N_DQS|||YES
B21|IOBS_0_1326|BANKL3|DIFFIO_L3_G2_15N|||
A22|IOBS_0_1314|BANKL3|DIFFIO_L3_G2_16N|||
D21|IOBS_0_1302|BANKL3|DIFFIO_L3_G2_17N|||
C23|IOBS_0_1290|BANKL3|DIFFIO_L3_G3_18N_VREF|||
A25|IOBS_0_1278|BANKL3|DIFFIO_L3_G3_19N|||
A24|IOBS_0_1266|BANKL3|DIFFIO_L3_G3_20N_DQS|||
B26|IOBS_0_1254|BANKL3|DIFFIO_L3_G3_21N|||
B24|IOBS_0_1242|BANKL3|DIFFIO_L3_G3_22N|||
D24|IOBS_0_1230|BANKL3|DIFFIO_L3_G3_23N|||
E22|IOBS_0_1224|BANKL3|SIO_L3_01|||
K15|IOBD_0_1212|BANKL4|DIFFIO_L4_G0_00P_VAA1P|||YES
J14|IOBD_0_1200|BANKL4|DIFFIO_L4_G0_01P_VAA2P|||YES
K16|IOBD_0_1188|BANKL4|DIFFIO_L4_G0_02P_DQS_VAA3P|||YES
M14|IOBD_0_1176|BANKL4|DIFFIO_L4_G0_03P|||YES
M15|IOBD_0_1164|BANKL4|DIFFIO_L4_G0_04P_VAA5P|||YES
M16|IOBD_0_1152|BANKL4|DIFFIO_L4_G0_05P|||YES
J19|IOBD_0_1140|BANKL4|DIFFIO_L4_G1_06P_VAA7P|||YES
L17|IOBD_0_1128|BANKL4|DIFFIO_L4_G1_07P_VAA8P|||YES
K20|IOBD_0_1116|BANKL4|DIFFIO_L4_G1_08P_DQS_VAA9P|||YES
J18|IOBD_0_1104|BANKL4|DIFFIO_L4_G1_09P_VAA10P|||YES
G20|IOBD_0_1092|BANKL4|DIFFIO_L4_G1_10P_GSCLK|||YES
K21|IOBD_0_1080|BANKL4|DIFFIO_L4_G1_11P_GMCLK|||YES
H21|IOBD_0_1062|BANKL4|DIFFIO_L4_G2_12P_GMCLK|||
J23|IOBD_0_1050|BANKL4|DIFFIO_L4_G2_13P_GSCLK|||YES
G22|IOBD_0_1038|BANKL4|DIFFIO_L4_G2_14P_DQS|||
J24|IOBD_0_1026|BANKL4|DIFFIO_L4_G2_15P_A28|||YES
F23|IOBD_0_1014|BANKL4|DIFFIO_L4_G2_16P_A26|||
K22|IOBD_0_1002|BANKL4|DIFFIO_L4_G2_17P_A24|||YES
G24|IOBD_0_990|BANKL4|DIFFIO_L4_G3_18P_A22|||
E25|IOBD_0_978|BANKL4|DIFFIO_L4_G3_19P_A20|||
E26|IOBD_0_966|BANKL4|DIFFIO_L4_G3_20P_DQS|||
H26|IOBD_0_954|BANKL4|DIFFIO_L4_G3_21P_A17|||
G25|IOBD_0_942|BANKL4|DIFFIO_L4_G3_22P_BFOE_N|||YES
J25|IOBD_0_930|BANKL4|DIFFIO_L4_G3_23P_VS1|||
K18|IOBS_0_1218|BANKL4|SIO_L4_00|||
J16|IOBS_0_1206|BANKL4|DIFFIO_L4_G0_00N_VAA1N|||YES
J15|IOBS_0_1194|BANKL4|DIFFIO_L4_G0_01N_VAA2N|||YES
K17|IOBS_0_1182|BANKL4|DIFFIO_L4_G0_02N_DQS_VAA3N|||YES
L14|IOBS_0_1170|BANKL4|DIFFIO_L4_G0_03N|||
L15|IOBS_0_1158|BANKL4|DIFFIO_L4_G0_04N_VAA5N|||YES
M17|IOBS_0_1146|BANKL4|DIFFIO_L4_G0_05N_VREF|||YES
H19|IOBS_0_1134|BANKL4|DIFFIO_L4_G1_06N_VAA7N|||YES
L18|IOBS_0_1122|BANKL4|DIFFIO_L4_G1_07N_VAA8N|||YES
J20|IOBS_0_1110|BANKL4|DIFFIO_L4_G1_08N_DQS_VAA9N|||YES
H18|IOBS_0_1098|BANKL4|DIFFIO_L4_G1_09N_VAA10N|||YES
G21|IOBS_0_1086|BANKL4|DIFFIO_L4_G1_10N_GSCLK|||YES
J21|IOBS_0_1074|BANKL4|DIFFIO_L4_G1_11N_GMCLK|||YES
H22|IOBS_0_1056|BANKL4|DIFFIO_L4_G2_12N_GMCLK|||YES
H23|IOBS_0_1044|BANKL4|DIFFIO_L4_G2_13N_GSCLK|||YES
F22|IOBS_0_1032|BANKL4|DIFFIO_L4_G2_14N_DQS_BADRVO_N|||
H24|IOBS_0_1020|BANKL4|DIFFIO_L4_G2_15N_A27|||YES
E23|IOBS_0_1008|BANKL4|DIFFIO_L4_G2_16N_A25|||
K23|IOBS_0_996|BANKL4|DIFFIO_L4_G2_17N_A23|||YES
F24|IOBS_0_984|BANKL4|DIFFIO_L4_G3_18N_VREF_A21|||
D25|IOBS_0_972|BANKL4|DIFFIO_L4_G3_19N_A19|||
D26|IOBS_0_960|BANKL4|DIFFIO_L4_G3_20N_DQS_A18|||
G26|IOBS_0_948|BANKL4|DIFFIO_L4_G3_21N_A16|||
F25|IOBS_0_936|BANKL4|DIFFIO_L4_G3_22N_BFWE_FCS2_N|||
J26|IOBS_0_924|BANKL4|DIFFIO_L4_G3_23N_VS0|||
L19|IOBS_0_918|BANKL4|SIO_L4_01|||
R14|IOBD_0_906|BANKL5|DIFFIO_L5_G0_00P_MOSI_D0|||
P14|IOBD_0_894|BANKL5|DIFFIO_L5_G0_01P_D2|||
P15|IOBD_0_882|BANKL5|DIFFIO_L5_G0_02P_DQS_IO_STATUS_C|||
N16|IOBD_0_870|BANKL5|DIFFIO_L5_G0_03P_D4|||
R16|IOBD_0_858|BANKL5|DIFFIO_L5_G0_04P_D6|||
P18|IOBD_0_846|BANKL5|DIFFIO_L5_G0_05P_FCS_N|||
K25|IOBD_0_834|BANKL5|DIFFIO_L5_G1_06P_D9|||
M20|IOBD_0_822|BANKL5|DIFFIO_L5_G1_07P_D11|||
L24|IOBD_0_810|BANKL5|DIFFIO_L5_G1_08P_DQS_N|||
M24|IOBD_0_798|BANKL5|DIFFIO_L5_G1_09P_D14|||
L22|IOBD_0_786|BANKL5|DIFFIO_L5_G1_10P_GSCLK|||
M21|IOBD_0_774|BANKL5|DIFFIO_L5_G1_11P_GMCLK|||
N21|IOBD_0_756|BANKL5|DIFFIO_L5_G2_12P_GMCLK|||YES
P20|IOBD_0_744|BANKL5|DIFFIO_L5_G2_13P_GSCLK|||
N23|IOBD_0_732|BANKL5|DIFFIO_L5_G2_14P_DQS_RWSEL|||YES
P19|IOBD_0_720|BANKL5|DIFFIO_L5_G2_15P_CS_N|||
P23|IOBD_0_708|BANKL5|DIFFIO_L5_G2_16P_D30_A14|||YES
R20|IOBD_0_696|BANKL5|DIFFIO_L5_G2_17P_D28_A12|||
R25|IOBD_0_684|BANKL5|DIFFIO_L5_G3_18P_D26_A10|||YES
N26|IOBD_0_672|BANKL5|DIFFIO_L5_G3_19P_D24_A8|||
T24|IOBD_0_660|BANKL5|DIFFIO_L5_G3_20P_DQS|||
R26|IOBD_0_648|BANKL5|DIFFIO_L5_G3_21P_D21_A5|||
T22|IOBD_0_636|BANKL5|DIFFIO_L5_G3_22P_D19_A3|||
T23|IOBD_0_624|BANKL5|DIFFIO_L5_G3_23P_D17_A1|||
M19|IOBS_0_912|BANKL5|SIO_L5_00|||
R15|IOBS_0_900|BANKL5|DIFFIO_L5_G0_00N_MISO_D1_DI|||
N14|IOBS_0_888|BANKL5|DIFFIO_L5_G0_01N_D3|||
P16|IOBS_0_876|BANKL5|DIFFIO_L5_G0_02N_DQS_ECCLKIN|||
N17|IOBS_0_864|BANKL5|DIFFIO_L5_G0_03N_D5|||
R17|IOBS_0_852|BANKL5|DIFFIO_L5_G0_04N_D7|||
N18|IOBS_0_840|BANKL5|DIFFIO_L5_G0_05N_VREF_D8|||
K26|IOBS_0_828|BANKL5|DIFFIO_L5_G1_06N_D10|||
L20|IOBS_0_816|BANKL5|DIFFIO_L5_G1_07N_D12|||
L25|IOBS_0_804|BANKL5|DIFFIO_L5_G1_08N_DQS_D13|||
M25|IOBS_0_792|BANKL5|DIFFIO_L5_G1_09N_D15|||
L23|IOBS_0_780|BANKL5|DIFFIO_L5_G1_10N_GSCLK|||
M22|IOBS_0_768|BANKL5|DIFFIO_L5_G1_11N_GMCLK|||
N22|IOBS_0_750|BANKL5|DIFFIO_L5_G2_12N_GMCLK|||YES
P21|IOBS_0_738|BANKL5|DIFFIO_L5_G2_13N_GSCLK|||
N24|IOBS_0_726|BANKL5|DIFFIO_L5_G2_14N_DQS_CSO_DOUT|||YES
N19|IOBS_0_714|BANKL5|DIFFIO_L5_G2_15N_D31_A15|||
P24|IOBS_0_702|BANKL5|DIFFIO_L5_G2_16N_D29_A13|||YES
R21|IOBS_0_690|BANKL5|DIFFIO_L5_G2_17N_D27_A11|||
P25|IOBS_0_678|BANKL5|DIFFIO_L5_G3_18N_VREF_D25_A9|||YES
M26|IOBS_0_666|BANKL5|DIFFIO_L5_G3_19N_D23_A7|||
T25|IOBS_0_654|BANKL5|DIFFIO_L5_G3_20N_DQS_D22_A6|||
P26|IOBS_0_642|BANKL5|DIFFIO_L5_G3_21N_D20_A4|||
R22|IOBS_0_630|BANKL5|DIFFIO_L5_G3_22N_D18_A2|||
R23|IOBS_0_618|BANKL5|DIFFIO_L5_G3_23N_D16_A0|||
R18|IOBS_0_612|BANKL5|SIO_L5_01|||
U25|IOBD_0_600|BANKL6|DIFFIO_L6_G0_00P|||
V26|IOBD_0_588|BANKL6|DIFFIO_L6_G0_01P|||
AB26|IOBD_0_576|BANKL6|DIFFIO_L6_G0_02P_DQS|||
W25|IOBD_0_564|BANKL6|DIFFIO_L6_G0_03P|||
Y25|IOBD_0_552|BANKL6|DIFFIO_L6_G0_04P|||
V24|IOBD_0_540|BANKL6|DIFFIO_L6_G0_05P|||
AA24|IOBD_0_528|BANKL6|DIFFIO_L6_G1_06P|||
AA22|IOBD_0_516|BANKL6|DIFFIO_L6_G1_07P|||
AB24|IOBD_0_504|BANKL6|DIFFIO_L6_G1_08P_DQS|||
V23|IOBD_0_492|BANKL6|DIFFIO_L6_G1_09P|||
Y22|IOBD_0_480|BANKL6|DIFFIO_L6_G1_10P_GSCLK|||
U22|IOBD_0_468|BANKL6|DIFFIO_L6_G1_11P_GMCLK|||
U21|IOBD_0_450|BANKL6|DIFFIO_L6_G2_12P_GMCLK|||
W21|IOBD_0_438|BANKL6|DIFFIO_L6_G2_13P_GSCLK|||
T20|IOBD_0_426|BANKL6|DIFFIO_L6_G2_14P_DQS|||
W20|IOBD_0_414|BANKL6|DIFFIO_L6_G2_15P|||
T19|IOBD_0_402|BANKL6|DIFFIO_L6_G2_16P|||
V19|IOBD_0_390|BANKL6|DIFFIO_L6_G2_17P|||
V18|IOBD_0_378|BANKL6|DIFFIO_L6_G3_18P|||
T14|IOBD_0_366|BANKL6|DIFFIO_L6_G3_19P|||
T17|IOBD_0_354|BANKL6|DIFFIO_L6_G3_20P_DQS|||
U15|IOBD_0_342|BANKL6|DIFFIO_L6_G3_21P|||
U14|IOBD_0_330|BANKL6|DIFFIO_L6_G3_22P|||
V16|IOBD_0_318|BANKL6|DIFFIO_L6_G3_23P|||
U24|IOBS_0_606|BANKL6|SIO_L6_00|||
U26|IOBS_0_594|BANKL6|DIFFIO_L6_G0_00N|||
W26|IOBS_0_582|BANKL6|DIFFIO_L6_G0_01N|||
AC26|IOBS_0_570|BANKL6|DIFFIO_L6_G0_02N_DQS|||
Y26|IOBS_0_558|BANKL6|DIFFIO_L6_G0_03N|||
AA25|IOBS_0_546|BANKL6|DIFFIO_L6_G0_04N|||
W24|IOBS_0_534|BANKL6|DIFFIO_L6_G0_05N_VREF|||
AB25|IOBS_0_522|BANKL6|DIFFIO_L6_G1_06N|||
AA23|IOBS_0_510|BANKL6|DIFFIO_L6_G1_07N|||
AC24|IOBS_0_498|BANKL6|DIFFIO_L6_G1_08N_DQS|||
W23|IOBS_0_486|BANKL6|DIFFIO_L6_G1_09N|||
Y23|IOBS_0_474|BANKL6|DIFFIO_L6_G1_10N_GSCLK|||
V22|IOBS_0_462|BANKL6|DIFFIO_L6_G1_11N_GMCLK|||
V21|IOBS_0_444|BANKL6|DIFFIO_L6_G2_12N_GMCLK|||
Y21|IOBS_0_432|BANKL6|DIFFIO_L6_G2_13N_GSCLK|||
U20|IOBS_0_420|BANKL6|DIFFIO_L6_G2_14N_DQS|||
Y20|IOBS_0_408|BANKL6|DIFFIO_L6_G2_15N|||
U19|IOBS_0_396|BANKL6|DIFFIO_L6_G2_16N|||
W19|IOBS_0_384|BANKL6|DIFFIO_L6_G2_17N|||
W18|IOBS_0_372|BANKL6|DIFFIO_L6_G3_18N_VREF|||
T15|IOBS_0_360|BANKL6|DIFFIO_L6_G3_19N|||
T18|IOBS_0_348|BANKL6|DIFFIO_L6_G3_20N_DQS|||
U16|IOBS_0_336|BANKL6|DIFFIO_L6_G3_21N|||
V14|IOBS_0_324|BANKL6|DIFFIO_L6_G3_22N|||
V17|IOBS_0_312|BANKL6|DIFFIO_L6_G3_23N|||
U17|IOBS_0_306|BANKL6|SIO_L6_01|||
AE25|IOBD_0_294|BANKL7|DIFFIO_L7_G0_00P|||
AC22|IOBD_0_282|BANKL7|DIFFIO_L7_G0_01P|||
AF24|IOBD_0_270|BANKL7|DIFFIO_L7_G0_02P_DQS|||
AD25|IOBD_0_258|BANKL7|DIFFIO_L7_G0_03P|||
AE23|IOBD_0_246|BANKL7|DIFFIO_L7_G0_04P|||
AD23|IOBD_0_234|BANKL7|DIFFIO_L7_G0_05P|||
AD21|IOBD_0_222|BANKL7|DIFFIO_L7_G1_06P|||
AF19|IOBD_0_210|BANKL7|DIFFIO_L7_G1_07P|||
AE22|IOBD_0_198|BANKL7|DIFFIO_L7_G1_08P_DQS|||
AD20|IOBD_0_186|BANKL7|DIFFIO_L7_G1_09P|||
AB21|IOBD_0_174|BANKL7|DIFFIO_L7_G1_10P_GSCLK|||
AA20|IOBD_0_162|BANKL7|DIFFIO_L7_G1_11P_GMCLK|||
AA19|IOBD_0_144|BANKL7|DIFFIO_L7_G2_12P_GMCLK|||
AC19|IOBD_0_132|BANKL7|DIFFIO_L7_G2_13P_GSCLK|||
AC18|IOBD_0_120|BANKL7|DIFFIO_L7_G2_14P_DQS|||
AE18|IOBD_0_108|BANKL7|DIFFIO_L7_G2_15P|||
Y18|IOBD_0_96|BANKL7|DIFFIO_L7_G2_16P|||
AE17|IOBD_0_84|BANKL7|DIFFIO_L7_G2_17P|||
AA17|IOBD_0_72|BANKL7|DIFFIO_L7_G3_18P|||
AC17|IOBD_0_60|BANKL7|DIFFIO_L7_G3_19P|||
Y16|IOBD_0_48|BANKL7|DIFFIO_L7_G3_20P_DQS|||
AB16|IOBD_0_36|BANKL7|DIFFIO_L7_G3_21P|||
Y15|IOBD_0_24|BANKL7|DIFFIO_L7_G3_22P|||
W14|IOBD_0_12|BANKL7|DIFFIO_L7_G3_23P|||
AB22|IOBS_0_300|BANKL7|SIO_L7_00|||
AE26|IOBS_0_288|BANKL7|DIFFIO_L7_G0_00N|||
AC23|IOBS_0_276|BANKL7|DIFFIO_L7_G0_01N|||
AF25|IOBS_0_264|BANKL7|DIFFIO_L7_G0_02N_DQS|||
AD26|IOBS_0_252|BANKL7|DIFFIO_L7_G0_03N|||
AF23|IOBS_0_240|BANKL7|DIFFIO_L7_G0_04N|||
AD24|IOBS_0_228|BANKL7|DIFFIO_L7_G0_05N_VREF|||
AE21|IOBS_0_216|BANKL7|DIFFIO_L7_G1_06N|||
AF20|IOBS_0_204|BANKL7|DIFFIO_L7_G1_07N|||
AF22|IOBS_0_192|BANKL7|DIFFIO_L7_G1_08N_DQS|||
AE20|IOBS_0_180|BANKL7|DIFFIO_L7_G1_09N|||
AC21|IOBS_0_168|BANKL7|DIFFIO_L7_G1_10N_GSCLK|||
AB20|IOBS_0_156|BANKL7|DIFFIO_L7_G1_11N_GMCLK|||
AB19|IOBS_0_138|BANKL7|DIFFIO_L7_G2_12N_GMCLK|||
AD19|IOBS_0_126|BANKL7|DIFFIO_L7_G2_13N_GSCLK|||
AD18|IOBS_0_114|BANKL7|DIFFIO_L7_G2_14N_DQS|||
AF18|IOBS_0_102|BANKL7|DIFFIO_L7_G2_15N|||
AA18|IOBS_0_90|BANKL7|DIFFIO_L7_G2_16N|||
AF17|IOBS_0_78|BANKL7|DIFFIO_L7_G2_17N|||
AB17|IOBS_0_66|BANKL7|DIFFIO_L7_G3_18N_VREF|||
AD17|IOBS_0_54|BANKL7|DIFFIO_L7_G3_19N|||
Y17|IOBS_0_42|BANKL7|DIFFIO_L7_G3_20N_DQS|||
AC16|IOBS_0_30|BANKL7|DIFFIO_L7_G3_21N|||
AA15|IOBS_0_18|BANKL7|DIFFIO_L7_G3_22N|||
W15|IOBS_0_6|BANKL7|DIFFIO_L7_G3_23N|||
W16|IOBS_0_0|BANKL7|SIO_L7_01|||
E6|IOBD_732_1212|BANKR4|DIFFIO_R4_G0_00P_VAA4P|||YES
H8|IOBD_732_1200|BANKR4|DIFFIO_R4_G0_01P_VAA6P|||YES
H7|IOBD_732_1188|BANKR4|DIFFIO_R4_G0_02P_DQS_VAA11P|||YES
F8|IOBD_732_1176|BANKR4|DIFFIO_R4_G0_03P|||YES
H6|IOBD_732_1164|BANKR4|DIFFIO_R4_G0_04P_VAA12P|||YES
H9|IOBD_732_1152|BANKR4|DIFFIO_R4_G0_05P|||YES
J6|IOBD_732_1140|BANKR4|DIFFIO_R4_G1_06P_VAA13P|||YES
L8|IOBD_732_1128|BANKR4|DIFFIO_R4_G1_07P_VAA14P|||YES
J4|IOBD_732_1116|BANKR4|DIFFIO_R4_G1_08P_DQS_VAA15P|||YES
K7|IOBD_732_1104|BANKR4|DIFFIO_R4_G1_09P_VAA0P|||YES
G4|IOBD_732_1092|BANKR4|DIFFIO_R4_G1_10P_GSCLK|||YES
G5|IOBD_732_1080|BANKR4|DIFFIO_R4_G1_11P_GMCLK|||YES
E5|IOBD_732_1062|BANKR4|DIFFIO_R4_G2_12P_GMCLK|||
D4|IOBD_732_1050|BANKR4|DIFFIO_R4_G2_13P_GSCLK|||YES
B5|IOBD_732_1038|BANKR4|DIFFIO_R4_G2_14P_DQS|||YES
B4|IOBD_732_1026|BANKR4|DIFFIO_R4_G2_15P|||YES
D3|IOBD_732_1014|BANKR4|DIFFIO_R4_G2_16P|||YES
F3|IOBD_732_1002|BANKR4|DIFFIO_R4_G2_17P|||YES
C2|IOBD_732_990|BANKR4|DIFFIO_R4_G3_18P|||YES
A3|IOBD_732_978|BANKR4|DIFFIO_R4_G3_19P|||YES
C1|IOBD_732_966|BANKR4|DIFFIO_R4_G3_20P_DQS|||YES
F2|IOBD_732_954|BANKR4|DIFFIO_R4_G3_21P|||YES
E1|IOBD_732_942|BANKR4|DIFFIO_R4_G3_22P|||YES
G2|IOBD_732_930|BANKR4|DIFFIO_R4_G3_23P|||YES
J8|IOBS_732_1218|BANKR4|SIO_R4_00|||
D6|IOBS_732_1206|BANKR4|DIFFIO_R4_G0_00N_VAA4N|||YES
G8|IOBS_732_1194|BANKR4|DIFFIO_R4_G0_01N_VAA6N|||YES
G7|IOBS_732_1182|BANKR4|DIFFIO_R4_G0_02N_DQS_VAA11N|||YES
F7|IOBS_732_1170|BANKR4|DIFFIO_R4_G0_03N|||YES
G6|IOBS_732_1158|BANKR4|DIFFIO_R4_G0_04N_VAA12N|||YES
G9|IOBS_732_1146|BANKR4|DIFFIO_R4_G0_05N_VREF|||
J5|IOBS_732_1134|BANKR4|DIFFIO_R4_G1_06N_VAA13N|||YES
K8|IOBS_732_1122|BANKR4|DIFFIO_R4_G1_07N_VAA14N|||
H4|IOBS_732_1110|BANKR4|DIFFIO_R4_G1_08N_DQS_VAA15N|||YES
K6|IOBS_732_1098|BANKR4|DIFFIO_R4_G1_09N_VAA0N|||YES
F4|IOBS_732_1086|BANKR4|DIFFIO_R4_G1_10N_GSCLK|||YES
F5|IOBS_732_1074|BANKR4|DIFFIO_R4_G1_11N_GMCLK|||YES
D5|IOBS_732_1056|BANKR4|DIFFIO_R4_G2_12N_GMCLK|||YES
C4|IOBS_732_1044|BANKR4|DIFFIO_R4_G2_13N_GSCLK|||YES
A5|IOBS_732_1032|BANKR4|DIFFIO_R4_G2_14N_DQS|||YES
A4|IOBS_732_1020|BANKR4|DIFFIO_R4_G2_15N|||YES
C3|IOBS_732_1008|BANKR4|DIFFIO_R4_G2_16N|||YES
E3|IOBS_732_996|BANKR4|DIFFIO_R4_G2_17N|||YES
B2|IOBS_732_984|BANKR4|DIFFIO_R4_G3_18N_VREF|||
A2|IOBS_732_972|BANKR4|DIFFIO_R4_G3_19N|||YES
B1|IOBS_732_960|BANKR4|DIFFIO_R4_G3_20N_DQS|||YES
E2|IOBS_732_948|BANKR4|DIFFIO_R4_G3_21N|||YES
D1|IOBS_732_936|BANKR4|DIFFIO_R4_G3_22N|||YES
G1|IOBS_732_924|BANKR4|DIFFIO_R4_G3_23N|||YES
H3|IOBS_732_918|BANKR4|SIO_R4_01|||
K3|IOBD_732_906|BANKR5|DIFFIO_R5_G0_00P|||
M7|IOBD_732_894|BANKR5|DIFFIO_R5_G0_01P|||
M4|IOBD_732_882|BANKR5|DIFFIO_R5_G0_02P_DQS|||
L5|IOBD_732_870|BANKR5|DIFFIO_R5_G0_03P|||
N7|IOBD_732_858|BANKR5|DIFFIO_R5_G0_04P|||
M6|IOBD_732_846|BANKR5|DIFFIO_R5_G0_05P|||
K1|IOBD_732_834|BANKR5|DIFFIO_R5_G1_06P|||YES
L3|IOBD_732_822|BANKR5|DIFFIO_R5_G1_07P|||YES
N1|IOBD_732_810|BANKR5|DIFFIO_R5_G1_08P_DQS|||YES
H2|IOBD_732_798|BANKR5|DIFFIO_R5_G1_09P|||YES
M2|IOBD_732_786|BANKR5|DIFFIO_R5_G1_10P_GSCLK|||YES
N3|IOBD_732_774|BANKR5|DIFFIO_R5_G1_11P_GMCLK|||YES
R3|IOBD_732_756|BANKR5|DIFFIO_R5_G2_12P_GMCLK|||
P4|IOBD_732_744|BANKR5|DIFFIO_R5_G2_13P_GSCLK|||YES
R1|IOBD_732_732|BANKR5|DIFFIO_R5_G2_14P_DQS|||YES
T4|IOBD_732_720|BANKR5|DIFFIO_R5_G2_15P|||YES
T2|IOBD_732_708|BANKR5|DIFFIO_R5_G2_16P|||YES
U2|IOBD_732_696|BANKR5|DIFFIO_R5_G2_17P|||YES
P6|IOBD_732_684|BANKR5|DIFFIO_R5_G3_18P|||YES
T5|IOBD_732_672|BANKR5|DIFFIO_R5_G3_19P|||YES
U6|IOBD_732_660|BANKR5|DIFFIO_R5_G3_20P_DQS|||YES
R8|IOBD_732_648|BANKR5|DIFFIO_R5_G3_21P|||
R7|IOBD_732_636|BANKR5|DIFFIO_R5_G3_22P|||
T8|IOBD_732_624|BANKR5|DIFFIO_R5_G3_23P|||YES
N8|IOBS_732_912|BANKR5|SIO_R5_00|||
J3|IOBS_732_900|BANKR5|DIFFIO_R5_G0_00N|||
L7|IOBS_732_888|BANKR5|DIFFIO_R5_G0_01N|||
L4|IOBS_732_876|BANKR5|DIFFIO_R5_G0_02N_DQS|||
K5|IOBS_732_864|BANKR5|DIFFIO_R5_G0_03N|||
N6|IOBS_732_852|BANKR5|DIFFIO_R5_G0_04N|||
M5|IOBS_732_840|BANKR5|DIFFIO_R5_G0_05N_VREF|||
J1|IOBS_732_828|BANKR5|DIFFIO_R5_G1_06N|||YES
K2|IOBS_732_816|BANKR5|DIFFIO_R5_G1_07N|||YES
M1|IOBS_732_804|BANKR5|DIFFIO_R5_G1_08N_DQS|||YES
H1|IOBS_732_792|BANKR5|DIFFIO_R5_G1_09N|||YES
L2|IOBS_732_780|BANKR5|DIFFIO_R5_G1_10N_GSCLK|||YES
N2|IOBS_732_768|BANKR5|DIFFIO_R5_G1_11N_GMCLK|||YES
P3|IOBS_732_750|BANKR5|DIFFIO_R5_G2_12N_GMCLK|||YES
N4|IOBS_732_738|BANKR5|DIFFIO_R5_G2_13N_GSCLK|||YES
P1|IOBS_732_726|BANKR5|DIFFIO_R5_G2_14N_DQS|||YES
T3|IOBS_732_714|BANKR5|DIFFIO_R5_G2_15N|||YES
R2|IOBS_732_702|BANKR5|DIFFIO_R5_G2_16N|||YES
U1|IOBS_732_690|BANKR5|DIFFIO_R5_G2_17N|||YES
P5|IOBS_732_678|BANKR5|DIFFIO_R5_G3_18N_VREF|||
R5|IOBS_732_666|BANKR5|DIFFIO_R5_G3_19N|||
U5|IOBS_732_654|BANKR5|DIFFIO_R5_G3_20N_DQS|||YES
P8|IOBS_732_642|BANKR5|DIFFIO_R5_G3_21N|||
R6|IOBS_732_630|BANKR5|DIFFIO_R5_G3_22N|||
T7|IOBS_732_618|BANKR5|DIFFIO_R5_G3_23N|||YES
U4|IOBS_732_612|BANKR5|SIO_R5_01|||
V1|IOBD_732_600|BANKR6|DIFFIO_R6_G0_00P|||
W5|IOBD_732_588|BANKR6|DIFFIO_R6_G0_01P|||
V3|IOBD_732_576|BANKR6|DIFFIO_R6_G0_02P_DQS|||
V6|IOBD_732_564|BANKR6|DIFFIO_R6_G0_03P|||
W3|IOBD_732_552|BANKR6|DIFFIO_R6_G0_04P|||
U7|IOBD_732_540|BANKR6|DIFFIO_R6_G0_05P|||
AB1|IOBD_732_528|BANKR6|DIFFIO_R6_G1_06P|||
Y2|IOBD_732_516|BANKR6|DIFFIO_R6_G1_07P|||
AD1|IOBD_732_504|BANKR6|DIFFIO_R6_G1_08P_DQS|||
AE2|IOBD_732_492|BANKR6|DIFFIO_R6_G1_09P|||
AB2|IOBD_732_480|BANKR6|DIFFIO_R6_G1_10P_GSCLK|||
AA3|IOBD_732_468|BANKR6|DIFFIO_R6_G1_11P_GMCLK|||
AA4|IOBD_732_450|BANKR6|DIFFIO_R6_G2_12P_GMCLK|||
AC3|IOBD_732_438|BANKR6|DIFFIO_R6_G2_13P_GSCLK|||
AD5|IOBD_732_426|BANKR6|DIFFIO_R6_G2_14P_DQS|||
AE3|IOBD_732_414|BANKR6|DIFFIO_R6_G2_15P|||
AF5|IOBD_732_402|BANKR6|DIFFIO_R6_G2_16P|||
AC4|IOBD_732_390|BANKR6|DIFFIO_R6_G2_17P|||
Y7|IOBD_732_378|BANKR6|DIFFIO_R6_G3_18P|||
Y6|IOBD_732_366|BANKR6|DIFFIO_R6_G3_19P|||
V8|IOBD_732_354|BANKR6|DIFFIO_R6_G3_20P_DQS|||
AA5|IOBD_732_342|BANKR6|DIFFIO_R6_G3_21P|||
Y8|IOBD_732_330|BANKR6|DIFFIO_R6_G3_22P|||
AB6|IOBD_732_318|BANKR6|DIFFIO_R6_G3_23P|||
V4|IOBS_732_606|BANKR6|SIO_R6_00|||
W1|IOBS_732_594|BANKR6|DIFFIO_R6_G0_00N|||
W4|IOBS_732_582|BANKR6|DIFFIO_R6_G0_01N|||
V2|IOBS_732_570|BANKR6|DIFFIO_R6_G0_02N_DQS|||
W6|IOBS_732_558|BANKR6|DIFFIO_R6_G0_03N|||
Y3|IOBS_732_546|BANKR6|DIFFIO_R6_G0_04N|||
V7|IOBS_732_534|BANKR6|DIFFIO_R6_G0_05N_VREF|||
AC1|IOBS_732_522|BANKR6|DIFFIO_R6_G1_06N|||
Y1|IOBS_732_510|BANKR6|DIFFIO_R6_G1_07N|||
AE1|IOBS_732_498|BANKR6|DIFFIO_R6_G1_08N_DQS|||
AF2|IOBS_732_486|BANKR6|DIFFIO_R6_G1_09N|||
AC2|IOBS_732_474|BANKR6|DIFFIO_R6_G1_10N_GSCLK|||
AA2|IOBS_732_462|BANKR6|DIFFIO_R6_G1_11N_GMCLK|||
AB4|IOBS_732_444|BANKR6|DIFFIO_R6_G2_12N_GMCLK|||
AD3|IOBS_732_432|BANKR6|DIFFIO_R6_G2_13N_GSCLK|||
AE5|IOBS_732_420|BANKR6|DIFFIO_R6_G2_14N_DQS|||
AF3|IOBS_732_408|BANKR6|DIFFIO_R6_G2_15N|||
AF4|IOBS_732_396|BANKR6|DIFFIO_R6_G2_16N|||
AD4|IOBS_732_384|BANKR6|DIFFIO_R6_G2_17N|||
AA7|IOBS_732_372|BANKR6|DIFFIO_R6_G3_18N_VREF|||
Y5|IOBS_732_360|BANKR6|DIFFIO_R6_G3_19N|||
W8|IOBS_732_348|BANKR6|DIFFIO_R6_G3_20N_DQS|||
AB5|IOBS_732_336|BANKR6|DIFFIO_R6_G3_21N|||
AA8|IOBS_732_324|BANKR6|DIFFIO_R6_G3_22N|||
AC6|IOBS_732_312|BANKR6|DIFFIO_R6_G3_23N|||
V9|IOBS_732_306|BANKR6|SIO_R6_01|||
