IP Generator (Version 2022.2-SP6.4 build 146967)
Check out license ...
Start generating at 2026-03-31 17:58
Instance: ip_fifo (C:\Users\Datou21\Desktop\PDS\cnn_usb_copy_0328\cnn_usb_copy\prj_pds\ipcore\ip_fifo\ip_fifo.idf)
IP: Pango DRM Based FIFO (1.10)
Part: Logos2-PG2L200H-FBB676--6
Create directory 'rtl' ...
Copy 'rtl\ipm2l_fifo_ctrl_v1_1.v.xml' to 'rtl' ...
Copy 'rtl\ipm2l_fifo_v1_10.v.xml' to 'rtl' ...
Copy 'rtl\ipm2l_sdpram_v1_10.v.xml' to 'rtl' ...
Compile file 'rtl\ipm2l_sdpram_v1_10.v.xml' to 'rtl\ipm2l_sdpram_v1_10_ip_fifo.v' ...
Compile file 'rtl\ipm2l_fifo_v1_10.v.xml' to 'rtl\ipm2l_fifo_v1_10_ip_fifo.v' ...
Compile file 'rtl\ipm2l_fifo_ctrl_v1_1.v.xml' to 'rtl\ipm2l_fifo_ctrl_v1_1_ip_fifo.v' ...
Copy 'ipm2l_fifo_wrapper_v1_10.v.xml' ...
Compile file 'ipm2l_fifo_wrapper_v1_10.v.xml' to 'ip_fifo.v' ...
Found top module 'ip_fifo' in file 'ip_fifo.v'.
Copy 'ipm2l_fifo_wrapper_v1_0_tb.v.xml' ...
Compile file 'ipm2l_fifo_wrapper_v1_0_tb.v.xml' to 'ip_fifo_tb.v' ...
Run file 'creatResetValue.tcl' ...
Create template file 'ip_fifo_tmpl.v' ...
Create template file 'ip_fifo_tmpl.vhdl' ...
There are 4 source files to synthesize.
Synthesis is disabled.
Done: 0 error(s), 0 warning(s)
