#Build:  2022.2-SP6.4, Build 146967, Jan 31 01:39 2024
#Install: C:\pango\PDS_2022.2-SP6.4\bin
#Application name: pne.exe
#OS: Windows 10 10.0.22631
#Hostname: DESKTOP-VB8TKRO
Generated by  (version 2022.2-SP6.4 build 146967) at Tue Mar 31 15:18:17 2026
Compiling architecture definition.
W: Adm-4001: Attribute 'PAP_ARC_LOAD_ON_DEMAND' is not supported. It is ignored.
W: Adm-4001: Attribute 'PAP_ARC_LOAD_ON_DEMAND' is not supported. It is ignored.
W: Adm-4001: Attribute 'PAP_ARC_LOAD_ON_DEMAND' is not supported. It is ignored.
W: Adm-4001: Attribute 'PAP_ARC_LOAD_ON_DEMAND' is not supported. It is ignored.
W: Adm-4001: Attribute 'PAP_ARC_LOAD_ON_DEMAND' is not supported. It is ignored.
W: Adm-4001: Attribute 'PAP_ARC_LOAD_ON_DEMAND' is not supported. It is ignored.
W: Adm-4001: Attribute 'PAP_ARC_LOAD_ON_DEMAND' is not supported. It is ignored.
W: Adm-4001: Attribute 'PAP_ARC_LOAD_ON_DEMAND' is not supported. It is ignored.
W: Adm-4001: Attribute 'PAP_ARC_LOAD_ON_DEMAND' is not supported. It is ignored.
W: Adm-4001: Attribute 'PAP_ARC_LOAD_ON_DEMAND' is not supported. It is ignored.
W: Adm-4001: Attribute 'PAP_ARC_LOAD_ON_DEMAND' is not supported. It is ignored.
W: Adm-4001: Attribute 'PAP_ARC_LOAD_ON_DEMAND' is not supported. It is ignored.
W: Adm-4001: Attribute 'PAP_ARC_LOAD_ON_DEMAND' is not supported. It is ignored.
W: Adm-4001: Attribute 'PAP_ARC_LOAD_ON_DEMAND' is not supported. It is ignored.
W: Adm-4001: Attribute 'PAP_ARC_LOAD_ON_DEMAND' is not supported. It is ignored.
W: Adm-4001: Attribute 'PAP_ARC_LOAD_ON_DEMAND' is not supported. It is ignored.
W: Adm-4001: Attribute 'PAP_ARC_LOAD_ON_DEMAND' is not supported. It is ignored.
W: Adm-4001: Attribute 'PAP_ARC_LOAD_ON_DEMAND' is not supported. It is ignored.
W: Adm-4001: Attribute 'PAP_ARC_LOAD_ON_DEMAND' is not supported. It is ignored.
W: Adm-4001: Attribute 'PAP_ARC_LOAD_ON_DEMAND' is not supported. It is ignored.
W: Adm-4001: Attribute 'PAP_ARC_LOAD_ON_DEMAND' is not supported. It is ignored.
W: Adm-4001: Attribute 'PAP_ARC_LOAD_ON_DEMAND' is not supported. It is ignored.
W: Adm-4001: Attribute 'PAP_ARC_LOAD_ON_DEMAND' is not supported. It is ignored.
W: Adm-4001: Attribute 'PAP_ARC_LOAD_ON_DEMAND' is not supported. It is ignored.
W: Adm-4001: Attribute 'PAP_ARC_LOAD_ON_DEMAND' is not supported. It is ignored.
W: Adm-4001: Attribute 'PAP_ARC_LOAD_ON_DEMAND' is not supported. It is ignored.
W: Adm-4001: Attribute 'PAP_ARC_LOAD_ON_DEMAND' is not supported. It is ignored.
W: Adm-4001: Attribute 'PAP_ARC_LOAD_ON_DEMAND' is not supported. It is ignored.
W: Adm-4001: Attribute 'PAP_ARC_LOAD_ON_DEMAND' is not supported. It is ignored.
W: Adm-4001: Attribute 'PAP_ARC_LOAD_ON_DEMAND' is not supported. It is ignored.
W: Adm-4001: Attribute 'PAP_ARC_LOAD_ON_DEMAND' is not supported. It is ignored.
W: Adm-4001: Attribute 'PAP_ARC_LOAD_ON_DEMAND' is not supported. It is ignored.
W: Adm-4001: Attribute 'PAP_ARC_LOAD_ON_DEMAND' is not supported. It is ignored.
W: Adm-4001: Attribute 'PAP_ARC_LOAD_ON_DEMAND' is not supported. It is ignored.
W: Adm-4001: Attribute 'PAP_ARC_LOAD_ON_DEMAND' is not supported. It is ignored.
W: Adm-4001: Attribute 'PAP_ARC_LOAD_ON_DEMAND' is not supported. It is ignored.
W: Adm-4001: Attribute 'PAP_ARC_LOAD_ON_DEMAND' is not supported. It is ignored.
W: Adm-4001: Attribute 'PAP_ARC_LOAD_ON_DEMAND' is not supported. It is ignored.
W: Adm-4001: Attribute 'PAP_ARC_LOAD_ON_DEMAND' is not supported. It is ignored.
W: Adm-4001: Attribute 'PAP_ARC_LOAD_ON_DEMAND' is not supported. It is ignored.
W: Adm-4001: Attribute 'PAP_ARC_LOAD_ON_DEMAND' is not supported. It is ignored.
W: Adm-4001: Attribute 'PAP_ARC_LOAD_ON_DEMAND' is not supported. It is ignored.
W: Adm-4001: Attribute 'PAP_ARC_LOAD_ON_DEMAND' is not supported. It is ignored.
W: Adm-4001: Attribute 'PAP_ARC_LOAD_ON_DEMAND' is not supported. It is ignored.
W: Adm-4001: Attribute 'PAP_ARC_LOAD_ON_DEMAND' is not supported. It is ignored.
W: Adm-4001: Attribute 'PAP_ARC_LOAD_ON_DEMAND' is not supported. It is ignored.
W: Adm-4001: Attribute 'PAP_ARC_LOAD_ON_DEMAND' is not supported. It is ignored.
W: Adm-4001: Attribute 'PAP_ARC_LOAD_ON_DEMAND' is not supported. It is ignored.
W: Adm-4001: Attribute 'PAP_ARC_LOAD_ON_DEMAND' is not supported. It is ignored.
W: Adm-4001: Attribute 'PAP_ARC_LOAD_ON_DEMAND' is not supported. It is ignored.
W: Adm-4001: Attribute 'PAP_ARC_LOAD_ON_DEMAND' is not supported. It is ignored.
W: Adm-4001: Attribute 'PAP_ARC_LOAD_ON_DEMAND' is not supported. It is ignored.
W: Adm-4001: Attribute 'PAP_ARC_LOAD_ON_DEMAND' is not supported. It is ignored.
W: Adm-4001: Attribute 'PAP_ARC_LOAD_ON_DEMAND' is not supported. It is ignored.
W: Adm-4001: Attribute 'PAP_ARC_LOAD_ON_DEMAND' is not supported. It is ignored.
W: Adm-4001: Attribute 'PAP_ARC_LOAD_ON_DEMAND' is not supported. It is ignored.
W: Adm-4001: Attribute 'PAP_ARC_LOAD_ON_DEMAND' is not supported. It is ignored.
W: Adm-4001: Attribute 'PAP_ARC_LOAD_ON_DEMAND' is not supported. It is ignored.
W: Adm-4001: Attribute 'PAP_ARC_LOAD_ON_DEMAND' is not supported. It is ignored.
W: Adm-4001: Attribute 'PAP_ARC_LOAD_ON_DEMAND' is not supported. It is ignored.
W: Adm-4001: Attribute 'PAP_ARC_LOAD_ON_DEMAND' is not supported. It is ignored.
W: Adm-4001: Attribute 'PAP_ARC_LOAD_ON_DEMAND' is not supported. It is ignored.
W: Adm-4001: Attribute 'PAP_ARC_LOAD_ON_DEMAND' is not supported. It is ignored.
W: Adm-4001: Attribute 'PAP_ARC_LOAD_ON_DEMAND' is not supported. It is ignored.
W: Adm-4001: Attribute 'PAP_ARC_LOAD_ON_DEMAND' is not supported. It is ignored.
W: Adm-4001: Attribute 'PAP_ARC_LOAD_ON_DEMAND' is not supported. It is ignored.
W: Adm-4001: Attribute 'PAP_ARC_LOAD_ON_DEMAND' is not supported. It is ignored.
W: Adm-4001: Attribute 'PAP_ARC_LOAD_ON_DEMAND' is not supported. It is ignored.
W: Adm-4001: Attribute 'PAP_ARC_LOAD_ON_DEMAND' is not supported. It is ignored.
W: Adm-4001: Attribute 'PAP_ARC_LOAD_ON_DEMAND' is not supported. It is ignored.
W: Adm-4001: Attribute 'PAP_ARC_LOAD_ON_DEMAND' is not supported. It is ignored.
W: Adm-4001: Attribute 'PAP_ARC_LOAD_ON_DEMAND' is not supported. It is ignored.
W: Adm-4001: Attribute 'PAP_ARC_LOAD_ON_DEMAND' is not supported. It is ignored.
W: Adm-4001: Attribute 'PAP_ARC_LOAD_ON_DEMAND' is not supported. It is ignored.
W: Adm-4001: Attribute 'PAP_ARC_LOAD_ON_DEMAND' is not supported. It is ignored.
W: Adm-4001: Attribute 'PAP_ARC_LOAD_ON_DEMAND' is not supported. It is ignored.
W: Adm-4001: Attribute 'PAP_ARC_LOAD_ON_DEMAND' is not supported. It is ignored.
W: Adm-4001: Attribute 'PAP_ARC_LOAD_ON_DEMAND' is not supported. It is ignored.
W: Adm-4001: Attribute 'PAP_ARC_LOAD_ON_DEMAND' is not supported. It is ignored.
W: Adm-4001: Attribute 'PAP_ARC_LOAD_ON_DEMAND' is not supported. It is ignored.
W: Adm-4001: Attribute 'PAP_ARC_LOAD_ON_DEMAND' is not supported. It is ignored.
W: Adm-4001: Attribute 'PAP_ARC_LOAD_ON_DEMAND' is not supported. It is ignored.
W: Adm-4001: Attribute 'PAP_ARC_LOAD_ON_DEMAND' is not supported. It is ignored.
W: Adm-4001: Attribute 'PAP_ARC_LOAD_ON_DEMAND' is not supported. It is ignored.
W: Adm-4001: Attribute 'PAP_ARC_LOAD_ON_DEMAND' is not supported. It is ignored.
W: Adm-4001: Attribute 'PAP_ARC_LOAD_ON_DEMAND' is not supported. It is ignored.
W: Adm-4001: Attribute 'PAP_ARC_LOAD_ON_DEMAND' is not supported. It is ignored.
W: Adm-4001: Attribute 'PAP_ARC_LOAD_ON_DEMAND' is not supported. It is ignored.
W: Adm-4001: Attribute 'PAP_ARC_LOAD_ON_DEMAND' is not supported. It is ignored.
W: Adm-4001: Attribute 'PAP_ARC_LOAD_ON_DEMAND' is not supported. It is ignored.
W: Adm-4001: Attribute 'PAP_ARC_LOAD_ON_DEMAND' is not supported. It is ignored.
W: Adm-4001: Attribute 'PAP_ARC_LOAD_ON_DEMAND' is not supported. It is ignored.
W: Adm-4001: Attribute 'PAP_ARC_LOAD_ON_DEMAND' is not supported. It is ignored.
W: Adm-4001: Attribute 'PAP_ARC_LOAD_ON_DEMAND' is not supported. It is ignored.
W: Adm-4001: Attribute 'PAP_ARC_LOAD_ON_DEMAND' is not supported. It is ignored.
W: Adm-4001: Attribute 'PAP_ARC_LOAD_ON_DEMAND' is not supported. It is ignored.
W: Adm-4001: Attribute 'PAP_ARC_LOAD_ON_DEMAND' is not supported. It is ignored.
W: Adm-4001: Attribute 'PAP_ARC_LOAD_ON_DEMAND' is not supported. It is ignored.
W: Adm-4001: Attribute 'PAP_ARC_LOAD_ON_DEMAND' is not supported. It is ignored.
W: Adm-4001: Attribute 'PAP_ARC_LOAD_ON_DEMAND' is not supported. It is ignored.
W: Adm-4001: Attribute 'PAP_ARC_LOAD_ON_DEMAND' is not supported. It is ignored.
W: Adm-4001: Attribute 'PAP_ARC_LOAD_ON_DEMAND' is not supported. It is ignored.
W: Adm-4001: Attribute 'PAP_ARC_LOAD_ON_DEMAND' is not supported. It is ignored.
W: Adm-4001: Attribute 'PAP_ARC_LOAD_ON_DEMAND' is not supported. It is ignored.
W: Adm-4001: Attribute 'PAP_ARC_LOAD_ON_DEMAND' is not supported. It is ignored.
W: Adm-4001: Attribute 'PAP_ARC_LOAD_ON_DEMAND' is not supported. It is ignored.
W: Adm-4001: Attribute 'PAP_ARC_LOAD_ON_DEMAND' is not supported. It is ignored.
W: Adm-4001: Attribute 'PAP_ARC_LOAD_ON_DEMAND' is not supported. It is ignored.
W: Adm-4001: Attribute 'PAP_ARC_LOAD_ON_DEMAND' is not supported. It is ignored.
W: Adm-4001: Attribute 'PAP_ARC_LOAD_ON_DEMAND' is not supported. It is ignored.
W: Adm-4001: Attribute 'PAP_ARC_LOAD_ON_DEMAND' is not supported. It is ignored.
W: Adm-4001: Attribute 'PAP_ARC_LOAD_ON_DEMAND' is not supported. It is ignored.
W: Adm-4001: Attribute 'PAP_ARC_LOAD_ON_DEMAND' is not supported. It is ignored.
W: Adm-4001: Attribute 'PAP_ARC_LOAD_ON_DEMAND' is not supported. It is ignored.
W: Adm-4001: Attribute 'PAP_ARC_LOAD_ON_DEMAND' is not supported. It is ignored.
W: Adm-4001: Attribute 'PAP_ARC_LOAD_ON_DEMAND' is not supported. It is ignored.
W: Adm-4001: Attribute 'PAP_ARC_LOAD_ON_DEMAND' is not supported. It is ignored.
W: Adm-4001: Attribute 'PAP_ARC_LOAD_ON_DEMAND' is not supported. It is ignored.
W: Adm-4001: Attribute 'PAP_ARC_LOAD_ON_DEMAND' is not supported. It is ignored.
W: Adm-4001: Attribute 'PAP_ARC_LOAD_ON_DEMAND' is not supported. It is ignored.
W: Adm-4001: Attribute 'PAP_ARC_LOAD_ON_DEMAND' is not supported. It is ignored.
W: Adm-4001: Attribute 'PAP_ARC_LOAD_ON_DEMAND' is not supported. It is ignored.
W: Adm-4001: Attribute 'PAP_ARC_LOAD_ON_DEMAND' is not supported. It is ignored.
W: Adm-4001: Attribute 'PAP_ARC_LOAD_ON_DEMAND' is not supported. It is ignored.
W: Adm-4001: Attribute 'PAP_ARC_LOAD_ON_DEMAND' is not supported. It is ignored.
W: Adm-4001: Attribute 'PAP_ARC_LOAD_ON_DEMAND' is not supported. It is ignored.
W: Adm-4001: Attribute 'PAP_ARC_LOAD_ON_DEMAND' is not supported. It is ignored.
W: Adm-4001: Attribute 'PAP_ARC_LOAD_ON_DEMAND' is not supported. It is ignored.
W: Adm-4001: Attribute 'PAP_ARC_LOAD_ON_DEMAND' is not supported. It is ignored.
W: Adm-4001: Attribute 'PAP_ARC_LOAD_ON_DEMAND' is not supported. It is ignored.
W: Adm-4001: Attribute 'PAP_ARC_LOAD_ON_DEMAND' is not supported. It is ignored.
W: Adm-4001: Attribute 'PAP_ARC_LOAD_ON_DEMAND' is not supported. It is ignored.
W: Adm-4001: Attribute 'PAP_ARC_LOAD_ON_DEMAND' is not supported. It is ignored.
W: Adm-4001: Attribute 'PAP_ARC_LOAD_ON_DEMAND' is not supported. It is ignored.
W: Adm-4001: Attribute 'PAP_ARC_LOAD_ON_DEMAND' is not supported. It is ignored.
W: Adm-4001: Attribute 'PAP_ARC_LOAD_ON_DEMAND' is not supported. It is ignored.
W: Adm-4001: Attribute 'PAP_ARC_LOAD_ON_DEMAND' is not supported. It is ignored.
W: Adm-4001: Attribute 'PAP_ARC_LOAD_ON_DEMAND' is not supported. It is ignored.
W: Adm-4001: Attribute 'PAP_ARC_LOAD_ON_DEMAND' is not supported. It is ignored.
W: Adm-4001: Attribute 'PAP_ARC_LOAD_ON_DEMAND' is not supported. It is ignored.
W: Adm-4001: Attribute 'PAP_ARC_LOAD_ON_DEMAND' is not supported. It is ignored.
W: Adm-4001: Attribute 'PAP_ARC_LOAD_ON_DEMAND' is not supported. It is ignored.
W: Adm-4001: Attribute 'PAP_ARC_LOAD_ON_DEMAND' is not supported. It is ignored.
W: Adm-4001: Attribute 'PAP_ARC_LOAD_ON_DEMAND' is not supported. It is ignored.
W: Adm-4001: Attribute 'PAP_ARC_LOAD_ON_DEMAND' is not supported. It is ignored.
W: Adm-4001: Attribute 'PAP_ARC_LOAD_ON_DEMAND' is not supported. It is ignored.
W: Adm-4001: Attribute 'PAP_ARC_LOAD_ON_DEMAND' is not supported. It is ignored.
W: Adm-4001: Attribute 'PAP_ARC_LOAD_ON_DEMAND' is not supported. It is ignored.
W: Adm-4001: Attribute 'PAP_ARC_LOAD_ON_DEMAND' is not supported. It is ignored.
W: Adm-4001: Attribute 'PAP_ARC_LOAD_ON_DEMAND' is not supported. It is ignored.
W: Adm-4001: Attribute 'PAP_ARC_LOAD_ON_DEMAND' is not supported. It is ignored.
W: Adm-4001: Attribute 'PAP_ARC_LOAD_ON_DEMAND' is not supported. It is ignored.
W: Adm-4001: Attribute 'PAP_ARC_LOAD_ON_DEMAND' is not supported. It is ignored.
W: Adm-4001: Attribute 'PAP_ARC_LOAD_ON_DEMAND' is not supported. It is ignored.
W: Adm-4001: Attribute 'PAP_ARC_LOAD_ON_DEMAND' is not supported. It is ignored.
W: Adm-4001: Attribute 'PAP_ARC_LOAD_ON_DEMAND' is not supported. It is ignored.
W: Adm-4001: Attribute 'PAP_ARC_LOAD_ON_DEMAND' is not supported. It is ignored.
W: Adm-4001: Attribute 'PAP_ARC_LOAD_ON_DEMAND' is not supported. It is ignored.
W: Adm-4001: Attribute 'PAP_ARC_LOAD_ON_DEMAND' is not supported. It is ignored.
W: Adm-4001: Attribute 'PAP_ARC_LOAD_ON_DEMAND' is not supported. It is ignored.
W: Adm-4001: Attribute 'PAP_ARC_LOAD_ON_DEMAND' is not supported. It is ignored.
W: Adm-4001: Attribute 'PAP_ARC_LOAD_ON_DEMAND' is not supported. It is ignored.
W: Adm-4001: Attribute 'PAP_ARC_LOAD_ON_DEMAND' is not supported. It is ignored.
W: Adm-4001: Attribute 'PAP_ARC_LOAD_ON_DEMAND' is not supported. It is ignored.
W: Adm-4001: Attribute 'PAP_ARC_LOAD_ON_DEMAND' is not supported. It is ignored.
W: Adm-4001: Attribute 'PAP_ARC_LOAD_ON_DEMAND' is not supported. It is ignored.
W: Adm-4001: Attribute 'PAP_ARC_LOAD_ON_DEMAND' is not supported. It is ignored.
W: Adm-4001: Attribute 'PAP_ARC_LOAD_ON_DEMAND' is not supported. It is ignored.
W: Adm-4001: Attribute 'PAP_ARC_LOAD_ON_DEMAND' is not supported. It is ignored.
W: Adm-4001: Attribute 'PAP_ARC_LOAD_ON_DEMAND' is not supported. It is ignored.
W: Adm-4001: Attribute 'PAP_ARC_LOAD_ON_DEMAND' is not supported. It is ignored.
W: Adm-4001: Attribute 'PAP_ARC_LOAD_ON_DEMAND' is not supported. It is ignored.
W: Adm-4001: Attribute 'PAP_ARC_LOAD_ON_DEMAND' is not supported. It is ignored.
W: Adm-4001: Attribute 'PAP_ARC_LOAD_ON_DEMAND' is not supported. It is ignored.
W: Adm-4001: Attribute 'PAP_ARC_LOAD_ON_DEMAND' is not supported. It is ignored.
W: Adm-4001: Attribute 'PAP_ARC_LOAD_ON_DEMAND' is not supported. It is ignored.
W: Adm-4001: Attribute 'PAP_ARC_LOAD_ON_DEMAND' is not supported. It is ignored.
W: Adm-4001: Attribute 'PAP_ARC_LOAD_ON_DEMAND' is not supported. It is ignored.
W: Adm-4001: Attribute 'PAP_ARC_LOAD_ON_DEMAND' is not supported. It is ignored.
W: Adm-4001: Attribute 'PAP_ARC_LOAD_ON_DEMAND' is not supported. It is ignored.
W: Adm-4001: Attribute 'PAP_ARC_LOAD_ON_DEMAND' is not supported. It is ignored.
W: Adm-4001: Attribute 'PAP_ARC_LOAD_ON_DEMAND' is not supported. It is ignored.
W: Adm-4001: Attribute 'PAP_ARC_LOAD_ON_DEMAND' is not supported. It is ignored.
W: Adm-4001: Attribute 'PAP_ARC_LOAD_ON_DEMAND' is not supported. It is ignored.
W: Adm-4001: Attribute 'PAP_ARC_LOAD_ON_DEMAND' is not supported. It is ignored.
W: Adm-4001: Attribute 'PAP_ARC_LOAD_ON_DEMAND' is not supported. It is ignored.
W: Adm-4001: Attribute 'PAP_ARC_LOAD_ON_DEMAND' is not supported. It is ignored.
W: Adm-4001: Attribute 'PAP_ARC_LOAD_ON_DEMAND' is not supported. It is ignored.
W: Adm-4001: Attribute 'PAP_ARC_LOAD_ON_DEMAND' is not supported. It is ignored.
W: Adm-4001: Attribute 'PAP_ARC_LOAD_ON_DEMAND' is not supported. It is ignored.
W: Adm-4001: Attribute 'PAP_ARC_LOAD_ON_DEMAND' is not supported. It is ignored.
W: Adm-4001: Attribute 'PAP_ARC_LOAD_ON_DEMAND' is not supported. It is ignored.
W: Adm-4001: Attribute 'PAP_ARC_LOAD_ON_DEMAND' is not supported. It is ignored.
W: Adm-4001: Attribute 'PAP_ARC_LOAD_ON_DEMAND' is not supported. It is ignored.
W: Adm-4001: Attribute 'PAP_ARC_LOAD_ON_DEMAND' is not supported. It is ignored.
W: Adm-4001: Attribute 'PAP_ARC_LOAD_ON_DEMAND' is not supported. It is ignored.
W: Adm-4001: Attribute 'PAP_ARC_LOAD_ON_DEMAND' is not supported. It is ignored.
W: Adm-4001: Attribute 'PAP_ARC_LOAD_ON_DEMAND' is not supported. It is ignored.
W: Adm-4001: Attribute 'PAP_ARC_LOAD_ON_DEMAND' is not supported. It is ignored.
W: Adm-4001: Attribute 'PAP_ARC_LOAD_ON_DEMAND' is not supported. It is ignored.
W: Adm-4001: Attribute 'PAP_ARC_LOAD_ON_DEMAND' is not supported. It is ignored.
W: Adm-4001: Attribute 'PAP_ARC_LOAD_ON_DEMAND' is not supported. It is ignored.
W: Adm-4001: Attribute 'PAP_ARC_LOAD_ON_DEMAND' is not supported. It is ignored.
W: Adm-4001: Attribute 'PAP_ARC_LOAD_ON_DEMAND' is not supported. It is ignored.
W: Adm-4001: Attribute 'PAP_ARC_LOAD_ON_DEMAND' is not supported. It is ignored.
W: Adm-4001: Attribute 'PAP_ARC_LOAD_ON_DEMAND' is not supported. It is ignored.
W: Adm-4001: Attribute 'PAP_ARC_LOAD_ON_DEMAND' is not supported. It is ignored.
W: Adm-4001: Attribute 'PAP_ARC_LOAD_ON_DEMAND' is not supported. It is ignored.
W: Adm-4001: Attribute 'PAP_ARC_LOAD_ON_DEMAND' is not supported. It is ignored.
W: Adm-4001: Attribute 'PAP_ARC_LOAD_ON_DEMAND' is not supported. It is ignored.
W: Adm-4001: Attribute 'PAP_ARC_LOAD_ON_DEMAND' is not supported. It is ignored.
W: Adm-4001: Attribute 'PAP_ARC_LOAD_ON_DEMAND' is not supported. It is ignored.
W: Adm-4001: Attribute 'PAP_ARC_LOAD_ON_DEMAND' is not supported. It is ignored.
W: Adm-4001: Attribute 'PAP_ARC_LOAD_ON_DEMAND' is not supported. It is ignored.
Compiling verification operator library.
