#Build: Fabric Compiler 2022.2-SP6.4, Build 146967, Jan 31 01:39 2024
#Install: C:\pango\PDS_2022.2-SP6.4\bin
#Application name: pds_shell.exe
#OS: Windows 10 10.0.22631
#Hostname: DESKTOP-VB8TKRO
Generated by Fabric Compiler (version 2022.2-SP6.4 build 146967) at Tue Jul 14 14:30:21 2026
Executing command action 'cmd_report_power'
Compiling verification operator library.
Compiling common defs.
Compiling prim grid devices.
Compiling gate devices.
Compiling gate operators.
Building architecture model.
Loading device packaging model.
I: The power model of the device is Post-silicon
Reading design from pnr DB.
Start: Report Power
Report Power...
Report Power successfully.
Action report_power: Real time elapsed is 0h:1m:25s
Action report_power: CPU time elapsed is 0h:0m:31s
Action report_power: Process CPU time elapsed is 0h:0m:31s
Current time: Tue Jul 14 14:31:44 2026
Action report_power: Peak memory pool usage is 3,689 MB
